04-11 16:13:16.686  3664  3675 I zygote64: Do full code cache collection, code=124KB, data=79KB
04-11 16:13:16.686  3664  3675 I zygote64: After code cache collection, code=68KB, data=42KB
04-11 16:13:16.730  2262  2262 I TelecomFramework: PstnIncomingCallNotifier: Unregistering: Handler (com.android.internal.telephony.GsmCdmaPhone) {f0b3e8e}
04-11 16:13:16.748   818  1892 I Telecom : PhoneAccountRegistrar: Modify account: [ComponentInfo{com.android.phone/com.android.services.telephony.TelephonyConnectionService}, [****], UserHandle{0}(addr: tel:********** -> tel:)(subAddr: tel:********** -> tel:)]: TSI.rPA@ADI
04-11 16:13:16.752  2262  2262 I TelecomFramework: AccountEntry: Registered phoneAccount: [[ ] PhoneAccount: ComponentInfo{com.android.phone/com.android.services.telephony.TelephonyConnectionService}, [****], UserHandle{0} Capabilities: CallProvider MultiUser PlaceEmerg SimSub  Audio Routes: BESW Schemes: tel voicemail  Extras: Bundle[{android.telecom.extra.SUPPORTS_VIDEO_CALLING_FALLBACK=false}] GroupId: [****]] with handle: ComponentInfo{com.android.phone/com.android.services.telephony.TelephonyConnectionService}, [****], UserHandle{0}
04-11 16:13:16.752  2262  2262 I TelecomFramework: PstnIncomingCallNotifier: Registering: Handler (com.android.internal.telephony.GsmCdmaPhone) {f0b3e8e}
04-11 16:13:16.756  2262  2262 I ImsExternalCallTracker: handleVideoCapabilitiesChanged : isVideoCapable = false
04-11 16:13:16.756  2262  2262 D ImsExternalCallTracker: refreshCallPullState
04-11 16:13:16.756  2262  2262 I TelecomFramework: PstnPhoneCapabilitiesNotifier: handleVideoCapabilitesChanged. Video capability - false
04-11 16:13:16.776   818  3166 I Telecom : PhoneAccountRegistrar: Modify account: [ComponentInfo{com.android.phone/com.android.services.telephony.TelephonyConnectionService}, [****], UserHandle{0}]: TSI.rPA@ADU
04-11 16:13:16.781  4641  4854 I MessagingAppDataModel: SyncMessagesAction: Starting batch for messages from 1523477336521 to 1523477596336 (message update limit = 80, message scan limit = 4000)
04-11 16:13:16.840  3780  3780 I Finsky  : [2] com.google.android.finsky.scheduler.p.a(22): Scheduling fallback in 43199989 (absolute: 43245934)
04-11 16:13:16.848  3780  3780 I Finsky  : [2] com.google.android.finsky.scheduler.p.a(22): Scheduling fallback in 64799993 (absolute: 64845953)
04-11 16:13:16.901   818  3177 I ActivityManager: Start proc 4866:com.google.android.apps.turbo/u0a48 for broadcast com.google.android.apps.turbo/.battery.BatteryChangedReceiver
04-11 16:13:17.030  4641  4871 I MessagingAppDataModel: SyncMessagesAction: All messages now in sync
04-11 16:13:17.051  4641  4777 W MessagingApp: canonicalizeMccMnc: invalid mccmnc:null ,null
04-11 16:13:17.186   818  3174 D MmsServiceBroker: getCarrierConfigValues() by com.android.messaging
04-11 16:13:17.186   818  3174 W MmsServiceBroker: MmsService not connected. Try connecting...
04-11 16:13:17.187   818   818 I MmsServiceBroker: Connecting to MmsService
04-11 16:13:17.187   818   818 W ContextImpl: Calling a method in the system process without a qualified user: android.app.ContextImpl.bindService:1556 com.android.server.MmsServiceBroker.tryConnecting:241 com.android.server.MmsServiceBroker.-wrap3:0 com.android.server.MmsServiceBroker$1.handleMessage:83 android.os.Handler.dispatchMessage:106 
04-11 16:13:17.211  2262  2262 D MmsService: onCreate
04-11 16:13:17.219   818   818 I MmsServiceBroker: MmsService connected
04-11 16:13:17.219  2262  2262 I MmsService: MmsConfigManager receiver action: android.intent.action.SIM_STATE_CHANGED
04-11 16:13:17.221  2262  2561 D MmsService: getCarrierConfigValues
04-11 16:13:17.221  2262  2262 I MmsService: MmsConfigManager receiver action: android.telephony.action.CARRIER_CONFIG_CHANGED
04-11 16:13:17.221  2262  2561 I MmsService: mms config for sub 1: null
04-11 16:13:17.222  2262  4885 I MmsService: MmsConfigManager loads in background mcc/mnc: 311/480
04-11 16:13:17.223  4641  4777 I MessagingApp: Carrier configs loaded: Bundle[{aliasMinChars=2, smsToMmsTextThreshold=7, enabledTransID=true, aliasEnabled=true, allowAttachAudio=false, recipientLimit=20, uaProfTagName=Profile, aliasMaxChars=48, maxImageHeight=1944, maxSubjectLength=80, httpParams=x-up-calling-line-id: 1##LINE1NOCOUNTRYCODE##|X-VzW-MDN: 1##LINE1NOCOUNTRYCODE##, emailGatewayNumber=6245, maxMessageSize=1258291, enableMMSReadReports=false, maxImageWidth=2592, enabledNotifyWapMMSC=true, enableMultipartSMS=true}] from resources+system for subId=1
04-11 16:13:17.223  2262  4886 I MmsService: MmsConfigManager loads in background mcc/mnc: 311/480
04-11 16:13:17.223  2262  4887 I MmsService: MmsConfigManager loads in background mcc/mnc: 311/480
04-11 16:13:17.225  4641  4805 W zygote64: Long monitor contention with owner Thread-2 (4777) at void com.android.messaging.sms.r.load()(SourceFile:-1) waiters=0 in void com.android.messaging.sms.r.load() for 716ms
04-11 16:13:17.233  4641  4805 W MessagingApp: canonicalizeMccMnc: invalid mccmnc:null ,null
04-11 16:13:17.235   818  1892 D MmsServiceBroker: getCarrierConfigValues() by com.android.messaging
04-11 16:13:17.235  2262  2296 D MmsService: getCarrierConfigValues
04-11 16:13:17.235  2262  2296 I MmsService: mms config for sub 1: Bundle[{httpSocketTimeout=60000, aliasMinChars=2, smsToMmsTextThreshold=7, enableSMSDeliveryReports=true, maxMessageTextSize=-1, supportMmsContentDisposition=true, enabledTransID=true, aliasEnabled=true, supportHttpCharsetHeader=false, allowAttachAudio=false, smsToMmsTextLengthThreshold=-1, recipientLimit=20, uaProfTagName=Profile, aliasMaxChars=48, maxImageHeight=1944, enableMMSDeliveryReports=false, userAgent=, mmsCloseConnection=true, config_cellBroadcastAppLinks=true, maxSubjectLength=80, httpParams=x-up-calling-line-id: 1##LINE1NOCOUNTRYCODE##|X-VzW-MDN: 1##LINE1NOCOUNTRYCODE##, enableGroupMms=true, emailGatewayNumber=6245, maxMessageSize=1258291, naiSuffix=, enableMMSReadReports=false, maxImageWidth=2592, uaProfUrl=, enabledMMS=true, enabledNotifyWapMMSC=true, sendMultipartSmsAsSeparateMessages=false, enableMultipartSMS=true}]
04-11 16:13:17.239  4641  4805 I MessagingApp: Carrier configs loaded: Bundle[{httpSocketTimeout=60000, aliasMinChars=2, smsToMmsTextThreshold=7, enableSMSDeliveryReports=true, maxMessageTextSize=-1, supportMmsContentDisposition=true, enabledTransID=true, aliasEnabled=true, supportHttpCharsetHeader=false, allowAttachAudio=false, smsToMmsTextLengthThreshold=-1, recipientLimit=20, uaProfTagName=Profile, aliasMaxChars=48, maxImageHeight=1944, enableMMSDeliveryReports=false, userAgent=, mmsCloseConnection=true, config_cellBroadcastAppLinks=true, maxSubjectLength=80, httpParams=x-up-calling-line-id: 1##LINE1NOCOUNTRYCODE##|X-VzW-MDN: 1##LINE1NOCOUNTRYCODE##, enableGroupMms=true, emailGatewayNumber=6245, maxMessageSize=1258291, naiSuffix=, enableMMSReadReports=false, maxImageWidth=2592, uaProfUrl=, enabledMMS=true, enabledNotifyWapMMSC=true, sendMultipartSmsAsSeparateMessages=false, enableMultipartSMS=true}] from resources+system for subId=1
04-11 16:13:17.248  4641  4803 W MessagingApp: canonicalizeMccMnc: invalid mccmnc:null ,null
04-11 16:13:17.253   818  3183 D MmsServiceBroker: getCarrierConfigValues() by com.android.messaging
04-11 16:13:17.253  2262  2294 D MmsService: getCarrierConfigValues
04-11 16:13:17.253  2262  2294 I MmsService: mms config for sub 1: Bundle[{httpSocketTimeout=60000, aliasMinChars=2, smsToMmsTextThreshold=7, enableSMSDeliveryReports=true, maxMessageTextSize=-1, supportMmsContentDisposition=true, enabledTransID=true, aliasEnabled=true, supportHttpCharsetHeader=false, allowAttachAudio=false, smsToMmsTextLengthThreshold=-1, recipientLimit=20, uaProfTagName=Profile, aliasMaxChars=48, maxImageHeight=1944, enableMMSDeliveryReports=false, userAgent=, mmsCloseConnection=true, config_cellBroadcastAppLinks=true, maxSubjectLength=80, httpParams=x-up-calling-line-id: 1##LINE1NOCOUNTRYCODE##|X-VzW-MDN: 1##LINE1NOCOUNTRYCODE##, enableGroupMms=true, emailGatewayNumber=6245, maxMessageSize=1258291, naiSuffix=, enableMMSReadReports=false, maxImageWidth=2592, uaProfUrl=, enabledMMS=true, enabledNotifyWapMMSC=true, sendMultipartSmsAsSeparateMessages=false, enableMultipartSMS=true}]
04-11 16:13:17.254  4641  4803 I MessagingApp: Carrier configs loaded: Bundle[{httpSocketTimeout=60000, aliasMinChars=2, smsToMmsTextThreshold=7, enableSMSDeliveryReports=true, maxMessageTextSize=-1, supportMmsContentDisposition=true, enabledTransID=true, aliasEnabled=true, supportHttpCharsetHeader=false, allowAttachAudio=false, smsToMmsTextLengthThreshold=-1, recipientLimit=20, uaProfTagName=Profile, aliasMaxChars=48, maxImageHeight=1944, enableMMSDeliveryReports=false, userAgent=, mmsCloseConnection=true, config_cellBroadcastAppLinks=true, maxSubjectLength=80, httpParams=x-up-calling-line-id: 1##LINE1NOCOUNTRYCODE##|X-VzW-MDN: 1##LINE1NOCOUNTRYCODE##, enableGroupMms=true, emailGatewayNumber=6245, maxMessageSize=1258291, naiSuffix=, enableMMSReadReports=false, maxImageWidth=2592, uaProfUrl=, enabledMMS=true, enabledNotifyWapMMSC=true, sendMultipartSmsAsSeparateMessages=false, enableMultipartSMS=true}] from resources+system for subId=1
04-11 16:13:17.264  4641  4848 W MessagingApp: canonicalizeMccMnc: invalid mccmnc:null ,null
04-11 16:13:17.266   818  3196 D MmsServiceBroker: getCarrierConfigValues() by com.android.messaging
04-11 16:13:17.266  2262  3736 D MmsService: getCarrierConfigValues
04-11 16:13:17.267  2262  3736 I MmsService: mms config for sub 1: Bundle[{httpSocketTimeout=60000, aliasMinChars=2, smsToMmsTextThreshold=7, enableSMSDeliveryReports=true, maxMessageTextSize=-1, supportMmsContentDisposition=true, enabledTransID=true, aliasEnabled=true, supportHttpCharsetHeader=false, allowAttachAudio=false, smsToMmsTextLengthThreshold=-1, recipientLimit=20, uaProfTagName=Profile, aliasMaxChars=48, maxImageHeight=1944, enableMMSDeliveryReports=false, userAgent=, mmsCloseConnection=true, config_cellBroadcastAppLinks=true, maxSubjectLength=80, httpParams=x-up-calling-line-id: 1##LINE1NOCOUNTRYCODE##|X-VzW-MDN: 1##LINE1NOCOUNTRYCODE##, enableGroupMms=true, emailGatewayNumber=6245, maxMessageSize=1258291, naiSuffix=, enableMMSReadReports=false, maxImageWidth=2592, uaProfUrl=, enabledMMS=true, enabledNotifyWapMMSC=true, sendMultipartSmsAsSeparateMessages=false, enableMultipartSMS=true}]
04-11 16:13:17.268  4641  4848 I MessagingApp: Carrier configs loaded: Bundle[{httpSocketTimeout=60000, aliasMinChars=2, smsToMmsTextThreshold=7, enableSMSDeliveryReports=true, maxMessageTextSize=-1, supportMmsContentDisposition=true, enabledTransID=true, aliasEnabled=true, supportHttpCharsetHeader=false, allowAttachAudio=false, smsToMmsTextLengthThreshold=-1, recipientLimit=20, uaProfTagName=Profile, aliasMaxChars=48, maxImageHeight=1944, enableMMSDeliveryReports=false, userAgent=, mmsCloseConnection=true, config_cellBroadcastAppLinks=true, maxSubjectLength=80, httpParams=x-up-calling-line-id: 1##LINE1NOCOUNTRYCODE##|X-VzW-MDN: 1##LINE1NOCOUNTRYCODE##, enableGroupMms=true, emailGatewayNumber=6245, maxMessageSize=1258291, naiSuffix=, enableMMSReadReports=false, maxImageWidth=2592, uaProfUrl=, enabledMMS=true, enabledNotifyWapMMSC=true, sendMultipartSmsAsSeparateMessages=false, enableMultipartSMS=true}] from resources+system for subId=1
04-11 16:13:17.350  4021  4038 I zygote64: Waiting for a blocking GC ProfileSaver
04-11 16:13:17.422   818  3166 W ActivityManager: Slow operation: 59ms so far, now at startProcess: returned from zygote!
04-11 16:13:17.422   818  3166 W ActivityManager: Slow operation: 59ms so far, now at startProcess: done updating battery stats
04-11 16:13:17.422   818  3166 W ActivityManager: Slow operation: 59ms so far, now at startProcess: building log message
04-11 16:13:17.422   818  3166 I ActivityManager: Start proc 4900:com.google.android.apps.wallpaper/u0a96 for broadcast com.google.android.apps.wallpaper/.module.GoogleAlarmInitializer
04-11 16:13:17.422   818  3166 W ActivityManager: Slow operation: 60ms so far, now at startProcess: starting to update pids map
04-11 16:13:17.422   818  3166 W ActivityManager: Slow operation: 60ms so far, now at startProcess: done updating pids map
04-11 16:13:17.422   818  3166 W ActivityManager: Slow operation: 61ms so far, now at startProcess: done starting proc!
04-11 16:13:17.486  4021  4038 I zygote64: WaitForGcToComplete blocked ProfileSaver on HeapTrim for 136.070ms
04-11 16:13:17.530  2262  4922 D ImsSenderRxr: [0017]> REQUEST_GET_IMS_CONFIG[SUB0]
04-11 16:13:17.530  2262  4922 D ImsSenderRxr: Message data: [0, 0, 0, 23, 11, 13, 17, 0, 0, 0, 16, 1, 24, 45, 32, 0, 8, 11, 16, 0, 29, 0, 0, 0, 0, 40, 0][SUB0]
04-11 16:13:17.537  2262  3581 D ImsSenderRxr:  Tag 17 2 45 0[SUB0]
04-11 16:13:17.537  2262  3581 D ImsSenderRxr: [0017]< REQUEST_GET_IMS_CONFIG 0[SUB0]
04-11 16:13:17.538  2262  3582 D ImsConfigImpl: Message received: what = 4
04-11 16:13:17.538  2262  3582 D ImsConfigImpl: Notifyall
04-11 16:13:17.540  2262  4922 D ImsSenderRxr: [0018]> REQUEST_GET_IMS_CONFIG[SUB0]
04-11 16:13:17.540  2262  4922 D ImsSenderRxr: Message data: [0, 0, 0, 23, 11, 13, 18, 0, 0, 0, 16, 1, 24, 45, 32, 0, 8, 11, 16, 0, 29, 0, 0, 0, 0, 40, 0][SUB0]
04-11 16:13:17.548  2262  3581 D ImsSenderRxr:  Tag 18 2 45 0[SUB0]
04-11 16:13:17.548  2262  3581 D ImsSenderRxr: [0018]< REQUEST_GET_IMS_CONFIG 0[SUB0]
04-11 16:13:17.548  2262  3582 D ImsConfigImpl: Message received: what = 4
04-11 16:13:17.549  2262  3582 D ImsConfigImpl: Notifyall
04-11 16:13:17.949   818  3174 I ActivityManager: Start proc 4939:com.google.android.configupdater/u0a46 for broadcast com.google.android.configupdater/.MainReceiver
04-11 16:13:18.023  4641  4803 W zygote64: Long monitor contention with owner AsyncTask #2 (4804) at java.util.HashMap$Node[] java.util.HashMap.resize()(HashMap.java:706) waiters=0 in java.util.zip.ZipEntry java.util.zip.ZipFile.getEntry(java.lang.String) for 627ms
04-11 16:13:18.493  4118  4131 I zygote64: Waiting for a blocking GC ProfileSaver
04-11 16:13:18.518   818   886 I ActivityManager: Start proc 4977:com.google.android.ext.services/u0a44 for service com.google.android.ext.services/android.ext.services.storage.CacheQuotaServiceImpl
04-11 16:13:18.570  4939  4939 E ConfigUpdater: ignoring update request
04-11 16:13:18.583  4118  4131 I zygote64: WaitForGcToComplete blocked ProfileSaver on HeapTrim for 89.905ms
04-11 16:13:18.605  4939  4939 E ConfigUpdater: ignoring update request
04-11 16:13:18.646   818   833 I ActivityManager: Killing 3063:com.google.android.deskclock/u0a66 (adj 906): empty #17
04-11 16:13:18.639  4939  4939 E ConfigUpdater: ignoring update request
04-11 16:13:18.647   818   875 I chatty  : uid=1000(system) ActivityManager expire 71 lines
04-11 16:13:18.662  4939  4939 E ConfigUpdater: ignoring update request
04-11 16:13:18.679  4939  4939 E ConfigUpdater: ignoring update request
04-11 16:13:18.688  3587  3587 E ConnectivityChangeRecei: Ignoring connectivity change
04-11 16:13:18.707  4939  4939 E ConfigUpdater: ignoring update request
04-11 16:13:18.717  4939  4939 I chatty  : uid=10046(com.google.android.configupdater) identical 1 line
04-11 16:13:18.736  4939  4939 E ConfigUpdater: ignoring update request
04-11 16:13:18.751  4939  4939 E ConfigUpdater: ignoring update request
04-11 16:13:18.768   818  1995 I ActivityManager: Start proc 5014:com.google.android.deskclock/u0a66 for broadcast com.google.android.deskclock/com.android.deskclock.AlarmInitReceiver
04-11 16:13:18.769   818  1995 I ActivityManager: Killing 3291:com.android.keychain/1000 (adj 906): empty #17
04-11 16:13:18.962  5014  5014 I GAv4    : Google Analytics 11.0.58 is starting up. To enable debug logging on a device run:
04-11 16:13:18.962  5014  5014 I GAv4    :   adb shell setprop log.tag.GAv4 DEBUG
04-11 16:13:18.962  5014  5014 I GAv4    :   adb logcat -s GAv4
04-11 16:13:19.012  5014  5014 I AlarmClock: AlarmInitReceiver android.intent.action.BOOT_COMPLETED
04-11 16:13:19.019   818  3154 I ActivityManager: Killing 2330:com.android.settings/1000 (adj 906): empty #17
04-11 16:13:19.097  2262  2586 D ImsSenderRxr: [0019]> REQUEST_GET_IMS_CONFIG[SUB0]
04-11 16:13:19.097  2262  2586 D ImsSenderRxr: Message data: [0, 0, 0, 23, 11, 13, 19, 0, 0, 0, 16, 1, 24, 45, 32, 0, 8, 11, 16, 0, 29, 0, 0, 0, 0, 40, 0][SUB0]
04-11 16:13:19.104  2262  3581 D ImsSenderRxr:  Tag 19 2 45 0[SUB0]
04-11 16:13:19.104  2262  3581 D ImsSenderRxr: [0019]< REQUEST_GET_IMS_CONFIG 0[SUB0]
04-11 16:13:19.104  2262  3582 D ImsConfigImpl: Message received: what = 4
04-11 16:13:19.104  2262  3582 D ImsConfigImpl: Notifyall
04-11 16:13:19.107  2262  2586 D ImsSenderRxr: [0020]> REQUEST_GET_IMS_CONFIG[SUB0]
04-11 16:13:19.107  2262  2586 D ImsSenderRxr: Message data: [0, 0, 0, 23, 11, 13, 20, 0, 0, 0, 16, 1, 24, 45, 32, 0, 8, 11, 16, 0, 29, 0, 0, 0, 0, 40, 0][SUB0]
04-11 16:13:19.110   818   887 W ActivityManager: setHasOverlayUi called on unknown pid: 2330
04-11 16:13:19.115  2262  3581 D ImsSenderRxr:  Tag 20 2 45 0[SUB0]
04-11 16:13:19.116  2262  3581 D ImsSenderRxr: [0020]< REQUEST_GET_IMS_CONFIG 0[SUB0]
04-11 16:13:19.116  2262  3582 D ImsConfigImpl: Message received: what = 4
04-11 16:13:19.116  2262  3582 D ImsConfigImpl: Notifyall
04-11 16:13:19.127  5014  5042 W GAv4    : AnalyticsReceiver is not registered or is disabled. Register the receiver for reliable dispatching on non-Google Play devices. See http://goo.gl/8Rd3yj for instructions.
04-11 16:13:19.320  4199  4225 I zygote64: Waiting for a blocking GC ProfileSaver
04-11 16:13:19.330  5014  5057 I AlarmClock: Started indexing all application data.
04-11 16:13:19.348  5014  5042 W GAv4    : CampaignTrackingReceiver is not registered, not exported or is disabled. Installation campaign tracking is not possible. See http://goo.gl/8Rd3yj for instructions.
04-11 16:13:19.351  5014  5042 W GAv4    : AnalyticsService not registered in the app manifest. Hits might not be delivered reliably. See http://goo.gl/8Rd3yj for instructions.
04-11 16:13:19.383  4199  4225 I zygote64: WaitForGcToComplete blocked ProfileSaver on HeapTrim for 63.147ms
04-11 16:13:19.504  3587  5056 I DynamiteModule: Considering local module com.google.android.gms.googlecertificates:4 and remote module com.google.android.gms.googlecertificates:4
04-11 16:13:19.504  3587  5056 I DynamiteModule: Selected local version of com.google.android.gms.googlecertificates
04-11 16:13:19.641  3314  3329 W zygote64: Suspending all threads took: 141.865ms
04-11 16:13:19.801  4261  4281 I zygote64: Waiting for a blocking GC ProfileSaver
04-11 16:13:19.848  3314  3314 I OpaEligibilityChecker: send OpaEligibilityChange broadcast to CommonBroadcastReceiver
04-11 16:13:19.920  3314  3314 I CustomTabsSyncTask: No Custom Tabs browser found.
04-11 16:13:19.924  3314  3314 I SpeakerIdMUpgradeTaskV2: App version upgraded to 300767407: running speaker ID model upgrade tasks v2.
04-11 16:13:19.980  4282  4332 I zygote64: Waiting for a blocking GC ProfileSaver
04-11 16:13:20.031  4282  4332 I zygote64: WaitForGcToComplete blocked ProfileSaver on HeapTrim for 50.752ms
04-11 16:13:20.215  4261  4281 I zygote64: WaitForGcToComplete blocked ProfileSaver on HeapTrim for 413.861ms
04-11 16:13:20.279  4261  4271 W zygote64: Suspending all threads took: 53.645ms
04-11 16:13:20.512  3587  5056 W ChimeraUtils: Non Chimera context
04-11 16:13:20.512  3587  5056 W ChimeraUtils: Non Chimera context
04-11 16:13:20.577  4467  4534 I zygote64: Waiting for a blocking GC ProfileSaver
04-11 16:13:20.584  4467  4534 I zygote64: WaitForGcToComplete blocked ProfileSaver on HeapTrim for 7.285ms
04-11 16:13:20.662  3587  5056 I Auth    : [WorkAccount] update authenticator enabled for boot or update
04-11 16:13:20.718  3081  5082 W WakefulBroadcastReceiv.: No active wake lock id #1
04-11 16:13:20.881  3081  3092 I Auth    : [WorkAccount] init work authenticator
04-11 16:13:20.915  3587  3600 I zygote64: Background concurrent copying GC freed 4524(604KB) AllocSpace objects, 0(0B) LOS objects, 49% free, 2MB/4MB, paused 163us total 196.300ms
04-11 16:13:20.955  5014  5063 W RingtoneManager: No READ_EXTERNAL_STORAGE permission, ignoring ringtones on ext storage
04-11 16:13:21.019  3587  4258 W DriveInitializer: Awaiting to be initialized
04-11 16:13:21.040  3587  5103 W DriveInitializer: Background init thread started
04-11 16:13:21.057  4641  4689 I zygote64: Waiting for a blocking GC ProfileSaver
04-11 16:13:21.185  3587  5107 W ChimeraUtils: Non Chimera context
04-11 16:13:21.185  3587  5107 W ChimeraUtils: Non Chimera context
04-11 16:13:21.196  3081  5110 I Auth    : [AccountStateSyncAdapter] performSync(account=<ELLIDED:1229747044>)
04-11 16:13:21.247  4641  4689 I zygote64: WaitForGcToComplete blocked ProfileSaver on HeapTrim for 190.000ms
04-11 16:13:21.271  3587  5101 I Backup  : [ComponentEnabler] Setting target components to enabled = true
04-11 16:13:21.271  3587  5108 I ContentMaintenance: Pruning caches...
04-11 16:13:21.290  2262  2587 D ImsSenderRxr: [0021]> REQUEST_GET_IMS_CONFIG[SUB0]
04-11 16:13:21.290  2262  2587 D ImsSenderRxr: Message data: [0, 0, 0, 23, 11, 13, 21, 0, 0, 0, 16, 1, 24, 45, 32, 0, 8, 11, 16, 0, 29, 0, 0, 0, 0, 40, 0][SUB0]
04-11 16:13:21.307  2262  3581 D ImsSenderRxr:  Tag 21 2 45 0[SUB0]
04-11 16:13:21.307  2262  3581 D ImsSenderRxr: [0021]< REQUEST_GET_IMS_CONFIG 0[SUB0]
04-11 16:13:21.307  2262  3582 D ImsConfigImpl: Message received: what = 4
04-11 16:13:21.307  2262  3582 D ImsConfigImpl: Notifyall
04-11 16:13:21.322  3587  5107 E BaseAppContext: Tried to stop global GMSCore RequestQueue. This is likely unintended, so ignoring.
04-11 16:13:21.326  2262  2587 D ImsSenderRxr: [0022]> REQUEST_GET_IMS_CONFIG[SUB0]
04-11 16:13:21.334  2262  2587 D ImsSenderRxr: Message data: [0, 0, 0, 23, 11, 13, 22, 0, 0, 0, 16, 1, 24, 45, 32, 0, 8, 11, 16, 0, 29, 0, 0, 0, 0, 40, 0][SUB0]
04-11 16:13:21.341  2262  3581 D ImsSenderRxr:  Tag 22 2 45 0[SUB0]
04-11 16:13:21.341  2262  3581 D ImsSenderRxr: [0022]< REQUEST_GET_IMS_CONFIG 0[SUB0]
04-11 16:13:21.342  2262  3582 D ImsConfigImpl: Message received: what = 4
04-11 16:13:21.342  2262  3582 D ImsConfigImpl: Notifyall
04-11 16:13:21.346  3587  5101 I Backup  : [ComponentEnabler] Setting source components to enabled = true
04-11 16:13:21.358   614   614 D NuPlayerDriver: NuPlayerDriver(0xe5727230) created, clientPid(5014)
04-11 16:13:21.359  3587  5101 I Backup  : [MigrateUtil] Found new selectBackupTransport API!
04-11 16:13:21.389  3587  5108 I ContentMaintenance: Internal cache bytes used: 0; limit: 100000000; download size: 0
04-11 16:13:21.399  3587  5108 I ContentMaintenance: Cache pruning complete.
04-11 16:13:21.404  3587  5108 I ContentMaintenance: Beginning garbage collection.
04-11 16:13:21.417  3587  5107 I Authzen : [AuthZenEventHandler] Handling event: android.intent.action.BOOT_COMPLETED
04-11 16:13:21.448  3587  5108 I RealtimeCacheCleanup: Beginning Realtime garbage collection.
04-11 16:13:21.454   614  5133 D GenericSource: FileSource remote
04-11 16:13:21.478  3587  5108 I RealtimeCacheCleanup: Finished Realtime garbage collection.
04-11 16:13:21.478  3587  5108 I ContentMaintenance: Finished garbage collection.
04-11 16:13:21.485   614  5128 D NuPlayerDriver: notifyListener_l(0xe5727230), (1, 0, 0, -1), loop setting(0, 0)
04-11 16:13:21.486  3587  5132 I Authzen : [PermitStore] Getting all permits...
04-11 16:13:21.498  3587  5103 W DriveInitializer: Background init thread ended
04-11 16:13:21.499  3587  5129 I PinnedContentDownloader: Started downloading pinned content.
04-11 16:13:21.512  3587  5132 I Authzen : [glh] Opening database auth.proximity.permit_store...
04-11 16:13:21.521  5014  5063 D Ringtone: Successfully created local player
04-11 16:13:21.532  3587  5137 I SystemUpdate: [Installation,ReceiverIntentOperation] Received intent: Intent { act=com.google.android.gms.update.BASE_MODULE_INIT cat=[targeted_intent_op_prefix:.update.control.ReceiverIntentOperation] cmp=com.google.android.gms/.chimera.GmsIntentOperationService }.
04-11 16:13:21.535  3587  5106 I Backup  : [PreLComponentEnabler] Disabling pre-L components
04-11 16:13:21.558  3314  3314 I UtteranceUpgradeTask: App version upgraded to 300767407: running speaker utterance upgrade tasks.
04-11 16:13:21.561  3314  3314 I UtteranceRenameTask: Utterances already renamed to new format. Abort task.
04-11 16:13:21.596   818  3166 I ActivityManager: Start proc 5145:com.google.android.onetimeinitializer/u0a31 for broadcast com.google.android.onetimeinitializer/.OneTimeInitializerReceiver
04-11 16:13:21.627   343   343 W /system/bin/hwservicemanager: getTransport: Cannot find entry android.hardware.vibrator@1.0::IVibrator/default in either framework or device manifest.
04-11 16:13:21.635  3587  3593 I zygote64: Do partial code cache collection, code=30KB, data=28KB
04-11 16:13:21.638  3587  5049 W ChimeraUtils: Non Chimera context
04-11 16:13:21.638  3587  5049 W ChimeraUtils: Non Chimera context
04-11 16:13:21.664   343   343 W /system/bin/hwservicemanager: getTransport: Cannot find entry android.hardware.vibrator@1.0::IVibrator/default in either framework or device manifest.
04-11 16:13:21.665  3587  5141 I Auth    : [FactoryResetProtectionManager] Updating data block with persistent device owner state null
04-11 16:13:21.670   818  5161 I chatty  : uid=1000 system_server expire 3 lines
04-11 16:13:21.695  3587  3593 I zygote64: After code cache collection, code=30KB, data=28KB
04-11 16:13:21.698  3587  3593 I zygote64: Increasing code cache capacity to 128KB
04-11 16:13:21.792  5145  5145 V OneTimeInitializerReceiver: OneTimeInitializerReceiver.onReceive
04-11 16:13:21.824  5145  5173 V OneTimeInitializer: OneTimeInitializer.initialize
04-11 16:13:21.843  3587  5129 I PinnedContentDownloader: Finished downloading pinned content.
04-11 16:13:21.869  5145  5173 V OneTimeInitializer: Already run, doing nothing.
04-11 16:13:21.872   818   818 I ActivityManager: Killing 3556:org.codeaurora.ims/1001 (adj 906): empty #17
04-11 16:13:21.891  3587  5141 I Auth    : [FactoryResetProtectionManager] Write complete, result: 102323.
04-11 16:13:21.895  3587  5141 I Auth    : [FRP,FrpUpdateIntentOperation] No frp data present in app restriction, using current google accounts.
04-11 16:13:21.898   818  1995 I ActivityManager: Start proc 5180:com.google.android.packageinstaller/u0a49 for broadcast com.google.android.packageinstaller/com.android.packageinstaller.TemporaryFileManager
04-11 16:13:21.907  3780  3981 I zygote  : Deoptimizing java.lang.String com.google.android.flib.log.a.a(java.lang.String, java.lang.Object[]) due to JIT inline cache
04-11 16:13:21.907  3780  3981 E Finsky  : [27] com.google.android.finsky.ap.c.a(34): Unable to build selector: /storage/emulated/0/Download/marketenvs.csv (No such file or directory)
04-11 16:13:21.937  3780  4054 I Finsky  : [58] com.google.android.finsky.cy.a.a.a.b(28): Triggered update for experiment package com.google.android.finsky.regular.
04-11 16:13:21.945  3587  5106 I ChromeSync: [Sync,SyncIntentOperation] Handling the intent: Intent { act=android.intent.action.BOOT_COMPLETED flg=0x9000010 cmp=com.google.android.gms/.chimera.GmsIntentOperationService (has extras) }.
04-11 16:13:21.951  3587  5141 I Auth    : [FactoryResetProtectionManager] Updating data block with 1 account ids. Lockscreen supported? true
04-11 16:13:21.967  3780  4043 I Finsky  : [55] com.google.android.finsky.cy.a.a.a.b(28): Triggered update for experiment package com.google.android.finsky.stable.
04-11 16:13:21.971  3780  4053 I Finsky  : [57] com.google.android.finsky.cy.a.a.a.b(28): Triggered update for experiment package com.google.android.finsky.regular.
04-11 16:13:22.043  3587  5137 W ChimeraUtils: Non Chimera context
04-11 16:13:22.045  3587  5137 I chatty  : uid=10030(com.google.android.gms) identical 3 lines
04-11 16:13:22.111  4866  4880 I zygote64: Waiting for a blocking GC ProfileSaver
04-11 16:13:22.147  3587  5141 I chatty  : uid=10030(com.google.android.gms) raService] idle expire 1 line
04-11 16:13:22.150  4866  4880 I zygote64: WaitForGcToComplete blocked ProfileSaver on HeapTrim for 39.144ms
04-11 16:13:22.197  3587  5165 I chatty  : uid=10030(com.google.android.gms) expire 1 line
04-11 16:13:22.229  3780  4053 E zygote  : The String#value field is not present on Android versions >= 6.0
04-11 16:13:22.317  3587  5124 I chatty  : uid=10030(com.google.android.gms) lowpool[2] expire 4 lines
04-11 16:13:22.395   818  3177 I ActivityManager: Start proc 5224:com.google.android.gms.unstable/u0a30 for service com.google.android.gms/.droidguard.DroidGuardService
04-11 16:13:22.418   818  2433 I ActivityManager: Killing 3863:org.lineageos.lineageparts/1000 (adj 906): empty #17
04-11 16:13:22.419  3314  3491 I ThreadRunner: setContextAndRunner
04-11 16:13:22.435   353   580 I Magisk  : proc_monitor: com.google.android.gms.unstable (PID=5224 ns=mnt:[4026547245])
04-11 16:13:22.436  3780  3780 I Finsky  : [2] com.google.android.finsky.wear.WearSupportService.onStartCommand(21): Starting WearSupportService for send_installed_apps
04-11 16:13:22.441  3780  3780 I Finsky  : [2] com.google.android.finsky.wear.ar.a(80): Connecting to wearable; initiated by: com.google.android.finsky.wear.WearSupportService
04-11 16:13:22.446  5232  5232 D Magisk  : hide_daemon: start unmount for pid=[5224]
04-11 16:13:22.446  5232  5232 D Magisk  : hide_utils: Cleaning magisk props
04-11 16:13:22.447  5232  5232 D Magisk  : resetprop: deleteprop [init.svc.magisk_pfs]
04-11 16:13:22.447  5232  5232 D Magisk  : resetprop: deleteprop [init.svc.magisk_pfsd]
04-11 16:13:22.447  5232  5232 D Magisk  : resetprop: deleteprop [init.svc.magisk_service]
04-11 16:13:22.448  5232  5232 D Magisk  : resetprop: deleteprop [ro.boottime.magisk_pfs]
04-11 16:13:22.448  5232  5232 D Magisk  : resetprop: deleteprop [ro.boottime.magisk_pfsd]
04-11 16:13:22.449  5232  5232 D Magisk  : resetprop: deleteprop [ro.boottime.magisk_service]
04-11 16:13:22.463   818  1359 I chatty  : uid=1000(system) InputDispatcher expire 24 lines
04-11 16:13:22.484  3081  3640 I chatty  : uid=10030(com.google.android.gms) highpool[3] expire 3 lines
04-11 16:13:22.487  5232  5232 D Magisk  : hide_daemon: Unmounted (/system/etc/init.d)
04-11 16:13:22.495  5232  5232 D Magisk  : hide_daemon: Unmounted (/system/etc/permissions)
04-11 16:13:22.498  5232  5232 D Magisk  : hide_daemon: Unmounted (/system/xbin)
04-11 16:13:22.498  5232  5232 D Magisk  : hide_daemon: Unmounted (/vendor/app)
04-11 16:13:22.499  5232  5232 D Magisk  : hide_daemon: Unmounted (/vendor/lib/soundfx)
04-11 16:13:22.499  5232  5232 D Magisk  : hide_daemon: Unmounted (/sbin)
04-11 16:13:22.500  5232  5232 D Magisk  : hide_daemon: Unmounted (/system/etc/audio_effects.conf)
04-11 16:13:22.500  5232  5232 D Magisk  : hide_daemon: Unmounted (/system/etc/hosts)
04-11 16:13:22.500  5232  5232 D Magisk  : hide_daemon: Unmounted (/vendor/etc/audio_effects.conf)
04-11 16:13:22.526  3587  5101 I chatty  : uid=10030(com.google.android.gms) expire 1 line
04-11 16:13:22.557  3780  4053 W zygote  : Long monitor contention with owner AsyncTask #3 (4054) at long android.database.sqlite.SQLiteConnection.nativePrepareStatement(long, java.lang.String)(SQLiteConnection.java:-2) waiters=0 in android.database.sqlite.SQLiteDatabase android.database.sqlite.SQLiteOpenHelper.getWritableDatabase() for 188ms
04-11 16:13:22.561  3780  4043 W zygote  : Long monitor contention with owner AsyncTask #3 (4054) at long android.database.sqlite.SQLiteConnection.nativePrepareStatement(long, java.lang.String)(SQLiteConnection.java:-2) waiters=1 in android.database.sqlite.SQLiteDatabase android.database.sqlite.SQLiteOpenHelper.getWritableDatabase() for 174ms
04-11 16:13:22.602  3587  3600 I chatty  : uid=10030(com.google.android.gms) HeapTaskDaemon expire 1 line
04-11 16:13:22.619  3780  4070 I Finsky  : [60] com.google.android.finsky.verifier.impl.as.a(6): Restoring notifications
04-11 16:13:22.668  3664  3681 I zygote64: Background concurrent copying GC freed 24444(2MB) AllocSpace objects, 24(480KB) LOS objects, 49% free, 4MB/8MB, paused 93us total 311.499ms
04-11 16:13:22.688  1866  1866 V DeadZone: consuming errant click: (202.0,21.0)
04-11 16:13:22.692  3780  3780 I Finsky  : [2] com.google.android.finsky.setup.bg.run(17): Handling intent Intent { dat=restoreservicev2://:/recovery cmp=com.android.vending/com.google.android.finsky.setup.RestoreServiceV2 (has extras) }
04-11 16:13:22.693  3780  3780 I Finsky  : [2] com.google.android.finsky.setup.RestoreServiceV2.e(140): Restore complete with 0 success and 0 failed.
04-11 16:13:22.746  3780  3780 I Finsky  : [2] com.google.android.finsky.verifier.impl.as.c(55): Done restoring notifications
04-11 16:13:22.778  3081  3081 I chatty  : uid=10030 com.google.android.gms.persistent expire 2 lines
04-11 16:13:22.814  3081  3460 I chatty  : uid=10030(com.google.android.gms) Binder:3081_4 expire 1 line
04-11 16:13:22.825  3780  3780 E Finsky  : [2] com.google.android.finsky.wear.au.a(3): onConnectionFailed: ConnectionResult{statusCode=API_UNAVAILABLE, resolution=null, message=null}
04-11 16:13:22.832  3780  3780 W Finsky  : [2] com.google.android.finsky.wear.cd.run(12): Dropping command=send_installed_apps due to Gms not connected
04-11 16:13:22.833  3780  3780 I Finsky  : [2] com.google.android.finsky.wear.WearSupportService.b(67): Stopping WearSupportService
04-11 16:13:22.837  3780  3801 I zygote  : Background concurrent copying GC freed 11813(1029KB) AllocSpace objects, 8(288KB) LOS objects, 49% free, 2MB/4MB, paused 660us total 213.211ms
04-11 16:13:22.873  3587  5212 I chatty  : uid=10030(com.google.android.gms) expire 1 line
04-11 16:13:22.888  3081  3081 I chatty  : uid=10030 com.google.android.gms.persistent expire 3 lines
04-11 16:13:22.956  5224  5224 I chatty  : uid=10030 com.google.android.gms.unstable expire 1 line
04-11 16:13:22.984  3664  3664 I zygote64: Deoptimizing void nextapp.fx.ui.j.u.a(java.util.List, java.lang.Object, boolean, int) due to JIT inline cache
04-11 16:13:23.023  5014  5057 D AppIndexApi: Logging objectbmx@dfb61e8
04-11 16:13:23.240  3587  3587 I chatty  : uid=10030(com.google.android.gms) expire 1 line
04-11 16:13:23.242  3587  5165 I chatty  : uid=10030(com.google.android.gms) expire 1 line
04-11 16:13:23.255  3587  5101 I chatty  : uid=10030(com.google.android.gms) expire 1 line
04-11 16:13:23.294  3587  5165 I chatty  : uid=10030(com.google.android.gms) expire 1 line
04-11 16:13:23.305  3587  5266 I chatty  : uid=10030(com.google.android.gms) highpool[3] expire 1 line
04-11 16:13:23.328   818   832 W ActivityManager: Slow operation: 55ms so far, now at startProcess: returned from zygote!
04-11 16:13:23.328   818   832 W ActivityManager: Slow operation: 56ms so far, now at startProcess: done updating battery stats
04-11 16:13:23.328   818   832 W ActivityManager: Slow operation: 56ms so far, now at startProcess: building log message
04-11 16:13:23.329   818   832 I ActivityManager: Start proc 5295:com.google.process.gapps/u0a97 for broadcast com.google.android.syncadapters.contacts/.ContactsSyncAdapterBroadcastReceiver
04-11 16:13:23.329   818   832 W ActivityManager: Slow operation: 56ms so far, now at startProcess: starting to update pids map
04-11 16:13:23.329   818   832 W ActivityManager: Slow operation: 56ms so far, now at startProcess: done updating pids map
04-11 16:13:23.329   818   832 W ActivityManager: Slow operation: 56ms so far, now at startProcess: done starting proc!
04-11 16:13:23.416  5224  5224 I chatty  : uid=10030 com.google.android.gms.unstable expire 4 lines
04-11 16:13:23.558  5295  5295 I GoogleHttpClient: GMS http client unavailable, use old client
04-11 16:13:23.563  3664  3664 W nextapp.fx: type=1400 audit(0.0:27): avc: denied { write } for name="busybox" dev="loop0" ino=30 scontext=u:r:untrusted_app_25:s0:c512,c768 tcontext=u:object_r:system_file:s0 tclass=file permissive=0
04-11 16:13:23.683   818  1995 I ActivityManager: Start proc 5325:com.lge.HiddenMenu/1000 for broadcast com.lge.HiddenMenu/.EntryBroadcastReceiver
04-11 16:13:23.702   818  3181 I ActivityManager: Killing 3258:com.android.printspooler/u0a92 (adj 906): empty #17
04-11 16:13:23.815  3780  4054 I Finsky  : [58] com.google.android.finsky.cy.a.a.a.b(73): Already at the latest configurations for experiment package com.google.android.finsky.regular.
04-11 16:13:23.867  5014  5028 I zygote64: Waiting for a blocking GC ProfileSaver
04-11 16:13:23.978  3780  4053 I Finsky  : [57] com.google.android.finsky.cy.a.k.a(7): Started reading experiment flags from file [v6B-2IolLQRBwrwPhscSaeg04As].
04-11 16:13:23.995  3780  4053 I Finsky  : [57] com.google.android.finsky.cy.a.k.a(44): Finished reading experiment flags from file [v6B-2IolLQRBwrwPhscSaeg04As].
04-11 16:13:23.995  3780  4053 I Finsky  : [57] com.google.android.finsky.cy.a.a.a.b(73): Already at the latest configurations for experiment package com.google.android.finsky.regular.
04-11 16:13:24.038  5325  5325 D EntryBroadcastReceiver: onReceive android.intent.action.BOOT_COMPLETED
04-11 16:13:24.038  3780  4043 I Finsky  : [55] com.google.android.finsky.cy.a.a.a.b(73): Already at the latest configurations for experiment package com.google.android.finsky.stable.
04-11 16:13:24.088   818  3183 I ActivityManager: Start proc 5357:com.android.keychain/1000 for service com.android.keychain/.KeyChainService
04-11 16:13:24.090   818  3181 I ActivityManager: Killing 4118:com.android.cellbroadcastreceiver/u0a8 (adj 906): empty #17
04-11 16:13:24.126  5014  5028 I zygote64: WaitForGcToComplete blocked ProfileSaver on HeapTrim for 259.669ms
04-11 16:13:24.132  5014  5022 V MediaPlayer: resetDrmState:  mDrmInfo=null mDrmProvisioningThread=null mPrepareDrmInProgress=false mActiveDrmScheme=false
04-11 16:13:24.132  5014  5022 V MediaPlayer: cleanDrmObj: mDrmObj=null mDrmSessionId=null
04-11 16:13:24.132   614   614 D NuPlayerDriver: reset(0xe5727230) at state 4
04-11 16:13:24.133   614   614 D NuPlayerDriver: notifyListener_l(0xe5727230), (8, 0, 0, -1), loop setting(1, 0)
04-11 16:13:24.135   614  5128 D NuPlayerDriver: notifyResetComplete(0xe5727230)
04-11 16:13:24.147   818  3174 I ActivityManager: Start proc 5369:com.qualcomm.telephony/1000 for broadcast com.qualcomm.atfwd/.AtFwdAutoboot
04-11 16:13:24.208  3587  5165 I chatty  : uid=10030(com.google.android.gms) expire 1 line
04-11 16:13:24.235   353  5390 D Magisk  : su: request from client: 18
04-11 16:13:24.236   353  5390 D Magisk  : su: request from uid=[10108] (#1)
04-11 16:13:24.240   353  5390 D Magisk  : su_db: query policy=[2]
04-11 16:13:24.257   353  5390 D Magisk  : su: waiting child: [5393]
04-11 16:13:24.263  5393  5393 D Magisk  : su: child process started
04-11 16:13:24.264  5393  5393 D Magisk  : su: argc=[1]
04-11 16:13:24.264  5393  5393 D Magisk  : su: argv[0]=[su]
04-11 16:13:24.264  5393  5393 D Magisk  : su: pts_slave=[]
04-11 16:13:24.264  5393  5393 D Magisk  : su: use namespace of pid=[5205]
04-11 16:13:24.288  3587  5077 I chatty  : uid=10030(com.google.android.gms) expire 2 lines
04-11 16:13:24.304   818  3181 I ActivityManager: Killing 4142:com.android.contacts/u0a11 (adj 906): empty #17
04-11 16:13:24.413  5369  5369 D AtFwd AutoBoot: Calling start service
04-11 16:13:24.414  5369  5369 W ContextImpl: Calling a method in the system process without a qualified user: android.app.ContextImpl.startService:1476 android.content.ContextWrapper.startService:650 android.content.ContextWrapper.startService:650 com.qualcomm.atfwd.AtFwdAutoboot.onReceive:27 android.app.ActivityThread.handleReceiver:3187 
04-11 16:13:24.427  5369  5369 E AtFwd AutoBoot: AtFwd Auto Boot Started Successfully
04-11 16:13:24.428  5369  5369 D AtFwdService: onCreate method
04-11 16:13:24.428  5369  5369 I AtFwdService: Instantiate AtCmdFwd Service
04-11 16:13:24.455   818  3183 I ActivityManager: Start proc 5402:com.qualcomm.qcrilmsgtunnel/1001 for broadcast com.qualcomm.qcrilmsgtunnel/.QcrilMsgTunnelAutoboot
04-11 16:13:24.458   818   870 I ActivityManager: Waited long enough for: ServiceRecord{e4e63ac u0 com.android.providers.media/.MediaScannerService}
04-11 16:13:24.480  3664  3664 I Choreographer: Skipped 79 frames!  The application may be doing too much work on its main thread.
04-11 16:13:24.482  3664  3664 I zygote64: Deoptimizing void android.support.v4.g.f.onLayout(boolean, int, int, int, int) due to JIT inline cache
04-11 16:13:24.493  3780  4076 I Finsky  : [63] com.google.android.finsky.contentfilterui.m.a(8): Received content filters request from sharedUserId=com.google.uid.shared:10030
04-11 16:13:24.505   343   343 W /system/bin/hwservicemanager: getTransport: Cannot find entry android.hardware.vibrator@1.1::IVibrator/default in either framework or device manifest.
04-11 16:13:24.506  5369  5407 D AtCkpdCmdHandler: De-queing command
04-11 16:13:24.614   818  2433 I ActivityManager: START u0 {flg=0x10804000 cmp=com.android.systemui/.recents.RecentsActivity} from uid 10039
04-11 16:13:24.678  3587  3587 I chatty  : uid=10030(com.google.android.gms) expire 1 line
04-11 16:13:24.699  5129  5129 I chatty  : uid=10030(com.google.android.gms) lowpool[3] expire 1 line
04-11 16:13:24.706  1866  1866 E BufferItemConsumer: [unnamed-1866-0] Failed to release buffer: Unknown error -1 (1)
04-11 16:13:24.739  3780  3802 I Finsky  : [18] com.google.android.finsky.contentfilterui.m.a(8): Received content filters request from sharedUserId=com.google.uid.shared:10030
04-11 16:13:24.804  5402  5402 D QcrilMsgTunnelAutoboot: ComponentInfo{com.qualcomm.qcrilmsgtunnel/com.qualcomm.qcrilmsgtunnel.QcrilMsgTunnelService} started successfully
04-11 16:13:24.805  5402  5402 D QcrilMsgTunnelService: onCreate method
04-11 16:13:24.838   818  3167 I ActivityManager: Start proc 5434:com.google.android.gms.ui/u0a30 for service com.google.android.gms/.chimera.UiIntentOperationService
04-11 16:13:24.853  3147  3147 D AIDL    :  RCSReceiver START RCS SERVICE ON BOOTUP
04-11 16:13:24.853  3147  3147 I AIDL    : RCSReceiver : onCreate : before read system propety
04-11 16:13:24.867  3147  3147 I AIDL    : RCSReceiver : onCreate : after read system propety
04-11 16:13:24.904  3147  3147 D AIDL    : RCSReceiver : onCreate : my prop is: 
04-11 16:13:24.963  5434  5434 I chatty  : uid=10030 com.google.android.gms.ui expire 2 lines
04-11 16:13:24.964   818  3181 I ActivityManager: Start proc 5452:org.codeaurora.ims/1001 for broadcast org.codeaurora.ims/.ImsServiceAutoboot
04-11 16:13:25.004  3587  5266 I chatty  : uid=10030(com.google.android.gms) highpool[3] expire 1 line
04-11 16:13:25.141   818   870 W ActivityManager: Activity pause timeout for ActivityRecord{1bab8f8 u0 nextapp.fx/.ui.ExplorerActivity t28}
04-11 16:13:25.142  3664  3675 I zygote64: Do partial code cache collection, code=125KB, data=84KB
04-11 16:13:25.147  3664  3664 I Choreographer: Skipped 33 frames!  The application may be doing too much work on its main thread.
04-11 16:13:25.228  3664  3675 I zygote64: After code cache collection, code=121KB, data=83KB
04-11 16:13:25.228  3664  3675 I zygote64: Increasing code cache capacity to 512KB
04-11 16:13:25.248  5452  5452 D ImsService AutoBoot: org.codeaurora.ims.ImsService is already running. android.intent.action.BOOT_COMPLETED ignored. 
04-11 16:13:25.306   818   832 W ActivityManager: Slow operation: 56ms so far, now at startProcess: returned from zygote!
04-11 16:13:25.306   818   832 W ActivityManager: Slow operation: 56ms so far, now at startProcess: done updating battery stats
04-11 16:13:25.306   818   832 W ActivityManager: Slow operation: 56ms so far, now at startProcess: building log message
04-11 16:13:25.306   818   832 I ActivityManager: Start proc 5476:org.lineageos.lockclock/u0a86 for broadcast org.lineageos.lockclock/.ClockWidgetProvider
04-11 16:13:25.306   818   832 W ActivityManager: Slow operation: 56ms so far, now at startProcess: starting to update pids map
04-11 16:13:25.306   818   832 W ActivityManager: Slow operation: 57ms so far, now at startProcess: done updating pids map
04-11 16:13:25.306   818   832 W ActivityManager: Slow operation: 57ms so far, now at startProcess: done starting proc!
04-11 16:13:25.310   818   832 I ActivityManager: Killing 4199:com.android.email/u0a64 (adj 906): empty #17
04-11 16:13:25.356  1866  1866 E BufferItemConsumer: [unnamed-1866-1] Failed to release buffer: Unknown error -1 (1)
04-11 16:13:25.386   353  5485 D Magisk  : su: request from client: 19
04-11 16:13:25.386   353  5485 D Magisk  : su: request from uid=[10108] (#2)
04-11 16:13:25.388   353  5485 D Magisk  : su: waiting child: [5488]
04-11 16:13:25.388  5488  5488 D Magisk  : su: child process started
04-11 16:13:25.389  5488  5488 D Magisk  : su: argc=[1]
04-11 16:13:25.389  5488  5488 D Magisk  : su: argv[0]=[su]
04-11 16:13:25.389  5488  5488 D Magisk  : su: pts_slave=[]
04-11 16:13:25.389  5488  5488 D Magisk  : su: use namespace of pid=[5233]
04-11 16:13:25.456   353  5495 D Magisk  : su: request from client: 20
04-11 16:13:25.456   353  5495 D Magisk  : su: request from uid=[10108] (#3)
04-11 16:13:25.464   353  5495 D Magisk  : su: waiting child: [5496]
04-11 16:13:25.465  5496  5496 D Magisk  : su: child process started
04-11 16:13:25.466  5496  5496 D Magisk  : su: argc=[1]
04-11 16:13:25.466  5496  5496 D Magisk  : su: argv[0]=[su]
04-11 16:13:25.466  5496  5496 D Magisk  : su: pts_slave=[]
04-11 16:13:25.466  5496  5496 D Magisk  : su: use namespace of pid=[5281]
04-11 16:13:25.490   818  1438 I chatty  : uid=1000(system) WifiStateMachin expire 2 lines
04-11 16:13:25.499  5434  5434 I chatty  : uid=10030 com.google.android.gms.ui expire 3 lines
04-11 16:13:25.671   353  5500 D Magisk  : su: request from client: 21
04-11 16:13:25.671   353  5500 D Magisk  : su: request from uid=[10108] (#4)
04-11 16:13:25.672   353  5500 D Magisk  : su: waiting child: [5504]
04-11 16:13:25.691  5504  5504 D Magisk  : su: child process started
04-11 16:13:25.692  5504  5504 D Magisk  : su: argc=[1]
04-11 16:13:25.692  5504  5504 D Magisk  : su: argv[0]=[su]
04-11 16:13:25.692  5504  5504 D Magisk  : su: pts_slave=[]
04-11 16:13:25.692  5504  5504 D Magisk  : su: use namespace of pid=[5191]
04-11 16:13:25.706   435   476 D PermissionCache: checking android.permission.READ_FRAME_BUFFER for uid=1000 => granted (2427 us)
04-11 16:13:25.711  3587  5106 I chatty  : uid=10030(com.google.android.gms) expire 1 line
04-11 16:13:25.719  3587  5266 I chatty  : uid=10030(com.google.android.gms) highpool[3] expire 1 line
04-11 16:13:25.734  3587  5481 I chatty  : uid=10030(com.google.android.gms) lowpool[4] expire 1 line
04-11 16:13:25.742  5224  5348 I chatty  : uid=10030 com.google.android.gms.unstable expire 3 lines
04-11 16:13:25.781   818  2433 W ActivityManager: Slow operation: 63ms so far, now at startProcess: returned from zygote!
04-11 16:13:25.781   818  2433 W ActivityManager: Slow operation: 63ms so far, now at startProcess: done updating battery stats
04-11 16:13:25.781   818  2433 W ActivityManager: Slow operation: 63ms so far, now at startProcess: building log message
04-11 16:13:25.781   818  2433 I ActivityManager: Start proc 5508:org.omnirom.omnijaws/u0a87 for broadcast org.omnirom.omnijaws/.SystemReceiver
04-11 16:13:25.781   818  2433 W ActivityManager: Slow operation: 64ms so far, now at startProcess: starting to update pids map
04-11 16:13:25.781   818  2433 W ActivityManager: Slow operation: 64ms so far, now at startProcess: done updating pids map
04-11 16:13:25.781   818  2433 W ActivityManager: Slow operation: 65ms so far, now at startProcess: done starting proc!
04-11 16:13:25.784   818  3154 I ActivityManager: Killing 4282:com.android.hotwordenrollment.okgoogle/u0a24 (adj 906): empty #17
04-11 16:13:25.858  3186  3204 I zygote64: Background concurrent copying GC freed 5378(296KB) AllocSpace objects, 0(0B) LOS objects, 57% free, 1156KB/2MB, paused 53.094ms total 124.311ms
04-11 16:13:25.883  3081  3457 I chatty  : uid=10030(com.google.android.gms) FlpThread expire 1 line
04-11 16:13:26.068  3081  3091 I chatty  : uid=10030(com.google.android.gms) HeapTaskDaemon expire 1 line
04-11 16:13:26.080  3587  3642 I chatty  : uid=10030(com.google.android.gms) GoogleApiHandle expire 1 line
04-11 16:13:26.125   818  3167 I ActivityManager: START u0 {act=android.intent.action.MAIN cat=[android.intent.category.LAUNCHER] flg=0x10300000 cmp=com.topjohnwu.magisk/.SplashActivity} from uid 10102
04-11 16:13:26.133   818  1788 I chatty  : uid=1000(system) TaskSnapshotPer expire 1 line
04-11 16:13:26.134  1866  1866 E BufferItemConsumer: [unnamed-1866-2] Failed to release buffer: Unknown error -1 (1)
04-11 16:13:26.186  3314  3489 E GoogleTagManager: Invalid macro: _gtm.loadEventEnabled
04-11 16:13:26.207  5395  5395 D AndroidRuntime: >>>>>> START com.android.internal.os.RuntimeInit uid 0 <<<<<<
04-11 16:13:26.213   818   875 I chatty  : uid=1000(system) ActivityManager expire 21 lines
04-11 16:13:26.217   818  1892 W ActivityManager: Slow operation: 54ms so far, now at startProcess: returned from zygote!
04-11 16:13:26.217   818  1892 W ActivityManager: Slow operation: 54ms so far, now at startProcess: done updating battery stats
04-11 16:13:26.217   818  1892 W ActivityManager: Slow operation: 54ms so far, now at startProcess: building log message
04-11 16:13:26.217   818  1892 I ActivityManager: Start proc 5537:com.topjohnwu.magisk/u0a102 for activity com.topjohnwu.magisk/.SplashActivity
04-11 16:13:26.217   818  1892 W ActivityManager: Slow operation: 54ms so far, now at startProcess: starting to update pids map
04-11 16:13:26.217   818  1892 W ActivityManager: Slow operation: 54ms so far, now at startProcess: done updating pids map
04-11 16:13:26.217   818  1892 W ActivityManager: Slow operation: 54ms so far, now at startProcess: done starting proc!
04-11 16:13:26.221   818  3197 I chatty  : uid=1000(system) Binder:818_10 expire 1 line
04-11 16:13:26.229   818  5533 I chatty  : uid=1000(system) RenderThread expire 6 lines
