04-11 16:12:52.766  2483  2483 I wpa_supplicant: Processing hidl events on FD 4
04-11 16:12:52.778   818  1358 I chatty  : uid=1000(system) HwBinder:818_2 expire 3 lines
04-11 16:12:52.779  1866  1899 I zygote64: Background concurrent copying GC freed 7232(1075KB) AllocSpace objects, 2(40KB) LOS objects, 49% free, 1918KB/3MB, paused 88us total 200.872ms
04-11 16:12:52.782  2483  2483 I wpa_supplicant: Successfully initialized wpa_supplicant
04-11 16:12:52.790   818   832 W LocalDisplayAdapter: Unable to find color mode 0, ignoring request.
04-11 16:12:52.799  2483  2483 I wpa_supplicant: rfkill: Cannot open RFKILL control device
04-11 16:12:52.814   818  2433 W LocalDisplayAdapter: Unable to find color mode 0, ignoring request.
04-11 16:12:52.823   818  1995 W LocalDisplayAdapter: Unable to find color mode 0, ignoring request.
04-11 16:12:52.853  2483  2483 I wpa_supplicant: rfkill: Cannot open RFKILL control device
04-11 16:12:52.880  1866  2218 I vol.Events: writeEvent level_changed STREAM_VOICE_CALL 5
04-11 16:12:52.881   624  2398 I OMXMaster: makeComponentInstance(OMX.google.vorbis.decoder) in android.hardwar process
04-11 16:12:52.881  1866  2218 I vol.Events: writeEvent level_changed STREAM_SYSTEM 7
04-11 16:12:52.882   818   818 V WiredAccessoryManager: notifyWiredAccessoryChanged: when=0 bits= mask=54
04-11 16:12:52.882   818   818 V WiredAccessoryManager: newName=h2w newState=0 headsetState=0 prev headsetState=0
04-11 16:12:52.882   818   818 V WiredAccessoryManager: init()
04-11 16:12:52.883  1866  2218 I vol.Events: writeEvent level_changed STREAM_RING 7
04-11 16:12:52.884   624   750 E OMXNodeInstance: getConfig(0xe7aa28a0:google.vorbis.decoder, ConfigAndroidVendorExtension(0x6f100004)) ERROR: Undefined(0x80001001)
04-11 16:12:52.885  1866  2218 I vol.Events: writeEvent level_changed STREAM_MUSIC 20
04-11 16:12:52.887  1866  2218 I vol.Events: writeEvent level_changed STREAM_ALARM 7
04-11 16:12:52.891  1866  2218 I vol.Events: writeEvent level_changed STREAM_BLUETOOTH_SCO 7
04-11 16:12:52.918   623   623 E wificond: Failed to get wiphy index from reg changed message
04-11 16:12:52.918  2483  2483 I wpa_supplicant: wlan0: CTRL-EVENT-REGDOM-CHANGE init=USER type=COUNTRY alpha2=US
04-11 16:12:52.921  2483  2483 I wpa_supplicant: wlan0: CTRL-EVENT-REGDOM-CHANGE init=USER type=COUNTRY alpha2=US
04-11 16:12:52.949  1866  1866 W SystemUIService: Initialization of com.android.systemui.volume.VolumeUI took 1344 ms
04-11 16:12:52.985   818   818 V NotificationListeners: enabling notification listener for 0: ComponentInfo{org.lineageos.trebuchet/com.android.launcher3.notification.NotificationListener}
04-11 16:12:52.985   818   818 V NotificationListeners: binding: Intent { act=android.service.notification.NotificationListenerService cmp=org.lineageos.trebuchet/com.android.launcher3.notification.NotificationListener (has extras) }
04-11 16:12:52.988   818   818 W ActivityManager: Unable to start service Intent { act=android.service.notification.NotificationListenerService cmp=org.lineageos.trebuchet/com.android.launcher3.notification.NotificationListener } U=0: not found
04-11 16:12:52.992   818   818 W NotificationListeners: Unable to bind notification listener service: Intent { act=android.service.notification.NotificationListenerService cmp=org.lineageos.trebuchet/com.android.launcher3.notification.NotificationListener (has extras) }
04-11 16:12:53.003   970  1144 D audio_hw_primary: adev_set_mic_mute: state 0
04-11 16:12:53.003   970  1144 W DeviceHAL: Device 0xe9d5fc80 set_mic_mute: Function not implemented
04-11 16:12:53.003   970  1144 W DeviceHAL: Device 0xe7bdfec0 set_mic_mute: Function not implemented
04-11 16:12:53.037  1866  2550 D OpenGLRenderer: HWUI GL Pipeline
04-11 16:12:53.044   818   818 D ConditionProviders.SCP: onSubscribe condition://android/schedule?days=1.2.3.4.5&start=22.0&end=7.0&exitAtAlarm=false
04-11 16:12:53.068   818   818 D ConditionProviders.SCP: setRegistered true
04-11 16:12:53.072   818   818 D ConditionProviders.SCP: notifyCondition condition://android/schedule?days=1.2.3.4.5&start=22.0&end=7.0&exitAtAlarm=false STATE_FALSE reason=!meetsSchedule
04-11 16:12:53.088   818   818 D ConditionProviders.SCP: Scheduling evaluate for Wed Apr 11 22:00:00 EDT 2018 (1523498400000), in +5h47m6s953ms, now=Wed Apr 11 16:12:53 EDT 2018 (1523477573047)
04-11 16:12:53.088   818   818 D ConditionProviders.SCP: onSubscribe condition://android/schedule?days=6.7&start=23.30&end=10.0&exitAtAlarm=false
04-11 16:12:53.089   818   818 D ConditionProviders.SCP: notifyCondition condition://android/schedule?days=6.7&start=23.30&end=10.0&exitAtAlarm=false STATE_FALSE reason=!meetsSchedule
04-11 16:12:53.089   818   818 D ConditionProviders.SCP: notifyCondition condition://android/schedule?days=1.2.3.4.5&start=22.0&end=7.0&exitAtAlarm=false STATE_FALSE reason=!meetsSchedule
04-11 16:12:53.090   818   818 D ConditionProviders.SCP: Scheduling evaluate for Wed Apr 11 22:00:00 EDT 2018 (1523498400000), in +5h47m6s911ms, now=Wed Apr 11 16:12:53 EDT 2018 (1523477573089)
04-11 16:12:53.093   818   869 I SyncManager: Got SyncJobService instance.
04-11 16:12:53.119   818  2346 I chatty  : uid=1000(system) Binder:818_5 expire 3 lines
04-11 16:12:53.122   818   818 I Telecom : WiredHeadsetManager: ACTION_HEADSET_PLUG event, plugged in: false, : WHC.oADA@AAE
04-11 16:12:53.147   818   818 I AutofillManagerService: Updating Autofill for user 0: disabled=false
04-11 16:12:53.178   818  1513 E ActivityThread: Failed to find provider info for com.android.calendar
04-11 16:12:53.191  2019  2019 D AndroidRuntime: >>>>>> START com.android.internal.os.WebViewZygoteInit uid 1053 <<<<<<
04-11 16:12:53.202  2019  2019 I /system/bin/webview_zygote32: option[0]=-Xzygote
04-11 16:12:53.202  2019  2019 I /system/bin/webview_zygote32: option[1]=-Xusetombstonedtraces
04-11 16:12:53.202  2019  2019 I /system/bin/webview_zygote32: option[2]=exit
04-11 16:12:53.202  2019  2019 I /system/bin/webview_zygote32: option[3]=vfprintf
04-11 16:12:53.202  2019  2019 I /system/bin/webview_zygote32: option[4]=sensitiveThread
04-11 16:12:53.202  2019  2019 I /system/bin/webview_zygote32: option[5]=-verbose:gc
04-11 16:12:53.202  2019  2019 I /system/bin/webview_zygote32: option[6]=-Xms8m
04-11 16:12:53.203  2019  2019 I /system/bin/webview_zygote32: option[7]=-Xmx512m
04-11 16:12:53.203  2019  2019 I /system/bin/webview_zygote32: option[8]=-XX:HeapGrowthLimit=192m
04-11 16:12:53.203  2019  2019 I /system/bin/webview_zygote32: option[9]=-XX:HeapMinFree=512k
04-11 16:12:53.203  2019  2019 I /system/bin/webview_zygote32: option[10]=-XX:HeapMaxFree=8m
04-11 16:12:53.203  2019  2019 I /system/bin/webview_zygote32: option[11]=-XX:HeapTargetUtilization=0.75
04-11 16:12:53.203  2019  2019 I /system/bin/webview_zygote32: option[12]=-Xusejit:true
04-11 16:12:53.203  2019  2019 I /system/bin/webview_zygote32: option[13]=-Xjitsaveprofilinginfo
04-11 16:12:53.203  2019  2019 I /system/bin/webview_zygote32: option[14]=-agentlib:jdwp=transport=dt_android_adb,suspend=n,server=y
04-11 16:12:53.203  2019  2019 I /system/bin/webview_zygote32: option[15]=-Xlockprofthreshold:500
04-11 16:12:53.203  2019  2019 I /system/bin/webview_zygote32: option[16]=-Ximage-compiler-option
04-11 16:12:53.203  2019  2019 I /system/bin/webview_zygote32: option[17]=--runtime-arg
04-11 16:12:53.203  2019  2019 I /system/bin/webview_zygote32: option[18]=-Ximage-compiler-option
04-11 16:12:53.204  2019  2019 I /system/bin/webview_zygote32: option[19]=-Xms64m
04-11 16:12:53.204  2019  2019 I /system/bin/webview_zygote32: option[20]=-Ximage-compiler-option
04-11 16:12:53.204  2019  2019 I /system/bin/webview_zygote32: option[21]=--runtime-arg
04-11 16:12:53.204  2019  2019 I /system/bin/webview_zygote32: option[22]=-Ximage-compiler-option
04-11 16:12:53.204  2019  2019 I /system/bin/webview_zygote32: option[23]=-Xmx64m
04-11 16:12:53.204  2019  2019 I /system/bin/webview_zygote32: option[24]=-Ximage-compiler-option
04-11 16:12:53.204  2019  2019 I /system/bin/webview_zygote32: option[25]=--image-classes=/system/etc/preloaded-classes
04-11 16:12:53.204  2019  2019 I /system/bin/webview_zygote32: option[26]=-Ximage-compiler-option
04-11 16:12:53.204  2019  2019 I /system/bin/webview_zygote32: option[27]=--compiled-classes=/system/etc/compiled-classes
04-11 16:12:53.204  2019  2019 I /system/bin/webview_zygote32: option[28]=-Ximage-compiler-option
04-11 16:12:53.204  2019  2019 I /system/bin/webview_zygote32: option[29]=--dirty-image-objects=/system/etc/dirty-image-objects
04-11 16:12:53.204  2019  2019 I /system/bin/webview_zygote32: option[30]=-Xcompiler-option
04-11 16:12:53.204  2019  2019 I /system/bin/webview_zygote32: option[31]=--runtime-arg
04-11 16:12:53.204  2019  2019 I /system/bin/webview_zygote32: option[32]=-Xcompiler-option
04-11 16:12:53.204  2019  2019 I /system/bin/webview_zygote32: option[33]=-Xms64m
04-11 16:12:53.204  2019  2019 I /system/bin/webview_zygote32: option[34]=-Xcompiler-option
04-11 16:12:53.204  2019  2019 I /system/bin/webview_zygote32: option[35]=--runtime-arg
04-11 16:12:53.204  2019  2019 I /system/bin/webview_zygote32: option[36]=-Xcompiler-option
04-11 16:12:53.204  2019  2019 I /system/bin/webview_zygote32: option[37]=-Xmx512m
04-11 16:12:53.204  2019  2019 I /system/bin/webview_zygote32: option[38]=-Xcompiler-option
04-11 16:12:53.204  2019  2019 I /system/bin/webview_zygote32: option[39]=-j4
04-11 16:12:53.204  2019  2019 I /system/bin/webview_zygote32: option[40]=-Ximage-compiler-option
04-11 16:12:53.204  2019  2019 I /system/bin/webview_zygote32: option[41]=-j4
04-11 16:12:53.204  2019  2019 I /system/bin/webview_zygote32: option[42]=-Ximage-compiler-option
04-11 16:12:53.204  2019  2019 I /system/bin/webview_zygote32: option[43]=--instruction-set-variant=cortex-a53.a57
04-11 16:12:53.204  2019  2019 I /system/bin/webview_zygote32: option[44]=-Xcompiler-option
04-11 16:12:53.204  2019  2019 I /system/bin/webview_zygote32: option[45]=--instruction-set-variant=cortex-a53.a57
04-11 16:12:53.204  2019  2019 I /system/bin/webview_zygote32: option[46]=-Ximage-compiler-option
04-11 16:12:53.204  2019  2019 I /system/bin/webview_zygote32: option[47]=--instruction-set-features=default
04-11 16:12:53.204  2019  2019 I /system/bin/webview_zygote32: option[48]=-Xcompiler-option
04-11 16:12:53.204  2019  2019 I /system/bin/webview_zygote32: option[49]=--instruction-set-features=default
04-11 16:12:53.204  2019  2019 I /system/bin/webview_zygote32: option[50]=-Duser.locale=en-US
04-11 16:12:53.204  2019  2019 I /system/bin/webview_zygote32: option[51]=--cpu-abilist=armeabi-v7a,armeabi
04-11 16:12:53.204  2019  2019 I /system/bin/webview_zygote32: option[52]=-Xfingerprint:google/bullhead/bullhead:8.1.0/OPM3.171019.016/4565142:user/release-keys
04-11 16:12:53.198   818  1513 E ActivityThread: Failed to find provider info for com.android.calendar
04-11 16:12:53.351   818   832 W WallpaperManagerService: Cannot extract colors because wallpaper could not be read.
04-11 16:12:53.354   818  1892 W WallpaperManagerService: Cannot extract colors because wallpaper could not be read.
04-11 16:12:53.411  1866  1866 D StatusBar: disable<e i a s b h r c s q >
04-11 16:12:53.413   818   832 I StatusBarManagerService: registerStatusBar bar=com.android.internal.statusbar.IStatusBar$Stub$Proxy@6035a58
04-11 16:12:53.492  1866  1866 W SystemUI:OmniJawsClient: Icon pack loading failed - loading default
04-11 16:12:53.511  1866  1866 E ActivityThread: Failed to find provider info for org.omnirom.omnijaws.provider
04-11 16:12:53.574   818  1497 D ConnectivityService: Got NetworkFactory Messenger for PhoneSwitcherNetworkRequstListener
04-11 16:12:53.604  2262  2293 I chatty  : uid=1001(radio) HeapTaskDaemon expire 1 line
04-11 16:12:53.673   818  1497 D ConnectivityService: Got NetworkFactory Messenger for TelephonyNetworkFactory[0]
04-11 16:12:53.683  2262  2296 I chatty  : uid=1001(radio) Binder:2262_2 expire 1 line
04-11 16:12:53.709  2262  2587 E ActivityThread: Failed to find provider info for com.android.contacts
04-11 16:12:53.709  2262  2587 I chatty  : uid=1001(radio) AsyncTask #2 expire 1 line
04-11 16:12:53.717  1866  1899 I zygote64: Background concurrent copying GC freed 17587(1317KB) AllocSpace objects, 0(0B) LOS objects, 49% free, 2MB/5MB, paused 982us total 116.834ms
04-11 16:12:53.793   818  1995 D BluetoothManagerService: Trying to bind to profile: 1, while Bluetooth was disabled
04-11 16:12:53.816   970   970 D PermissionCache: checking android.permission.MODIFY_AUDIO_SETTINGS for uid=1001 => granted (467 us)
04-11 16:12:53.827  1866  2593 I SecurityController: could not bind to KeyChainService
04-11 16:12:53.832  2262  2262 I TelecomFramework: TtyManager: updateUiTtyMode -1 -> 0
04-11 16:12:53.921   634   634 I ServiceManager: Waiting for service AtCmdFwd...
04-11 16:12:53.955   818   887 W WindowManager: App freeze timeout expired.
04-11 16:12:54.008  1866  1866 I CameraManagerGlobal: Connecting to camera service
04-11 16:12:54.103  1866  1866 D RenderScript HIDL Adaptation: IRenderScriptDevice::getService()
04-11 16:12:54.106   343   343 W /system/bin/hwservicemanager: getTransport: Cannot find entry android.hardware.renderscript@1.0::IDevice/default in either framework or device manifest.
04-11 16:12:54.108  1866  1866 D vndksupport: Loading /vendor/lib64/hw/android.hardware.renderscript@1.0-impl.so from current namespace instead of sphal namespace.
04-11 16:12:54.150  1866  1866 D RenderScript HIDL Adaptation: IRenderScriptDevice::getService() returned 0x7e7e927d40
04-11 16:12:54.150  1866  1866 D RenderScript HIDL Adaptation: HIDL successfully loaded.
04-11 16:12:54.221   818   832 I Telecom : PhoneAccountRegistrar: Modify account: [ComponentInfo{com.android.phone/com.android.services.telephony.TelephonyConnectionService}, [****], UserHandle{0}]: TSI.rPA@AAU
04-11 16:12:54.227  2262  2262 I TelecomFramework: AccountEntry: Registered phoneAccount: [[ ] PhoneAccount: ComponentInfo{com.android.phone/com.android.services.telephony.TelephonyConnectionService}, [****], UserHandle{0} Capabilities: CallProvider MultiUser PlaceEmerg SimSub  Audio Routes: BESW Schemes: tel voicemail  Extras: Bundle[{android.telecom.extra.SUPPORTS_VIDEO_CALLING_FALLBACK=false}] GroupId: [****]] with handle: ComponentInfo{com.android.phone/com.android.services.telephony.TelephonyConnectionService}, [****], UserHandle{0}
04-11 16:12:54.227  2262  2262 I TelecomFramework: PstnIncomingCallNotifier: Registering: Handler (com.android.internal.telephony.GsmCdmaPhone) {f0b3e8e}
04-11 16:12:54.236  2262  2262 I TelecomFramework: PstnPhoneCapabilitiesNotifier: handleVideoCapabilitesChanged. Video capability - false
04-11 16:12:54.247   818  1995 I Telecom : PhoneAccountRegistrar: Modify account: [ComponentInfo{com.android.phone/com.android.services.telephony.TelephonyConnectionService}, [****], UserHandle{0}]: TSI.rPA@AAg
04-11 16:12:54.306  1866  2644 V RenderScript: Successfully loaded runtime: libRSDriver_adreno.so
04-11 16:12:54.310  1866  1866 D         : Successfully queried cache dir: /data/user_de/0/com.android.systemui/code_cache
04-11 16:12:54.310  1866  1866 D RenderScript: Setting cache dir: /data/user_de/0/com.android.systemui/code_cache
04-11 16:12:54.322  1866  1866 I StatusBar: isKeyguardShowing() called before startKeyguard(), returning true
04-11 16:12:54.323  1866  1866 W StatusBar: isKeyguardSecure() called before startKeyguard(), returning false
04-11 16:12:54.323  1866  1866 W StatusBar: java.lang.Throwable
04-11 16:12:54.323  1866  1866 W StatusBar: 	at com.android.systemui.statusbar.phone.StatusBar.isKeyguardSecure(StatusBar.java:8925)
04-11 16:12:54.323  1866  1866 W StatusBar: 	at com.android.systemui.statusbar.phone.StatusBar.isCameraAllowedByAdmin(StatusBar.java:6318)
04-11 16:12:54.323  1866  1866 W StatusBar: 	at com.android.systemui.statusbar.phone.KeyguardBottomAreaView$DefaultRightButton.getIcon(KeyguardBottomAreaView.java:900)
04-11 16:12:54.323  1866  1866 W StatusBar: 	at com.android.systemui.statusbar.phone.KeyguardBottomAreaView.updateCameraVisibility(KeyguardBottomAreaView.java:393)
04-11 16:12:54.323  1866  1866 W StatusBar: 	at com.android.systemui.statusbar.phone.KeyguardBottomAreaView.setStatusBar(KeyguardBottomAreaView.java:356)
04-11 16:12:54.323  1866  1866 W StatusBar: 	at com.android.systemui.statusbar.phone.NotificationPanelView.setStatusBar(NotificationPanelView.java:335)
04-11 16:12:54.323  1866  1866 W StatusBar: 	at com.android.systemui.statusbar.phone.StatusBar.makeStatusBarView(StatusBar.java:1289)
04-11 16:12:54.323  1866  1866 W StatusBar: 	at com.android.systemui.statusbar.phone.StatusBar.addStatusBarWindow(StatusBar.java:4418)
04-11 16:12:54.323  1866  1866 W StatusBar: 	at com.android.systemui.statusbar.phone.StatusBar.createAndAddWindows(StatusBar.java:4414)
04-11 16:12:54.323  1866  1866 W StatusBar: 	at com.android.systemui.statusbar.phone.StatusBar.start(StatusBar.java:1134)
04-11 16:12:54.323  1866  1866 W StatusBar: 	at com.android.systemui.SystemBars.createStatusBarFromConfig(SystemBars.java:71)
04-11 16:12:54.323  1866  1866 W StatusBar: 	at com.android.systemui.SystemBars.start(SystemBars.java:42)
04-11 16:12:54.323  1866  1866 W StatusBar: 	at com.android.systemui.SystemUIApplication.startServicesIfNeeded(SystemUIApplication.java:216)
04-11 16:12:54.323  1866  1866 W StatusBar: 	at com.android.systemui.SystemUIApplication.startServicesIfNeeded(SystemUIApplication.java:165)
04-11 16:12:54.323  1866  1866 W StatusBar: 	at com.android.systemui.keyguard.KeyguardService.onCreate(KeyguardService.java:48)
04-11 16:12:54.323  1866  1866 W StatusBar: 	at android.app.ActivityThread.handleCreateService(ActivityThread.java:3339)
04-11 16:12:54.323  1866  1866 W StatusBar: 	at android.app.ActivityThread.-wrap4(Unknown Source:0)
04-11 16:12:54.323  1866  1866 W StatusBar: 	at android.app.ActivityThread$H.handleMessage(ActivityThread.java:1677)
04-11 16:12:54.323  1866  1866 W StatusBar: 	at android.os.Handler.dispatchMessage(Handler.java:106)
04-11 16:12:54.323  1866  1866 W StatusBar: 	at android.os.Looper.loop(Looper.java:164)
04-11 16:12:54.323  1866  1866 W StatusBar: 	at android.app.ActivityThread.main(ActivityThread.java:6494)
04-11 16:12:54.323  1866  1866 W StatusBar: 	at java.lang.reflect.Method.invoke(Native Method)
04-11 16:12:54.323  1866  1866 W StatusBar: 	at com.android.internal.os.RuntimeInit$MethodAndArgsCaller.run(RuntimeInit.java:440)
04-11 16:12:54.323  1866  1866 W StatusBar: 	at com.android.internal.os.ZygoteInit.main(ZygoteInit.java:807)
04-11 16:12:54.472  1866  1866 I StatusBar: isKeyguardShowing() called before startKeyguard(), returning true
04-11 16:12:54.473  1866  1866 W StatusBar: isKeyguardSecure() called before startKeyguard(), returning false
04-11 16:12:54.473  1866  1866 W StatusBar: java.lang.Throwable
04-11 16:12:54.473  1866  1866 W StatusBar: 	at com.android.systemui.statusbar.phone.StatusBar.isKeyguardSecure(StatusBar.java:8925)
04-11 16:12:54.473  1866  1866 W StatusBar: 	at com.android.systemui.statusbar.phone.StatusBar.isCameraAllowedByAdmin(StatusBar.java:6318)
04-11 16:12:54.473  1866  1866 W StatusBar: 	at com.android.systemui.statusbar.phone.KeyguardBottomAreaView$DefaultRightButton.getIcon(KeyguardBottomAreaView.java:900)
04-11 16:12:54.473  1866  1866 W StatusBar: 	at com.android.systemui.statusbar.phone.KeyguardBottomAreaView.updateCameraVisibility(KeyguardBottomAreaView.java:393)
04-11 16:12:54.473  1866  1866 W StatusBar: 	at com.android.systemui.statusbar.phone.KeyguardBottomAreaView.setUserSetupComplete(KeyguardBottomAreaView.java:365)
04-11 16:12:54.473  1866  1866 W StatusBar: 	at com.android.systemui.statusbar.phone.NotificationPanelView.setUserSetupComplete(NotificationPanelView.java:2876)
04-11 16:12:54.473  1866  1866 W StatusBar: 	at com.android.systemui.statusbar.phone.StatusBar.makeStatusBarView(StatusBar.java:1445)
04-11 16:12:54.473  1866  1866 W StatusBar: 	at com.android.systemui.statusbar.phone.StatusBar.addStatusBarWindow(StatusBar.java:4418)
04-11 16:12:54.473  1866  1866 W StatusBar: 	at com.android.systemui.statusbar.phone.StatusBar.createAndAddWindows(StatusBar.java:4414)
04-11 16:12:54.473  1866  1866 W StatusBar: 	at com.android.systemui.statusbar.phone.StatusBar.start(StatusBar.java:1134)
04-11 16:12:54.473  1866  1866 W StatusBar: 	at com.android.systemui.SystemBars.createStatusBarFromConfig(SystemBars.java:71)
04-11 16:12:54.473  1866  1866 W StatusBar: 	at com.android.systemui.SystemBars.start(SystemBars.java:42)
04-11 16:12:54.473  1866  1866 W StatusBar: 	at com.android.systemui.SystemUIApplication.startServicesIfNeeded(SystemUIApplication.java:216)
04-11 16:12:54.473  1866  1866 W StatusBar: 	at com.android.systemui.SystemUIApplication.startServicesIfNeeded(SystemUIApplication.java:165)
04-11 16:12:54.473  1866  1866 W StatusBar: 	at com.android.systemui.keyguard.KeyguardService.onCreate(KeyguardService.java:48)
04-11 16:12:54.473  1866  1866 W StatusBar: 	at android.app.ActivityThread.handleCreateService(ActivityThread.java:3339)
04-11 16:12:54.473  1866  1866 W StatusBar: 	at android.app.ActivityThread.-wrap4(Unknown Source:0)
04-11 16:12:54.473  1866  1866 W StatusBar: 	at android.app.ActivityThread$H.handleMessage(ActivityThread.java:1677)
04-11 16:12:54.473  1866  1866 W StatusBar: 	at android.os.Handler.dispatchMessage(Handler.java:106)
04-11 16:12:54.473  1866  1866 W StatusBar: 	at android.os.Looper.loop(Looper.java:164)
04-11 16:12:54.473  1866  1866 W StatusBar: 	at android.app.ActivityThread.main(ActivityThread.java:6494)
04-11 16:12:54.473  1866  1866 W StatusBar: 	at java.lang.reflect.Method.invoke(Native Method)
04-11 16:12:54.473  1866  1866 W StatusBar: 	at com.android.internal.os.RuntimeInit$MethodAndArgsCaller.run(RuntimeInit.java:440)
04-11 16:12:54.473  1866  1866 W StatusBar: 	at com.android.internal.os.ZygoteInit.main(ZygoteInit.java:807)
04-11 16:12:54.507  1866  2256 W Tile.BluetoothTile: Error in handleRefreshState
04-11 16:12:54.507  1866  2256 W Tile.BluetoothTile: java.lang.NullPointerException: Attempt to invoke interface method 'boolean com.android.systemui.statusbar.policy.BluetoothController.isBluetoothEnabled()' on a null object reference
04-11 16:12:54.507  1866  2256 W Tile.BluetoothTile: 	at com.android.systemui.qs.tiles.BluetoothTile.handleUpdateState(BluetoothTile.java:119)
04-11 16:12:54.507  1866  2256 W Tile.BluetoothTile: 	at com.android.systemui.qs.tiles.BluetoothTile.handleUpdateState(BluetoothTile.java:117)
04-11 16:12:54.507  1866  2256 W Tile.BluetoothTile: 	at com.android.systemui.qs.tileimpl.QSTileImpl.handleRefreshState(QSTileImpl.java:307)
04-11 16:12:54.507  1866  2256 W Tile.BluetoothTile: 	at com.android.systemui.qs.tileimpl.QSTileImpl$H.handleMessage(QSTileImpl.java:460)
04-11 16:12:54.507  1866  2256 W Tile.BluetoothTile: 	at android.os.Handler.dispatchMessage(Handler.java:106)
04-11 16:12:54.507  1866  2256 W Tile.BluetoothTile: 	at android.os.Looper.loop(Looper.java:164)
04-11 16:12:54.507  1866  2256 W Tile.BluetoothTile: 	at android.os.HandlerThread.run(HandlerThread.java:65)
04-11 16:12:54.522  1866  1866 D LocalBluetoothProfileManager: Adding local MAP profile
04-11 16:12:54.524  1866  1866 D BluetoothMap: Create BluetoothMap proxy object
04-11 16:12:54.535  1866  1866 D LocalBluetoothProfileManager: LocalBluetoothProfileManager construction complete
04-11 16:12:54.578  1866  1866 I StatusBar: isKeyguardShowing() called before startKeyguard(), returning true
04-11 16:12:54.579  1866  1866 W StatusBar: isKeyguardSecure() called before startKeyguard(), returning false
04-11 16:12:54.579  1866  1866 W StatusBar: java.lang.Throwable
04-11 16:12:54.579  1866  1866 W StatusBar: 	at com.android.systemui.statusbar.phone.StatusBar.isKeyguardSecure(StatusBar.java:8925)
04-11 16:12:54.579  1866  1866 W StatusBar: 	at com.android.systemui.statusbar.phone.StatusBar.isCameraAllowedByAdmin(StatusBar.java:6318)
04-11 16:12:54.579  1866  1866 W StatusBar: 	at com.android.systemui.statusbar.phone.KeyguardBottomAreaView$DefaultRightButton.getIcon(KeyguardBottomAreaView.java:900)
04-11 16:12:54.579  1866  1866 W StatusBar: 	at com.android.systemui.statusbar.phone.KeyguardBottomAreaView.updateCameraVisibility(KeyguardBottomAreaView.java:393)
04-11 16:12:54.579  1866  1866 W StatusBar: 	at com.android.systemui.statusbar.phone.KeyguardBottomAreaView.setUserSetupComplete(KeyguardBottomAreaView.java:365)
04-11 16:12:54.579  1866  1866 W StatusBar: 	at com.android.systemui.statusbar.phone.NotificationPanelView.setUserSetupComplete(NotificationPanelView.java:2876)
04-11 16:12:54.579  1866  1866 W StatusBar: 	at com.android.systemui.statusbar.phone.StatusBar$2.onUserSetupChanged(StatusBar.java:662)
04-11 16:12:54.579  1866  1866 W StatusBar: 	at com.android.systemui.statusbar.policy.DeviceProvisionedControllerImpl.addCallback(DeviceProvisionedControllerImpl.java:69)
04-11 16:12:54.579  1866  1866 W StatusBar: 	at com.android.systemui.statusbar.policy.DeviceProvisionedControllerImpl.addCallback(DeviceProvisionedControllerImpl.java:63)
04-11 16:12:54.579  1866  1866 W StatusBar: 	at com.android.systemui.statusbar.phone.StatusBar.makeStatusBarView(StatusBar.java:1538)
04-11 16:12:54.579  1866  1866 W StatusBar: 	at com.android.systemui.statusbar.phone.StatusBar.addStatusBarWindow(StatusBar.java:4418)
04-11 16:12:54.579  1866  1866 W StatusBar: 	at com.android.systemui.statusbar.phone.StatusBar.createAndAddWindows(StatusBar.java:4414)
04-11 16:12:54.579  1866  1866 W StatusBar: 	at com.android.systemui.statusbar.phone.StatusBar.start(StatusBar.java:1134)
04-11 16:12:54.579  1866  1866 W StatusBar: 	at com.android.systemui.SystemBars.createStatusBarFromConfig(SystemBars.java:71)
04-11 16:12:54.579  1866  1866 W StatusBar: 	at com.android.systemui.SystemBars.start(SystemBars.java:42)
04-11 16:12:54.579  1866  1866 W StatusBar: 	at com.android.systemui.SystemUIApplication.startServicesIfNeeded(SystemUIApplication.java:216)
04-11 16:12:54.579  1866  1866 W StatusBar: 	at com.android.systemui.SystemUIApplication.startServicesIfNeeded(SystemUIApplication.java:165)
04-11 16:12:54.579  1866  1866 W StatusBar: 	at com.android.systemui.keyguard.KeyguardService.onCreate(KeyguardService.java:48)
04-11 16:12:54.579  1866  1866 W StatusBar: 	at android.app.ActivityThread.handleCreateService(ActivityThread.java:3339)
04-11 16:12:54.579  1866  1866 W StatusBar: 	at android.app.ActivityThread.-wrap4(Unknown Source:0)
04-11 16:12:54.579  1866  1866 W StatusBar: 	at android.app.ActivityThread$H.handleMessage(ActivityThread.java:1677)
04-11 16:12:54.579  1866  1866 W StatusBar: 	at android.os.Handler.dispatchMessage(Handler.java:106)
04-11 16:12:54.579  1866  1866 W StatusBar: 	at android.os.Looper.loop(Looper.java:164)
04-11 16:12:54.579  1866  1866 W StatusBar: 	at android.app.ActivityThread.main(ActivityThread.java:6494)
04-11 16:12:54.579  1866  1866 W StatusBar: 	at java.lang.reflect.Method.invoke(Native Method)
04-11 16:12:54.579  1866  1866 W StatusBar: 	at com.android.internal.os.RuntimeInit$MethodAndArgsCaller.run(RuntimeInit.java:440)
04-11 16:12:54.579  1866  1866 W StatusBar: 	at com.android.internal.os.ZygoteInit.main(ZygoteInit.java:807)
04-11 16:12:54.585  1866  2550 D OpenGLRenderer: profile bars disabled
04-11 16:12:54.586  1866  2550 D OpenGLRenderer: ambientRatio = 1.50
04-11 16:12:54.664  1866  1866 D StatusBar: disable<e i a s b h r c s q >
04-11 16:12:54.734  1866  1866 D StatusBar: heads up is enabled
04-11 16:12:54.753  1866  2558 E ActivityThread: Failed to find provider info for com.android.contacts
04-11 16:12:54.756  1866  1866 W SystemUIService: Initialization of com.android.systemui.SystemBars took 1679 ms
04-11 16:12:54.765  1866  1866 D StorageNotification: Notifying about private volume: VolumeInfo{private}:
04-11 16:12:54.765  1866  1866 D StorageNotification:     type=PRIVATE diskId=null partGuid=null mountFlags=0 mountUserId=-1 
04-11 16:12:54.765  1866  1866 D StorageNotification:     state=MOUNTED 
04-11 16:12:54.765  1866  1866 D StorageNotification:     fsType=null fsUuid=null fsLabel=null 
04-11 16:12:54.765  1866  1866 D StorageNotification:     path=/data internalPath=null 
04-11 16:12:54.827   818   832 D CryptdConnector: SND -> {3 cryptfs getpw}
04-11 16:12:54.829   372   383 D VoldCryptCmdListener: cryptfs getpw
04-11 16:12:54.829   818  1402 D CryptdConnector: RCV <- {200 3 -1}
04-11 16:12:54.831   818   832 D CryptdConnector: SND -> {4 cryptfs clearpw}
04-11 16:12:54.832   372   383 D VoldCryptCmdListener: cryptfs clearpw
04-11 16:12:54.832   818  1402 D CryptdConnector: RCV <- {200 4 0}
04-11 16:12:54.879   818  1309 W LocalDisplayAdapter: Unable to find color mode 0, ignoring request.
04-11 16:12:54.887  1866  2593 E ActivityThread: Failed to find provider info for com.android.contacts
04-11 16:12:54.921   634   634 I ServiceManager: Waiting for service AtCmdFwd...
04-11 16:12:54.930  1866  1866 I Choreographer: Skipped 111 frames!  The application may be doing too much work on its main thread.
04-11 16:12:54.966  1866  2550 I Adreno  : QUALCOMM build                   : 8e59954, I0be83d0d26
04-11 16:12:54.966  1866  2550 I Adreno  : Build Date                       : 09/22/17
04-11 16:12:54.966  1866  2550 I Adreno  : OpenGL ES Shader Compiler Version: EV031.21.02.00
04-11 16:12:54.966  1866  2550 I Adreno  : Local Branch                     : O17A
04-11 16:12:54.966  1866  2550 I Adreno  : Remote Branch                    : 
04-11 16:12:54.966  1866  2550 I Adreno  : Remote Branch                    : 
04-11 16:12:54.966  1866  2550 I Adreno  : Reconstruct Branch               : 
04-11 16:12:54.967  1866  2550 D vndksupport: Loading /vendor/lib64/hw/gralloc.msm8992.so from current namespace instead of sphal namespace.
04-11 16:12:54.975  1866  2550 I Adreno  : PFP: 0x00000000, ME: 0x00000000
04-11 16:12:54.979   343   343 W /system/bin/hwservicemanager: getTransport: Cannot find entry android.hardware.configstore@1.0::ISurfaceFlingerConfigs/default in either framework or device manifest.
04-11 16:12:54.981  1866  2550 I zygote64: android::hardware::configstore::V1_0::ISurfaceFlingerConfigs::hasWideColorDisplay retrieved: 0
04-11 16:12:54.982  1866  2550 I OpenGLRenderer: Initialized EGL, version 1.4
04-11 16:12:54.982  1866  2550 D OpenGLRenderer: Swap behavior 2
04-11 16:12:55.089  1866  1866 D ViewRootImpl[StatusBar]: changeCanvasOpacity: opaque=true
04-11 16:12:55.131  1866  1866 E ActivityThread: Failed to find provider info for org.omnirom.omnijaws.provider
04-11 16:12:55.274  1866  1899 I zygote64: Background concurrent copying GC freed 10971(2004KB) AllocSpace objects, 0(0B) LOS objects, 49% free, 6MB/13MB, paused 732us total 110.395ms
04-11 16:12:55.147  1866  1866 I chatty  : uid=10039(com.android.systemui) identical 2 lines
04-11 16:12:55.149  1866  1866 E ActivityThread: Failed to find provider info for org.omnirom.omnijaws.provider
04-11 16:12:55.306  1866  2569 E ActivityThread: Failed to find provider info for com.android.contacts
04-11 16:12:55.353  1866  2558 E ActivityThread: Failed to find provider info for com.android.contacts
04-11 16:12:55.419  1866  1866 D StatusBar: disable<e i a s b H!R!c s q >
04-11 16:12:55.425   818  1437 D WifiService: New client listening to asynchronous messages
04-11 16:12:55.531  1866  1866 W SystemUI:OmniJawsClient: Icon pack loading failed - loading default
04-11 16:12:55.535  1866  1866 E ActivityThread: Failed to find provider info for org.omnirom.omnijaws.provider
04-11 16:12:55.547  1866  1866 W SystemUI:OmniJawsClient: Icon pack loading failed - loading default
04-11 16:12:55.921   634   634 I ServiceManager: Waiting for service AtCmdFwd...
04-11 16:12:56.061  1866  1883 I zygote64: Do partial code cache collection, code=30KB, data=24KB
04-11 16:12:56.071  1866  1883 I zygote64: After code cache collection, code=30KB, data=24KB
04-11 16:12:56.071  1866  1883 I zygote64: Increasing code cache capacity to 128KB
04-11 16:12:56.450  1866  1866 W ResourceType: No package identifier when getting value for resource number 0x00000000
04-11 16:12:56.450  1866  1866 W ResourceType: No package identifier when getting value for resource number 0x00000000
04-11 16:12:56.466  1866  1866 W ResourceType: Bad XML block: header size 18254 or total size 169478669 is larger than data size 626
04-11 16:12:56.473  1866  1866 W ResourceType: Bad XML block: header size 18254 or total size 169478669 is larger than data size 686
04-11 16:12:56.836  1866  1866 D StatusBar: disable<e i a s b H R c s q >
04-11 16:12:56.919  1866  1866 I chatty  : uid=10039(com.android.systemui) identical 4 lines
04-11 16:12:56.920  1866  1866 D StatusBar: disable<e i a s b H R c s q >
04-11 16:12:56.922   634   634 I ServiceManager: Waiting for service AtCmdFwd...
04-11 16:12:56.940  1866  1866 I Choreographer: Skipped 120 frames!  The application may be doing too much work on its main thread.
04-11 16:12:55.609  1866  1866 I chatty  : uid=10039(com.android.systemui) identical 11 lines
04-11 16:12:55.611  1866  1866 E ActivityThread: Failed to find provider info for org.omnirom.omnijaws.provider
04-11 16:12:56.970   818   887 W WindowManager: Window freeze timeout expired.
04-11 16:12:56.970   818   887 W WindowManager: Force clearing orientation change: Window{fad52e7 u0 NavigationBar}
04-11 16:12:56.970   818   887 W WindowManager: Force clearing orientation change: Window{499e0cb u0 StatusBar}
04-11 16:12:56.970   818   887 W WindowManager: Force clearing orientation change: Window{350a6f5 u0 AppCircleSidebar}
04-11 16:12:56.970   818   887 W WindowManager: Force clearing orientation change: Window{a000d3d u0 GestureAnywhereView}
04-11 16:12:57.083  1866  1866 D StatusBar: disable<e i a s b H R c s q >
04-11 16:12:57.102   343   343 W /system/bin/hwservicemanager: getTransport: Cannot find entry android.hardware.graphics.mapper@2.0::IMapper/default in either framework or device manifest.
04-11 16:12:57.104  1866  2550 D vndksupport: Loading /vendor/lib64/hw/android.hardware.graphics.mapper@2.0-impl.so from current namespace instead of sphal namespace.
04-11 16:12:57.105  1866  2550 D vndksupport: Loading /vendor/lib64/hw/gralloc.msm8992.so from current namespace instead of sphal namespace.
04-11 16:12:57.207  1866  1866 W KeyguardUpdateMonitor: invalid subId in handleServiceStateChange()
04-11 16:12:57.207  1866  1899 I zygote64: NativeAlloc concurrent copying GC freed 24487(2MB) AllocSpace objects, 132(2MB) LOS objects, 49% free, 5MB/10MB, paused 1.886ms total 189.732ms
04-11 16:12:57.247  1866  1883 I zygote64: Do partial code cache collection, code=61KB, data=57KB
04-11 16:12:57.247  1866  1883 I zygote64: After code cache collection, code=61KB, data=57KB
04-11 16:12:57.247  1866  1883 I zygote64: Increasing code cache capacity to 256KB
04-11 16:12:57.922   634   634 W Atfwd_Sendcmd: AtCmdFwd service not published, waiting... retryCnt : 2
04-11 16:12:58.003  1866  1866 I Choreographer: Skipped 43 frames!  The application may be doing too much work on its main thread.
04-11 16:12:58.007   435   435 D qdhwcomposer: applyDefaultMode: Not able to apply default mode
04-11 16:12:58.061  1866  1883 I zygote64: Do full code cache collection, code=124KB, data=85KB
04-11 16:12:58.061  1866  1883 I zygote64: After code cache collection, code=79KB, data=43KB
04-11 16:12:58.823   600   921 I /dev/.app_process_liveboot: Do partial code cache collection, code=29KB, data=23KB
04-11 16:12:58.824   600   921 I /dev/.app_process_liveboot: After code cache collection, code=29KB, data=23KB
04-11 16:12:58.824   600   921 I /dev/.app_process_liveboot: Increasing code cache capacity to 128KB
04-11 16:13:04.863   818   887 I WindowManager: ******* TELLING SURFACE FLINGER WE ARE BOOTED!
04-11 16:13:04.863   435  2429 I SurfaceFlinger: Boot is finished (28521 ms)
04-11 16:13:04.869   818   887 I SystemServiceManager: Starting phase 1000
04-11 16:13:04.879   818   887 W BatteryService: updateLightsLocked: mLineageBatteryLights is not yet ready; skipping
04-11 16:13:04.881   818   885 I UsbDeviceManager: Setting USB config to adb
04-11 16:13:04.901   818   887 D ActivityManager: Finishing user boot 0
04-11 16:13:04.902   818   887 I ActivityManager: User 0 state changed from BOOTING to RUNNING_LOCKED
04-11 16:13:04.903   818   887 D StorageManagerService: Setting property: sys.user.0.ce_available=true
04-11 16:13:04.904   818   887 I ActivityManager: User 0 state changed from RUNNING_LOCKED to RUNNING_UNLOCKING
04-11 16:13:04.904   818   887 D CryptdConnector: SND -> {5 cryptfs prepare_user_storage ! 0 0 2}
04-11 16:13:04.905   372   383 D vold    : e4crypt_prepare_user_storage for volume null, user 0, serial 0, flags 2
04-11 16:13:04.906   372   383 D vold    : Preparing: /data/system_ce/0
04-11 16:13:04.906   372   383 D vold    : Preparing: /data/misc_ce/0
04-11 16:13:04.906   372   383 D vold    : Preparing: /data/media/0
04-11 16:13:04.906   372   383 D vold    : Preparing: /data/data
04-11 16:13:04.906   818  1402 D CryptdConnector: RCV <- {200 5 Command succeeded}
04-11 16:13:04.907   818   887 V UserDataPreparer: Found /data/user/0 with serial number 0
04-11 16:13:04.907   818   887 V UserDataPreparer: Found /data/system_ce/0 with serial number 0
04-11 16:13:04.908   818   887 V PackageManager: reconcileAppsData for null u0 0x2 migrateAppData=false
04-11 16:13:04.916  3058  3058 I bootstat: Service started: /system/bin/bootstat --record_boot_complete 
04-11 16:13:04.933  3056  3060 I adbd    : initializing functionfs
04-11 16:13:04.934  3056  3060 I adbd    : opening control endpoint /dev/usb-ffs/adb/ep0
04-11 16:13:04.937  3059  3059 I bootstat: Service started: /system/bin/bootstat --record_boot_reason 
04-11 16:13:04.957  3061  3061 I bootstat: Service started: /system/bin/bootstat --record_time_since_factory_reset 
04-11 16:13:04.976  3062  3062 I bootstat: Service started: /system/bin/bootstat -l 
04-11 16:13:05.130   818   887 V PackageManager: reconcileAppsData finished 149 packages
04-11 16:13:05.130   818   870 I SystemServiceManager: Calling onUnlockUser u0
04-11 16:13:05.131   818   870 D BluetoothManagerService: User 0 unlocked
04-11 16:13:05.131   818   870 D StorageManagerService: onUnlockUser 0
04-11 16:13:05.131   818   886 D BluetoothManagerService: MESSAGE_USER_UNLOCKED
04-11 16:13:05.131   818   870 D VoldConnector: SND -> {6 volume user_started 0}
04-11 16:13:05.132   372   382 D vold    : Linking /storage/emulated/0 to /mnt/user/0/primary
04-11 16:13:05.134   818  1401 D VoldConnector: RCV <- {200 6 Command succeeded}
04-11 16:13:05.138   818  1398 D StorageManagerService: Volume emulated broadcasting mounted to UserHandle{0}
04-11 16:13:05.140   818  1438 I chatty  : uid=1000(system) WifiStateMachin expire 26 lines
04-11 16:13:05.146   818   885 D UsbDeviceManager: push notification:USB charging this device
04-11 16:13:05.182   818  2433 I ActivityManager: Start proc 3063:com.google.android.deskclock/u0a66 for broadcast com.google.android.deskclock/com.android.deskclock.AlarmInitReceiver
04-11 16:13:05.185   818  1497 D ConnectivityService: Got NetworkFactory Messenger for WIFI
04-11 16:13:05.185   818  1497 D ConnectivityService: Got NetworkFactory Messenger for WIFI_UT
04-11 16:13:05.189   818   870 I BackupManagerService: Instantiating BackupManagerService
04-11 16:13:05.197   818   870 I chatty  : uid=1000(system) ActivityManager expire 1 line
04-11 16:13:05.201   818   870 V BackupManagerService: No ancestral data
04-11 16:13:05.228   818   870 V BackupManagerService: Starting with transport com.google.android.gms/.backup.BackupTransportService
04-11 16:13:05.230   818   870 D BackupTransportManager: Binding to transport: android/com.android.internal.backup.LocalTransportService
04-11 16:13:05.231   818   870 D BackupTransportManager: Binding to transport: com.google.android.gms/.backup.BackupTransportService
04-11 16:13:05.236  3056  3060 I adbd    : functionfs successfully initialized
04-11 16:13:05.236  3056  3060 I adbd    : registering usb transport
04-11 16:13:05.247   818   870 I ActivityManager: Start proc 3081:com.google.android.gms.persistent/u0a30 for service com.google.android.gms/.backup.BackupTransportService
04-11 16:13:05.248   818   870 D BackupTransportManager: Binding to transport: com.google.android.gms/.backup.component.D2dTransportService
04-11 16:13:05.268   818   870 I BackupManagerService: Backup enabled => false
04-11 16:13:05.283   818   870 W SystemServiceManager: Service com.android.server.backup.BackupManagerService$Lifecycle took 94 ms in onUnlockUser 
04-11 16:13:05.293   818  3068 V KeyValueBackupJob: Scheduling k/v pass in 246 minutes
04-11 16:13:05.304   619   739 D CommandListener: Setting iface cfg
04-11 16:13:05.304   619   739 D CommandListener: Trying to bring up p2p0
04-11 16:13:05.306   818  1494 I chatty  : uid=1000(system) WifiP2pService expire 30 lines
04-11 16:13:05.341  1866  1866 D StatusBar: disable<e i a s b H R c s q >
04-11 16:13:05.378  3081  3081 I chatty  : uid=10030 com.google.android.gms.persistent expire 2 lines
04-11 16:13:05.394  1866  1866 D StatusBar: disable<e i a s b H R c s q >
04-11 16:13:05.401  1866  1866 D StatusBar: disable<e i a s b H R c s q >
04-11 16:13:05.433  1866  1866 I zygote64: Deoptimizing void com.android.systemui.statusbar.stack.NotificationStackScrollLayout.updateViewShadows() due to JIT inline cache
04-11 16:13:05.450  1866  1866 D StatusBar: disable<e i a s b h!r!c s q >
04-11 16:13:05.498  1853  1853 I InputAttributes: InputType.TYPE_NULL is specified
04-11 16:13:05.498   818   870 I ActivityManager: Start proc 3097:com.google.android.googlequicksearchbox:interactor/u0a50 for service com.google.android.googlequicksearchbox/com.google.android.voiceinteraction.GsaVoiceInteractionService
04-11 16:13:05.499   818   870 W SystemServiceManager: Service com.android.server.voiceinteraction.VoiceInteractionManagerService took 215 ms in onUnlockUser 
04-11 16:13:05.501   818   870 I ActivityManager: Loading recents for user 0 into memory.
04-11 16:13:05.510  3056  3056 I adbd    : Calling send_auth_request...
04-11 16:13:05.538   818  3068 I BackupManagerService: Found stale backup journal, scheduling
04-11 16:13:05.543  3056  3056 I adbd    : Loading keys from /data/misc/adb/adb_keys
04-11 16:13:05.547  3056  3056 I adbd    : adb client authorized
04-11 16:13:05.564   818   870 W ActivityManager: Slow operation: 52ms so far, now at startProcess: returned from zygote!
04-11 16:13:05.564   818   870 W ActivityManager: Slow operation: 52ms so far, now at startProcess: done updating battery stats
04-11 16:13:05.573   818   870 W ActivityManager: Slow operation: 60ms so far, now at startProcess: building log message
04-11 16:13:05.573   818   870 I ActivityManager: Start proc 3113:com.quicinc.cne.CNEService/1000 for added application com.quicinc.cne.CNEService
04-11 16:13:05.573   818   870 W ActivityManager: Slow operation: 60ms so far, now at startProcess: starting to update pids map
04-11 16:13:05.573   818   870 W ActivityManager: Slow operation: 60ms so far, now at startProcess: done updating pids map
04-11 16:13:05.609   818   870 I ActivityManager: Start proc 3125:com.pittvandewitt.viperfx/u0a109 for added application com.pittvandewitt.viperfx
04-11 16:13:05.636   818   870 I ActivityManager: Start proc 3138:com.android.nfc/1027 for added application com.android.nfc
04-11 16:13:05.667   818   870 I ActivityManager: Start proc 3147:com.qualcomm.qti.rcsbootstraputil/1001 for added application com.qualcomm.qti.rcsbootstraputil
04-11 16:13:05.698   818   870 I ActivityManager: Start proc 3168:com.qualcomm.qti.rcsimsbootstraputil/1001 for added application com.qualcomm.qti.rcsimsbootstraputil
04-11 16:13:05.699   818   818 I chatty  : uid=1000 system_server expire 5 lines
04-11 16:13:05.700   818   870 I ActivityManager: User 0 state changed from RUNNING_UNLOCKING to RUNNING_UNLOCKED
04-11 16:13:05.701   818   870 I ActivityManager: Sending BOOT_COMPLETE user #0
04-11 16:13:05.703   818  1892 I chatty  : uid=1000(system) Binder:818_3 expire 2 lines
04-11 16:13:05.707  2262  2262 I chatty  : uid=1001(radio) com.android.phone expire 6 lines
04-11 16:13:05.707  2330  2330 D FallbackHome: User unlocked and real home found; let's go!
04-11 16:13:05.728   818   870 I ActivityManager: Start proc 3186:android.process.media/u0a17 for broadcast com.android.providers.media/.MtpReceiver
04-11 16:13:05.729   818  2433 I chatty  : uid=1000(system) Binder:818_6 expire 1 line
04-11 16:13:05.734   818   869 I chatty  : uid=1000(system) android.bg expire 3 lines
04-11 16:13:05.739   818   871 W Looper  : Dispatch took 227ms on android.ui, h=Handler (com.android.server.am.ActivityManagerService$UiHandler) {2b15337} cb=null msg=53
04-11 16:13:05.749   818   818 V NotificationListeners: enabling notification listener for 0: ComponentInfo{org.lineageos.trebuchet/com.android.launcher3.notification.NotificationListener}
04-11 16:13:05.773   818  3181 I ActivityManager: Start proc 3207:com.android.smspush/u0a95 for service com.android.smspush/.WapPushManager
04-11 16:13:05.773   818  1508 I chatty  : uid=1000(system) notification-sq expire 1 line
04-11 16:13:05.786   818   885 I AppWidgetServiceImpl: Async processing of onUserUnlocked u0 took 503 ms
04-11 16:13:05.834   818   832 I ActivityManager: Start proc 3221:com.google.process.gservices/u0a30 for content provider com.google.android.gsf/.gservices.GservicesProvider
04-11 16:13:05.835   818   818 V NotificationListeners: binding: Intent { act=android.service.notification.NotificationListenerService cmp=org.lineageos.trebuchet/com.android.launcher3.notification.NotificationListener (has extras) }
04-11 16:13:05.851  3113  3113 D CNEServiceApp: start cne
04-11 16:13:05.864   818   818 I ActivityManager: Start proc 3232:org.lineageos.trebuchet/1000 for service org.lineageos.trebuchet/com.android.launcher3.notification.NotificationListener
04-11 16:13:05.887   818  3185 I ActivityManager: START u0 {act=android.intent.action.MAIN cat=[android.intent.category.HOME] flg=0x10000100 cmp=org.lineageos.trebuchet/com.android.launcher3.Launcher} from uid 0
04-11 16:13:05.932  3138  3138 I NfcService: Starting NFC service
04-11 16:13:05.966   818   869 I ActivityManager: Start proc 3258:com.android.printspooler/u0a92 for service com.android.printspooler/.model.PrintSpoolerService
04-11 16:13:06.004   818   818 D BackupTransportManager: Bound to transport: android/com.android.internal.backup.LocalTransportService
04-11 16:13:06.006  3113  3264 I QCNEJ   : |CORE:COM:RCVR| CNE creating socket
04-11 16:13:06.008  3113  3264 I QCNEJ   : |CORE:COM:RCVR| Connected to 'cnd' socket
04-11 16:13:06.009  3113  3264 W QCNEJ   : |CORE| UNKOWN Unsolicited Event 25
04-11 16:13:06.009  3113  3264 I QCNEJ   : |CORE| CNE_REQUEST_GET_BROWSERS_INFO_LIST received
04-11 16:13:06.018  3063  3063 I GAv4    : Google Analytics 11.0.58 is starting up. To enable debug logging on a device run:
04-11 16:13:06.018  3063  3063 I GAv4    :   adb shell setprop log.tag.GAv4 DEBUG
04-11 16:13:06.018  3063  3063 I GAv4    :   adb logcat -s GAv4
04-11 16:13:06.019  3221  3221 I chatty  : uid=10030(com.google.android.gms) com.google.process.gservices expire 1 line
04-11 16:13:06.027  3113  3264 I QCNEJ   : |CORE| CNE_NOTIFY_FEATURE_STATUS received
04-11 16:13:06.028  3113  3264 I QCNEJ   : |CORE| CNE_NOTIFY_FEATURE_STATUS received
04-11 16:13:06.042  3113  3113 D CNEServiceApp: broadcast cne started
04-11 16:13:06.042  3113  3113 W ContextImpl: Calling a method in the system process without a qualified user: android.app.ContextImpl.sendBroadcast:966 android.content.ContextWrapper.sendBroadcast:437 com.quicinc.cne.CNEService.CNEServiceApp.broadcastCNEStarted:102 com.quicinc.cne.CNEService.CNEServiceApp.startCne:114 com.quicinc.cne.CNEService.CNEServiceApp.onCreate:93 
04-11 16:13:06.051  1866  3273 W AsyncLayoutInflater: Failed to inflate resource in the background! Retrying on the UI thread
04-11 16:13:06.051  1866  3273 W AsyncLayoutInflater: android.view.InflateException: Binary XML file line #28: Binary XML file line #28: Error inflating class <unknown>
04-11 16:13:06.051  1866  3273 W AsyncLayoutInflater: Caused by: android.view.InflateException: Binary XML file line #28: Error inflating class <unknown>
04-11 16:13:06.051  1866  3273 W AsyncLayoutInflater: Caused by: java.lang.reflect.InvocationTargetException
04-11 16:13:06.051  1866  3273 W AsyncLayoutInflater: 	at java.lang.reflect.Constructor.newInstance0(Native Method)
04-11 16:13:06.051  1866  3273 W AsyncLayoutInflater: 	at java.lang.reflect.Constructor.newInstance(Constructor.java:334)
04-11 16:13:06.051  1866  3273 W AsyncLayoutInflater: 	at android.view.LayoutInflater.createView(LayoutInflater.java:647)
04-11 16:13:06.051  1866  3273 W AsyncLayoutInflater: 	at android.view.LayoutInflater.createViewFromTag(LayoutInflater.java:790)
04-11 16:13:06.051  1866  3273 W AsyncLayoutInflater: 	at android.view.LayoutInflater.createViewFromTag(LayoutInflater.java:730)
04-11 16:13:06.051  1866  3273 W AsyncLayoutInflater: 	at android.view.LayoutInflater.rInflate(LayoutInflater.java:863)
04-11 16:13:06.051  1866  3273 W AsyncLayoutInflater: 	at android.view.LayoutInflater.rInflateChildren(LayoutInflater.java:824)
04-11 16:13:06.051  1866  3273 W AsyncLayoutInflater: 	at android.view.LayoutInflater.inflate(LayoutInflater.java:515)
04-11 16:13:06.051  1866  3273 W AsyncLayoutInflater: 	at android.view.LayoutInflater.inflate(LayoutInflater.java:423)
04-11 16:13:06.051  1866  3273 W AsyncLayoutInflater: 	at android.support.v4.view.AsyncLayoutInflater$InflateThread.runInner(AsyncLayoutInflater.java:186)
04-11 16:13:06.051  1866  3273 W AsyncLayoutInflater: 	at android.support.v4.view.AsyncLayoutInflater$InflateThread.run(AsyncLayoutInflater.java:200)
