04-11 16:12:50.690   818   818 D UsbAlsaManager: Adding ALSA device AlsaDevice: [card: 0, device: 16, type: 2]
04-11 16:12:50.690   818   818 D UsbAlsaManager: Adding ALSA device AlsaDevice: [card: 0, device: 19, type: 2]
04-11 16:12:50.690   818   818 D UsbAlsaManager: Adding ALSA device AlsaDevice: [card: 0, device: 19, type: 1]
04-11 16:12:50.690   818   818 D UsbAlsaManager: Adding ALSA device AlsaDevice: [card: 0, device: 20, type: 2]
04-11 16:12:50.690   818   818 D UsbAlsaManager: Adding ALSA device AlsaDevice: [card: 0, device: 20, type: 1]
04-11 16:12:50.690   818   818 D UsbAlsaManager: Adding ALSA device AlsaDevice: [card: 0, device: 21, type: 1]
04-11 16:12:50.690   818   818 D UsbAlsaManager: Adding ALSA device AlsaDevice: [card: 0, device: 22, type: 2]
04-11 16:12:50.690   818   818 D UsbAlsaManager: Adding ALSA device AlsaDevice: [card: 0, device: 22, type: 1]
04-11 16:12:50.690   818   818 D UsbAlsaManager: Adding ALSA device AlsaDevice: [card: 0, device: 23, type: 2]
04-11 16:12:50.690   818   818 D UsbAlsaManager: Adding ALSA device AlsaDevice: [card: 0, device: 23, type: 1]
04-11 16:12:50.690   818   818 D UsbAlsaManager: Adding ALSA device AlsaDevice: [card: 0, device: 24, type: 2]
04-11 16:12:50.690   818   818 D UsbAlsaManager: Adding ALSA device AlsaDevice: [card: 0, device: 24, type: 1]
04-11 16:12:50.690   818   818 D UsbAlsaManager: Adding ALSA device AlsaDevice: [card: 0, device: 25, type: 2]
04-11 16:12:50.690   818   818 D UsbAlsaManager: Adding ALSA device AlsaDevice: [card: 0, device: 26, type: 1]
04-11 16:12:50.690   818   818 D UsbAlsaManager: Adding ALSA device AlsaDevice: [card: 0, device: 27, type: 2]
04-11 16:12:50.690   818   818 D UsbAlsaManager: Adding ALSA device AlsaDevice: [card: 0, device: 28, type: 2]
04-11 16:12:50.690   818   818 D UsbAlsaManager: Adding ALSA device AlsaDevice: [card: 0, device: 29, type: 2]
04-11 16:12:50.690   818   818 D UsbAlsaManager: Adding ALSA device AlsaDevice: [card: 0, device: 30, type: 2]
04-11 16:12:50.690   818   818 D UsbAlsaManager: Adding ALSA device AlsaDevice: [card: 0, device: 31, type: 2]
04-11 16:12:50.690   818   818 D UsbAlsaManager: Adding ALSA device AlsaDevice: [card: 0, device: 32, type: 2]
04-11 16:12:50.690   818   818 D UsbAlsaManager: Adding ALSA device AlsaDevice: [card: 0, device: 33, type: 2]
04-11 16:12:50.690   818   818 D UsbAlsaManager: Adding ALSA device AlsaDevice: [card: 0, device: 34, type: 2]
04-11 16:12:50.690   818   818 D UsbAlsaManager: Adding ALSA device AlsaDevice: [card: 0, device: 35, type: 2]
04-11 16:12:50.690   818   818 D UsbAlsaManager: Adding ALSA device AlsaDevice: [card: 0, device: 35, type: 1]
04-11 16:12:50.690   818   818 D UsbAlsaManager: Adding ALSA device AlsaDevice: [card: 0, device: 36, type: 2]
04-11 16:12:50.690   818   818 D UsbAlsaManager: Adding ALSA device AlsaDevice: [card: 0, device: 36, type: 1]
04-11 16:12:50.690   818   818 D UsbAlsaManager: Adding ALSA device AlsaDevice: [card: 0, device: 43, type: 2]
04-11 16:12:50.691   970  1144 I AudioFlinger: systemReady
04-11 16:12:50.697   818   818 W PocketService: Un-handled boot phase:550
04-11 16:12:50.699   428   428 I android.hardware.usb@1.0-service: otg_default
04-11 16:12:50.699   428   428 I android.hardware.usb@1.0-service: canChangeMode: 1 canChagedata: 0 canChangePower:0
04-11 16:12:50.706   818  1358 I UsbPortManager: ClientCallback: otg_default
04-11 16:12:50.730   818   885 I UsbPortManager: USB port added: port=UsbPort{id=otg_default, supportedModes=dual}, status=UsbPortStatus{connected=true, currentMode=ufp, currentPowerRole=sink, currentDataRole=device, supportedRoleCombinations=[source:host, sink:device]}, canChangeMode=true, canChangePowerRole=false, canChangeDataRole=false
04-11 16:12:50.733   818   818 I SystemServer: StartObservingNativeCrashes
04-11 16:12:50.737   372   382 V vold    : Waiting for FUSE to spin up...
04-11 16:12:50.741   818   865 I SystemServer: WebViewFactoryPreparation
04-11 16:12:50.742   818   818 I SystemServer: StartSystemUI
04-11 16:12:50.747  1873  1873 W /system/bin/sdcard: Device explicitly enabled sdcardfs
04-11 16:12:50.752   818   818 I SystemServer: MakeNetworkScoreReady
04-11 16:12:50.752   818   818 I SystemServer: MakeNetworkManagementServiceReady
04-11 16:12:50.753   818   818 D NetworkManagement: enabling bandwidth control
04-11 16:12:50.788   818  1401 D VoldConnector: RCV <- {651 emulated 2}
04-11 16:12:50.789   818  1401 D VoldConnector: RCV <- {200 5 Command succeeded}
04-11 16:12:50.798   818  1875 I chatty  : uid=1000(system) SoundPoolThread expire 12 lines
04-11 16:12:50.812   818   818 I SystemServer: MakeNetworkStatsServiceReady
04-11 16:12:50.816   818   881 E BatteryExternalStatsWorker: no controller energy info supplied for wifi
04-11 16:12:50.817   818   881 E BatteryExternalStatsWorker: no controller energy info supplied for telephony
04-11 16:12:50.828   429   429 I android.hardware.wifi@1.0-service: Wifi HAL started
04-11 16:12:50.843   624   624 E OMXMaster: A component of name 'OMX.qcom.audio.decoder.aac' already exists, ignoring this one.
04-11 16:12:50.862   624   624 W MediaCodecsXmlParser: unable to open media codecs configuration xml file: /data/misc/media/media_codecs_profiling_results.xml
04-11 16:12:50.863   624   624 W MediaCodecsXmlParser: parseTopLevelXMLFile(/data/misc/media/media_codecs_profiling_results.xml) failed
04-11 16:12:50.874   624   750 W MediaCodecsXmlParser: unable to open media codecs configuration xml file: /data/misc/media/media_codecs_profiling_results.xml
04-11 16:12:50.874   624   750 W MediaCodecsXmlParser: parseTopLevelXMLFile(/data/misc/media/media_codecs_profiling_results.xml) failed
04-11 16:12:50.879   624   624 I OMXMaster: makeComponentInstance(OMX.google.aac.decoder) in android.hardwar process
04-11 16:12:50.908   624  1940 I OMXMaster: makeComponentInstance(OMX.google.amrnb.decoder) in android.hardwar process
04-11 16:12:50.935   624  1940 I OMXMaster: makeComponentInstance(OMX.google.amrwb.decoder) in android.hardwar process
04-11 16:12:50.942   624  1940 I OMXMaster: makeComponentInstance(OMX.google.flac.decoder) in android.hardwar process
04-11 16:12:50.950   624   750 I OMXMaster: makeComponentInstance(OMX.google.g711.alaw.decoder) in android.hardwar process
04-11 16:12:50.958   624   624 I OMXMaster: makeComponentInstance(OMX.google.g711.mlaw.decoder) in android.hardwar process
04-11 16:12:50.963   624   624 I OMXMaster: makeComponentInstance(OMX.google.gsm.decoder) in android.hardwar process
04-11 16:12:50.970   624   624 I OMXMaster: makeComponentInstance(OMX.google.mp3.decoder) in android.hardwar process
04-11 16:12:50.980   624   750 I OMXMaster: makeComponentInstance(OMX.google.opus.decoder) in android.hardwar process
04-11 16:12:50.985   818   865 W ActivityManager: Slow operation: 185ms so far, now at startProcess: returned from zygote!
04-11 16:12:50.985   818   865 W ActivityManager: Slow operation: 185ms so far, now at startProcess: done updating battery stats
04-11 16:12:50.985   818   865 W ActivityManager: Slow operation: 185ms so far, now at startProcess: building log message
04-11 16:12:50.985   818   865 I ActivityManager: Start proc 1986:WebViewLoader-armeabi-v7a/1037 [android.webkit.WebViewLibraryLoader$RelroFileCreator] for 
04-11 16:12:50.985   818   865 W ActivityManager: Slow operation: 186ms so far, now at startProcess: starting to update pids map
04-11 16:12:50.985   818   865 W ActivityManager: Slow operation: 186ms so far, now at startProcess: done updating pids map
04-11 16:12:50.985   818   865 W ActivityManager: Slow operation: 187ms so far, now at startProcess: done starting proc!
04-11 16:12:50.993   818  1432 D NetworkPolicy: setRestrictBackgroundUL(): false
04-11 16:12:50.999   818  1432 I chatty  : uid=1000(system) NetworkPolicy expire 2 lines
04-11 16:12:51.009   624  1940 I OMXMaster: makeComponentInstance(OMX.google.raw.decoder) in android.hardwar process
04-11 16:12:51.026   818   865 I ActivityManager: Start proc 2011:WebViewLoader-arm64-v8a/1037 [android.webkit.WebViewLibraryLoader$RelroFileCreator] for 
04-11 16:12:51.026  1986  1986 V WebViewLibraryLoader: RelroFileCreator (64bit = false),  32-bit lib: /system/app/webview/webview.apk!/lib/armeabi-v7a/libwebviewchromium.so, 64-bit lib: /system/app/webview/webview.apk!/lib/arm64-v8a/libwebviewchromium.so
04-11 16:12:51.046   818   818 I SystemServer: MakeConnectivityServiceReady
04-11 16:12:51.047   624   624 I OMXMaster: makeComponentInstance(OMX.google.vorbis.decoder) in android.hardwar process
04-11 16:12:51.058  1866  1866 V SystemUIService: Starting SystemUI services for user 0.
04-11 16:12:51.062   624   750 I OMXMaster: makeComponentInstance(OMX.google.aac.encoder) in android.hardwar process
04-11 16:12:51.077   433   433 I MSM-irqbalance: Discovered a new IRQ: 81
04-11 16:12:51.088  2011  2011 V WebViewLibraryLoader: RelroFileCreator (64bit = true),  32-bit lib: /system/app/webview/webview.apk!/lib/armeabi-v7a/libwebviewchromium.so, 64-bit lib: /system/app/webview/webview.apk!/lib/arm64-v8a/libwebviewchromium.so
04-11 16:12:51.092   624   624 I OMXMaster: makeComponentInstance(OMX.google.amrnb.encoder) in android.hardwar process
04-11 16:12:51.131   433   433 I MSM-irqbalance: Discovered a new IRQ: 276
04-11 16:12:51.135   624  1940 I OMXMaster: makeComponentInstance(OMX.google.amrwb.encoder) in android.hardwar process
04-11 16:12:51.142   818   818 I SystemServer: MakeNetworkPolicyServiceReady
04-11 16:12:51.142   818   818 I SystemServer: StartWatchdog
04-11 16:12:51.143   818   818 I SystemServer: PhaseThirdPartyAppsCanStart
04-11 16:12:51.143   818   818 I SystemServiceManager: Starting phase 600
04-11 16:12:51.147  1853  1853 I LatinIME: Hardware accelerated drawing: true
04-11 16:12:51.150   818   818 V WallpaperManagerService: bindWallpaperComponentLocked: componentName=ComponentInfo{com.android.systemui/com.android.systemui.ImageWallpaper}
04-11 16:12:51.165  1866  1866 V MediaRouter: Adding route: RouteInfo{ name=Phone, description=null, status=null, category=RouteCategory{ name=System types=ROUTE_TYPE_LIVE_AUDIO ROUTE_TYPE_LIVE_VIDEO  groupable=false }, supportedTypes=ROUTE_TYPE_LIVE_AUDIO ROUTE_TYPE_LIVE_VIDEO , presentationDisplay=null }
04-11 16:12:51.184   624   750 I OMXMaster: makeComponentInstance(OMX.google.flac.encoder) in android.hardwar process
04-11 16:12:51.207   624   750 I OMXMaster: makeComponentInstance(OMX.qcom.video.decoder.avc) in android.hardwar process
04-11 16:12:51.225  1866  1866 V MediaRouter: Selecting route: RouteInfo{ name=Phone, description=null, status=null, category=RouteCategory{ name=System types=ROUTE_TYPE_LIVE_AUDIO ROUTE_TYPE_LIVE_VIDEO  groupable=false }, supportedTypes=ROUTE_TYPE_LIVE_AUDIO ROUTE_TYPE_LIVE_VIDEO , presentationDisplay=null }
04-11 16:12:51.242   818   818 W PocketService: Un-handled boot phase:600
04-11 16:12:51.243   818   818 I SystemServer: MakeLocationServiceReady
04-11 16:12:51.270   343   343 W /system/bin/hwservicemanager: getTransport: Cannot find entry android.hardware.gnss@1.0::IGnss/default in either framework or device manifest.
04-11 16:12:51.289  1986  1986 I zygote  : System.exit called, status: 0
04-11 16:12:51.289  1986  1986 I AndroidRuntime: VM exiting with result code 0, cleanup skipped.
04-11 16:12:51.308  1853  1853 W InputAttributes: No editor info for this field. Bug?
04-11 16:12:51.328  2011  2011 I zygote64: System.exit called, status: 0
04-11 16:12:51.328  2011  2011 I AndroidRuntime: VM exiting with result code 0, cleanup skipped.
04-11 16:12:51.362  1853  2123 I LatinIME:LogUtils: Dictionary info: dictionary = UserHistoryDictionary.en_US ; version = 1523477571 ; date = ?
04-11 16:12:51.369  1853  2123 I LatinIME:LogUtils: Dictionary info: dictionary = userunigram.en_US ; version = 1523477571 ; date = ?
04-11 16:12:51.370  1853  2123 E ActivityThread: Failed to find provider info for user_dictionary
04-11 16:12:51.439  1866  1866 W SoundPool: Use of stream types is deprecated for operations other than volume control
04-11 16:12:51.439  1866  1866 W SoundPool: See the documentation of SoundPool() for what to use instead with android.media.AudioAttributes to qualify your playback use case
04-11 16:12:51.444  1866  2147 V NuMediaExtractor: setDataSource fd=37 (/system/media/audio/ui/Lock.ogg), offset=0, length=8308
04-11 16:12:51.462  1866  2147 V NuMediaExtractor: track of type 'audio/vorbis' does not publish bitrate
04-11 16:12:51.492  1853  2123 I LatinIME:LogUtils: Dictionary info: dictionary = main:en ; version = 54 ; date = 1414726273
04-11 16:12:51.503   624   750 I OMX-VDEC-1080P: component_init: OMX.qcom.video.decoder.avc : fd=7
04-11 16:12:51.503   624   750 I OMX-VDEC-1080P: Capabilities: driver_name = msm_vidc_driver, card = msm_vdec_8974, bus_info = , version = 1, capabilities = 4003000
04-11 16:12:51.509   624   750 I OMX-VDEC-1080P: Enabling default extradata for OMX.qcom.video.decoder.avc
04-11 16:12:51.518   624   750 I OMX-VDEC-1080P: omx_vdec::component_init() success : fd=7
04-11 16:12:51.522   624   750 E OMX-VDEC-1080P: Extension: OMX.google.android.index.storeANWBufferInMetadata not implemented
04-11 16:12:51.522   624   750 E OMX-VDEC-1080P: Extension: OMX.google.android.index.configureVideoTunnelMode not implemented
04-11 16:12:51.522   624   750 E OMX-VDEC-1080P: Extension: OMX.google.android.index.useAndroidNativeBuffer is supported
04-11 16:12:51.525   624   750 E OMXNodeInstance: getParameter(0xe6c03d84:qcom.decoder.avc, ??(0x7f000044)) ERROR: UnsupportedSetting(0x80001019)
04-11 16:12:51.526   624   750 E OMXNodeInstance: getParameter(0xe6c03d84:qcom.decoder.avc, ??(0x7f000044)) ERROR: UnsupportedSetting(0x80001019)
04-11 16:12:51.530   624   624 E OMX-VDEC-1080P: Extension: OMX.google.android.index.configureVideoTunnelMode not implemented
04-11 16:12:51.531   624   624 E OMXNodeInstance: getExtensionIndex(0xe6c03d84:qcom.decoder.avc, OMX.google.android.index.configureVideoTunnelMode) ERROR: NotImplemented(0x80001006)
04-11 16:12:51.531   624  1940 E OMX-VDEC-1080P: Enable/Disable allocate-native-handle allowed only on input port!
04-11 16:12:51.531   624  1940 E OMX-VDEC-1080P: set_parameter: Error: 0x80001019, setting param 0x7f000045
04-11 16:12:51.531   624  1940 E OMXNodeInstance: setParameter(0xe6c03d84:qcom.decoder.avc, OMX.google.android.index.allocateNativeHandle(0x7f000045): Output:1 en=0) ERROR: UnsupportedSetting(0x80001019)
04-11 16:12:51.531   624  1940 E OMX-VDEC-1080P: Extension: OMX.google.android.index.storeANWBufferInMetadata not implemented
04-11 16:12:51.532   624   624 I OMX-VDEC-1080P: omx_vdec::component_deinit() complete
04-11 16:12:51.538   624   624 I OMX-VDEC-1080P: Exit OMX vdec Destructor: fd=7
04-11 16:12:51.542   624   624 I OMXMaster: makeComponentInstance(OMX.qcom.video.decoder.avc.secure) in android.hardwar process
04-11 16:12:51.543   624   624 I OMX-VDEC-1080P: component_init: OMX.qcom.video.decoder.avc : fd=7
04-11 16:12:51.543   624   624 I OMX-VDEC-1080P: Capabilities: driver_name = msm_vidc_driver, card = msm_vdec_8974, bus_info = , version = 1, capabilities = 4003000
04-11 16:12:51.549   624   624 I OMX-VDEC-1080P: Enabling default extradata for OMX.qcom.video.decoder.avc
04-11 16:12:51.558   624   624 I OMX-VDEC-1080P: omx_vdec::component_init() success : fd=7
04-11 16:12:51.564   624   624 E OMX-VDEC-1080P: Extension: OMX.google.android.index.storeANWBufferInMetadata not implemented
04-11 16:12:51.564   624   624 E OMX-VDEC-1080P: Extension: OMX.google.android.index.configureVideoTunnelMode not implemented
04-11 16:12:51.564   624   624 E OMX-VDEC-1080P: Extension: OMX.google.android.index.useAndroidNativeBuffer is supported
04-11 16:12:51.566   624   624 E OMXNodeInstance: getParameter(0xe6c03d84:qcom.decoder.avc.secure, ??(0x7f000044)) ERROR: UnsupportedSetting(0x80001019)
04-11 16:12:51.567   624   624 E OMXNodeInstance: getParameter(0xe6c03d84:qcom.decoder.avc.secure, ??(0x7f000044)) ERROR: UnsupportedSetting(0x80001019)
04-11 16:12:51.567   624   750 E OMX-VDEC-1080P: Extension: OMX.google.android.index.configureVideoTunnelMode not implemented
04-11 16:12:51.567   624   750 E OMXNodeInstance: getExtensionIndex(0xe6c03d84:qcom.decoder.avc.secure, OMX.google.android.index.configureVideoTunnelMode) ERROR: NotImplemented(0x80001006)
04-11 16:12:51.568   624   624 E OMX-VDEC-1080P: Enable/Disable allocate-native-handle allowed only on input port!
04-11 16:12:51.568   624   624 E OMX-VDEC-1080P: set_parameter: Error: 0x80001019, setting param 0x7f000045
04-11 16:12:51.568   624   624 E OMXNodeInstance: setParameter(0xe6c03d84:qcom.decoder.avc.secure, OMX.google.android.index.allocateNativeHandle(0x7f000045): Output:1 en=0) ERROR: UnsupportedSetting(0x80001019)
04-11 16:12:51.568   624   624 E OMX-VDEC-1080P: Extension: OMX.google.android.index.storeANWBufferInMetadata not implemented
04-11 16:12:51.568   624  1940 I OMX-VDEC-1080P: omx_vdec::component_deinit() complete
04-11 16:12:51.576   624  1940 I OMX-VDEC-1080P: Exit OMX vdec Destructor: fd=7
04-11 16:12:51.582   624  1940 I OMXMaster: makeComponentInstance(OMX.google.h264.decoder) in android.hardwar process
04-11 16:12:51.590   624   750 E OMXNodeInstance: getExtensionIndex(0xe768c0c0:google.h264.decoder, OMX.google.android.index.configureVideoTunnelMode) ERROR: UnsupportedIndex(0x8000101a)
04-11 16:12:51.590   624   624 E OMXNodeInstance: getExtensionIndex(0xe768c0c0:google.h264.decoder, OMX.google.android.index.enableAndroidNativeBuffers) ERROR: UnsupportedIndex(0x8000101a)
04-11 16:12:51.601   624   750 I OMXMaster: makeComponentInstance(OMX.qcom.video.decoder.h263) in android.hardwar process
04-11 16:12:51.602   624   750 I OMX-VDEC-1080P: component_init: OMX.qcom.video.decoder.h263 : fd=7
04-11 16:12:51.602   624   750 I OMX-VDEC-1080P: Capabilities: driver_name = msm_vidc_driver, card = msm_vdec_8974, bus_info = , version = 1, capabilities = 4003000
04-11 16:12:51.607   624   750 I OMX-VDEC-1080P: omx_vdec::component_init() success : fd=7
04-11 16:12:51.609   624   624 E OMX-VDEC-1080P: Extension: OMX.google.android.index.storeANWBufferInMetadata not implemented
04-11 16:12:51.609   624   624 E OMX-VDEC-1080P: Extension: OMX.google.android.index.configureVideoTunnelMode not implemented
04-11 16:12:51.609   624   624 E OMX-VDEC-1080P: Extension: OMX.google.android.index.useAndroidNativeBuffer is supported
04-11 16:12:51.609   624   624 E OMXNodeInstance: getParameter(0xe6c10f84:qcom.decoder.h263, ??(0x7f000044)) ERROR: UnsupportedSetting(0x80001019)
04-11 16:12:51.610   624   624 E OMXNodeInstance: getParameter(0xe6c10f84:qcom.decoder.h263, ??(0x7f000044)) ERROR: UnsupportedSetting(0x80001019)
04-11 16:12:51.611   624   750 E OMX-VDEC-1080P: Extension: OMX.google.android.index.configureVideoTunnelMode not implemented
04-11 16:12:51.611   624   750 E OMXNodeInstance: getExtensionIndex(0xe6c10f84:qcom.decoder.h263, OMX.google.android.index.configureVideoTunnelMode) ERROR: NotImplemented(0x80001006)
04-11 16:12:51.611   624   624 E OMX-VDEC-1080P: Enable/Disable allocate-native-handle allowed only on input port!
04-11 16:12:51.611   624   624 E OMX-VDEC-1080P: set_parameter: Error: 0x80001019, setting param 0x7f000045
04-11 16:12:51.611   624   624 E OMXNodeInstance: setParameter(0xe6c10f84:qcom.decoder.h263, OMX.google.android.index.allocateNativeHandle(0x7f000045): Output:1 en=0) ERROR: UnsupportedSetting(0x80001019)
04-11 16:12:51.611   624   624 E OMX-VDEC-1080P: Extension: OMX.google.android.index.storeANWBufferInMetadata not implemented
04-11 16:12:51.611   624  1940 I OMX-VDEC-1080P: omx_vdec::component_deinit() complete
04-11 16:12:51.614   818   818 W LocationProviderProxy-network: Odd, no component found for service com.android.location.service.v3.NetworkLocationProvider
04-11 16:12:51.617   624  1940 I OMX-VDEC-1080P: Exit OMX vdec Destructor: fd=7
04-11 16:12:51.622  1866  1866 I vol.Events: writeEvent collection_started
04-11 16:12:51.625   624  1940 I OMXMaster: makeComponentInstance(OMX.google.h263.decoder) in android.hardwar process
04-11 16:12:51.627   818   818 W GeocoderProxy: Odd, no component found for service com.android.location.service.GeocodeProvider
04-11 16:12:51.627   818  2208 I chatty  : uid=1000 system_server expire 1 line
04-11 16:12:51.630   818   818 D LocationManagerService: FLP HAL not supported
04-11 16:12:51.631   624   624 E OMXNodeInstance: getExtensionIndex(0xe7aa2960:google.h263.decoder, OMX.google.android.index.configureVideoTunnelMode) ERROR: UnsupportedIndex(0x8000101a)
04-11 16:12:51.632   624  1940 E OMXNodeInstance: getExtensionIndex(0xe7aa2960:google.h263.decoder, OMX.google.android.index.enableAndroidNativeBuffers) ERROR: UnsupportedIndex(0x8000101a)
04-11 16:12:51.633   818   818 W GeofenceProxy: Odd, no component found for service com.android.location.service.GeofenceProvider
04-11 16:12:51.637   818   818 D LocationManagerService: Hardware Activity-Recognition not supported.
04-11 16:12:51.639   818   818 W ActivityRecognitionProxy: Odd, no component found for service com.android.location.service.ActivityRecognitionProvider
04-11 16:12:51.641   624   624 I OMXMaster: makeComponentInstance(OMX.qcom.video.decoder.hevc) in android.hardwar process
04-11 16:12:51.642   624   624 I OMX-VDEC-1080P: component_init: OMX.qcom.video.decoder.hevc : fd=7
04-11 16:12:51.642   624   624 I OMX-VDEC-1080P: Capabilities: driver_name = msm_vidc_driver, card = msm_vdec_8974, bus_info = , version = 1, capabilities = 4003000
04-11 16:12:51.651   624   624 I OMX-VDEC-1080P: omx_vdec::component_init() success : fd=7
04-11 16:12:51.653   624   750 E OMX-VDEC-1080P: Extension: OMX.google.android.index.storeANWBufferInMetadata not implemented
04-11 16:12:51.653   624   750 E OMX-VDEC-1080P: Extension: OMX.google.android.index.configureVideoTunnelMode not implemented
04-11 16:12:51.653   624   750 E OMX-VDEC-1080P: Extension: OMX.google.android.index.useAndroidNativeBuffer is supported
04-11 16:12:51.654   624   750 E OMXNodeInstance: getParameter(0xe7203004:qcom.decoder.hevc, ??(0x7f000044)) ERROR: UnsupportedSetting(0x80001019)
04-11 16:12:51.654   624   750 E OMXNodeInstance: getParameter(0xe7203004:qcom.decoder.hevc, ??(0x7f000044)) ERROR: UnsupportedSetting(0x80001019)
04-11 16:12:51.655   624   624 E OMX-VDEC-1080P: Extension: OMX.google.android.index.configureVideoTunnelMode not implemented
04-11 16:12:51.655   624   624 E OMXNodeInstance: getExtensionIndex(0xe7203004:qcom.decoder.hevc, OMX.google.android.index.configureVideoTunnelMode) ERROR: NotImplemented(0x80001006)
04-11 16:12:51.655   624   750 E OMX-VDEC-1080P: Enable/Disable allocate-native-handle allowed only on input port!
04-11 16:12:51.655   624   750 E OMX-VDEC-1080P: set_parameter: Error: 0x80001019, setting param 0x7f000045
04-11 16:12:51.655   624   750 E OMXNodeInstance: setParameter(0xe7203004:qcom.decoder.hevc, OMX.google.android.index.allocateNativeHandle(0x7f000045): Output:1 en=0) ERROR: UnsupportedSetting(0x80001019)
04-11 16:12:51.655   624   750 E OMX-VDEC-1080P: Extension: OMX.google.android.index.storeANWBufferInMetadata not implemented
04-11 16:12:51.656   624  1940 I OMX-VDEC-1080P: omx_vdec::component_deinit() complete
04-11 16:12:51.657   818   818 I SystemServer: MakeCountryDetectionServiceReady
04-11 16:12:51.657   818   818 I SystemServer: MakeNetworkTimeUpdateReady
04-11 16:12:51.657   624  1940 I OMX-VDEC-1080P: Exit OMX vdec Destructor: fd=7
04-11 16:12:51.660   624  1940 I OMXMaster: makeComponentInstance(OMX.qcom.video.decoder.hevc.secure) in android.hardwar process
04-11 16:12:51.661   624  1940 I OMX-VDEC-1080P: component_init: OMX.qcom.video.decoder.hevc : fd=7
04-11 16:12:51.661   624  1940 I OMX-VDEC-1080P: Capabilities: driver_name = msm_vidc_driver, card = msm_vdec_8974, bus_info = , version = 1, capabilities = 4003000
04-11 16:12:51.666   818   818 D ConnectivityService: requestNetwork for uid/pid:1000/818 NetworkRequest [ TRACK_DEFAULT id=5, [ Capabilities: INTERNET&NOT_RESTRICTED&TRUSTED&NOT_VPN] ]
04-11 16:12:51.667   818   818 I SystemServer: MakeCommonTimeManagementServiceReady
04-11 16:12:51.667   818   818 I SystemServer: MakeInputManagerServiceReady
04-11 16:12:51.668   624  1940 I OMX-VDEC-1080P: omx_vdec::component_init() success : fd=7
04-11 16:12:51.669   624   624 E OMX-VDEC-1080P: Extension: OMX.google.android.index.storeANWBufferInMetadata not implemented
04-11 16:12:51.669   624   624 E OMX-VDEC-1080P: Extension: OMX.google.android.index.configureVideoTunnelMode not implemented
04-11 16:12:51.669   624   624 E OMX-VDEC-1080P: Extension: OMX.google.android.index.useAndroidNativeBuffer is supported
04-11 16:12:51.670   624   624 E OMXNodeInstance: getParameter(0xe7203004:qcom.decoder.hevc.secure, ??(0x7f000044)) ERROR: UnsupportedSetting(0x80001019)
04-11 16:12:51.671   624   624 E OMXNodeInstance: getParameter(0xe7203004:qcom.decoder.hevc.secure, ??(0x7f000044)) ERROR: UnsupportedSetting(0x80001019)
04-11 16:12:51.673   624  1940 E OMX-VDEC-1080P: Extension: OMX.google.android.index.configureVideoTunnelMode not implemented
04-11 16:12:51.673   624  1940 E OMXNodeInstance: getExtensionIndex(0xe7203004:qcom.decoder.hevc.secure, OMX.google.android.index.configureVideoTunnelMode) ERROR: NotImplemented(0x80001006)
04-11 16:12:51.673   818   818 I SystemServer: MakeTelephonyRegistryReady
04-11 16:12:51.673   624   624 E OMX-VDEC-1080P: Enable/Disable allocate-native-handle allowed only on input port!
04-11 16:12:51.673   624   624 E OMX-VDEC-1080P: set_parameter: Error: 0x80001019, setting param 0x7f000045
04-11 16:12:51.673   624   624 E OMXNodeInstance: setParameter(0xe7203004:qcom.decoder.hevc.secure, OMX.google.android.index.allocateNativeHandle(0x7f000045): Output:1 en=0) ERROR: UnsupportedSetting(0x80001019)
04-11 16:12:51.673   624   624 E OMX-VDEC-1080P: Extension: OMX.google.android.index.storeANWBufferInMetadata not implemented
04-11 16:12:51.673   624   750 I OMX-VDEC-1080P: omx_vdec::component_deinit() complete
04-11 16:12:51.675   818   818 I SystemServer: MakeMediaRouterServiceReady
04-11 16:12:51.677   818   818 I SystemServer: MakeMmsServiceReady
04-11 16:12:51.677   818   818 I MmsServiceBroker: Delay connecting to MmsService until an API is called
04-11 16:12:51.679   818   818 I SystemServer: MakeNetworkScoreServiceReady
04-11 16:12:51.680   818   818 I SystemServer: IncidentDaemonReady
04-11 16:12:51.681   818   818 I SystemServiceManager: Calling onStartUser u0
04-11 16:12:51.683   624   750 I OMX-VDEC-1080P: Exit OMX vdec Destructor: fd=7
04-11 16:12:51.691   624   750 I OMXMaster: makeComponentInstance(OMX.google.hevc.decoder) in android.hardwar process
04-11 16:12:51.699  1866  2218 I vol.Events: writeEvent external_ringer_mode_changed normal
04-11 16:12:51.699  1866  2218 I vol.Events: writeEvent internal_ringer_mode_changed normal
04-11 16:12:51.701   624  1940 E OMXNodeInstance: getExtensionIndex(0xe768c0c0:google.hevc.decoder, OMX.google.android.index.configureVideoTunnelMode) ERROR: UnsupportedIndex(0x8000101a)
04-11 16:12:51.702   624   624 E OMXNodeInstance: getExtensionIndex(0xe768c0c0:google.hevc.decoder, OMX.google.android.index.enableAndroidNativeBuffers) ERROR: UnsupportedIndex(0x8000101a)
04-11 16:12:51.712   624   624 I OMXMaster: makeComponentInstance(OMX.qcom.video.decoder.mpeg4) in android.hardwar process
04-11 16:12:51.712   624   624 I OMX-VDEC-1080P: component_init: OMX.qcom.video.decoder.mpeg4 : fd=7
04-11 16:12:51.713   624   624 I OMX-VDEC-1080P: Capabilities: driver_name = msm_vidc_driver, card = msm_vdec_8974, bus_info = , version = 1, capabilities = 4003000
04-11 16:12:51.716   818  2242 I chatty  : uid=1000 system_server expire 1 line
04-11 16:12:51.717   624   624 I OMX-VDEC-1080P: omx_vdec::component_init() success : fd=7
04-11 16:12:51.719   624   750 E OMX-VDEC-1080P: Extension: OMX.google.android.index.storeANWBufferInMetadata not implemented
04-11 16:12:51.719   624   750 E OMX-VDEC-1080P: Extension: OMX.google.android.index.configureVideoTunnelMode not implemented
04-11 16:12:51.719   624   750 E OMX-VDEC-1080P: Extension: OMX.google.android.index.useAndroidNativeBuffer is supported
04-11 16:12:51.720   624   750 E OMXNodeInstance: getParameter(0xe7203004:qcom.decoder.mpeg4, ??(0x7f000044)) ERROR: UnsupportedSetting(0x80001019)
04-11 16:12:51.721   624   750 E OMXNodeInstance: getParameter(0xe7203004:qcom.decoder.mpeg4, ??(0x7f000044)) ERROR: UnsupportedSetting(0x80001019)
04-11 16:12:51.722   624  1940 E OMX-VDEC-1080P: Extension: OMX.google.android.index.configureVideoTunnelMode not implemented
04-11 16:12:51.722   624  1940 E OMXNodeInstance: getExtensionIndex(0xe7203004:qcom.decoder.mpeg4, OMX.google.android.index.configureVideoTunnelMode) ERROR: NotImplemented(0x80001006)
04-11 16:12:51.722   624   750 E OMX-VDEC-1080P: Enable/Disable allocate-native-handle allowed only on input port!
04-11 16:12:51.722   624   750 E OMX-VDEC-1080P: set_parameter: Error: 0x80001019, setting param 0x7f000045
04-11 16:12:51.722   624   750 E OMXNodeInstance: setParameter(0xe7203004:qcom.decoder.mpeg4, OMX.google.android.index.allocateNativeHandle(0x7f000045): Output:1 en=0) ERROR: UnsupportedSetting(0x80001019)
04-11 16:12:51.722   624   750 E OMX-VDEC-1080P: Extension: OMX.google.android.index.storeANWBufferInMetadata not implemented
04-11 16:12:51.723   624   624 I OMX-VDEC-1080P: omx_vdec::component_deinit() complete
04-11 16:12:51.729   624   624 I OMX-VDEC-1080P: Exit OMX vdec Destructor: fd=7
04-11 16:12:51.732   818   818 I ActivityManager: Start proc 2262:com.android.phone/1001 for added application com.android.phone
04-11 16:12:51.734   624   624 I OMXMaster: makeComponentInstance(OMX.google.mpeg4.decoder) in android.hardwar process
04-11 16:12:51.735   818   818 I ActivityManager: START u0 {act=android.intent.action.MAIN cat=[android.intent.category.HOME] flg=0x10000100 cmp=com.android.settings/.FallbackHome} from uid 0
04-11 16:12:51.737   624   624 E OMXNodeInstance: getExtensionIndex(0xe768c0c0:google.mpeg4.decoder, OMX.google.android.index.configureVideoTunnelMode) ERROR: UnsupportedIndex(0x8000101a)
04-11 16:12:51.738   624  1940 E OMXNodeInstance: getExtensionIndex(0xe768c0c0:google.mpeg4.decoder, OMX.google.android.index.enableAndroidNativeBuffers) ERROR: UnsupportedIndex(0x8000101a)
04-11 16:12:51.753   624  1940 I OMXMaster: makeComponentInstance(OMX.qcom.video.decoder.vp8) in android.hardwar process
04-11 16:12:51.754   624  1940 I OMX-VDEC-1080P: component_init: OMX.qcom.video.decoder.vp8 : fd=7
04-11 16:12:51.754   624  1940 I OMX-VDEC-1080P: Capabilities: driver_name = msm_vidc_driver, card = msm_vdec_8974, bus_info = , version = 1, capabilities = 4003000
04-11 16:12:51.759   624  1940 I OMX-VDEC-1080P: omx_vdec::component_init() success : fd=7
04-11 16:12:51.763   624   624 E OMX-VDEC-1080P: Extension: OMX.google.android.index.storeANWBufferInMetadata not implemented
04-11 16:12:51.763   624   624 E OMX-VDEC-1080P: Extension: OMX.google.android.index.configureVideoTunnelMode not implemented
04-11 16:12:51.763   624   624 E OMX-VDEC-1080P: Extension: OMX.google.android.index.useAndroidNativeBuffer is supported
04-11 16:12:51.765   624   624 E OMXNodeInstance: getParameter(0xe6c10f84:qcom.decoder.vp8, ??(0x7f000044)) ERROR: UnsupportedSetting(0x80001019)
04-11 16:12:51.765   624   624 E OMXNodeInstance: getParameter(0xe6c10f84:qcom.decoder.vp8, ??(0x7f000044)) ERROR: UnsupportedSetting(0x80001019)
04-11 16:12:51.766   624   750 E OMX-VDEC-1080P: Extension: OMX.google.android.index.configureVideoTunnelMode not implemented
04-11 16:12:51.766   624   750 E OMXNodeInstance: getExtensionIndex(0xe6c10f84:qcom.decoder.vp8, OMX.google.android.index.configureVideoTunnelMode) ERROR: NotImplemented(0x80001006)
04-11 16:12:51.766   624   624 E OMX-VDEC-1080P: Enable/Disable allocate-native-handle allowed only on input port!
04-11 16:12:51.766   624   624 E OMX-VDEC-1080P: set_parameter: Error: 0x80001019, setting param 0x7f000045
04-11 16:12:51.766   624   624 E OMXNodeInstance: setParameter(0xe6c10f84:qcom.decoder.vp8, OMX.google.android.index.allocateNativeHandle(0x7f000045): Output:1 en=0) ERROR: UnsupportedSetting(0x80001019)
04-11 16:12:51.766   624   624 E OMX-VDEC-1080P: Extension: OMX.google.android.index.storeANWBufferInMetadata not implemented
04-11 16:12:51.767   624  1940 I OMX-VDEC-1080P: omx_vdec::component_deinit() complete
04-11 16:12:51.768   624  1940 I OMX-VDEC-1080P: Exit OMX vdec Destructor: fd=7
04-11 16:12:51.778   624  1940 I OMXMaster: makeComponentInstance(OMX.google.vp8.decoder) in android.hardwar process
04-11 16:12:51.792   624   624 E OMXNodeInstance: getExtensionIndex(0xe7aa29c0:google.vp8.decoder, OMX.google.android.index.configureVideoTunnelMode) ERROR: UnsupportedIndex(0x8000101a)
04-11 16:12:51.792   624  1940 E OMXNodeInstance: getExtensionIndex(0xe7aa29c0:google.vp8.decoder, OMX.google.android.index.enableAndroidNativeBuffers) ERROR: UnsupportedIndex(0x8000101a)
04-11 16:12:51.801   624   624 I OMXMaster: makeComponentInstance(OMX.google.vp9.decoder) in android.hardwar process
04-11 16:12:51.804   624   624 E OMXNodeInstance: getExtensionIndex(0xe7aa29c0:google.vp9.decoder, OMX.google.android.index.configureVideoTunnelMode) ERROR: UnsupportedIndex(0x8000101a)
04-11 16:12:51.804   624   750 E OMXNodeInstance: getExtensionIndex(0xe7aa29c0:google.vp9.decoder, OMX.google.android.index.enableAndroidNativeBuffers) ERROR: UnsupportedIndex(0x8000101a)
04-11 16:12:51.808   624   624 I OMXMaster: makeComponentInstance(OMX.qcom.video.encoder.avc) in android.hardwar process
04-11 16:12:51.826   624   624 E OMX-VENC: Setting session priority failed
04-11 16:12:51.828   624   624 I OMX-VENC: Component_init : OMX.qcom.video.encoder.avc : return = 0x0
04-11 16:12:51.831   614   614 W OMXUtils: do not know color format 0x7fa30c04 = 2141391876
04-11 16:12:51.831   614   614 W OMXUtils: do not know color format 0x7f000789 = 2130708361
04-11 16:12:51.837   818   818 I ActivityManager: Loaded persisted task ids for user 0
04-11 16:12:51.840   624   750 I OMX-VENC: Component Deinit
04-11 16:12:51.842   818  2197 I chatty  : uid=1000(system) Thread-4 expire 2 lines
04-11 16:12:51.847   624   750 I OMXMaster: makeComponentInstance(OMX.google.h264.encoder) in android.hardwar process
04-11 16:12:51.855   614   614 W OMXUtils: do not know color format 0x7f000789 = 2130708361
04-11 16:12:51.861   624   750 I OMXMaster: makeComponentInstance(OMX.qcom.video.encoder.h263) in android.hardwar process
04-11 16:12:51.866   624   750 E OMX-VENC: Setting session priority failed
04-11 16:12:51.868   624   750 I OMX-VENC: Component_init : OMX.qcom.video.encoder.h263 : return = 0x0
04-11 16:12:51.869   624  1940 E OMX-VENC: get_parameter: OMX_IndexParamVideoProfileLevelQuerySupported nProfileIndex ret NoMore 1
04-11 16:12:51.870   614   614 W OMXUtils: do not know color format 0x7fa30c04 = 2141391876
04-11 16:12:51.871   614   614 W OMXUtils: do not know color format 0x7f000789 = 2130708361
04-11 16:12:51.878   624  1940 I OMX-VENC: Component Deinit
04-11 16:12:51.882   624  1940 I OMXMaster: makeComponentInstance(OMX.google.h263.encoder) in android.hardwar process
04-11 16:12:51.885   818   818 I ActivityManager: Start proc 2330:com.android.settings/1000 for activity com.android.settings/.FallbackHome
04-11 16:12:51.889   624  1940 I SoftMPEG4Encoder: Construct SoftMPEG4Encoder
04-11 16:12:51.895   614   614 W OMXUtils: do not know color format 0x7f000789 = 2130708361
04-11 16:12:51.895   624  1940 E OMXNodeInstance: getConfig(0xe7aa2a20:google.h263.encoder, ConfigAndroidIntraRefresh(0x6f60000a)) ERROR: Undefined(0x80001001)
04-11 16:12:51.899   624   624 I OMXMaster: makeComponentInstance(OMX.qcom.video.encoder.mpeg4) in android.hardwar process
04-11 16:12:51.903   818   818 D SystemServerInitThreadPool: Shutdown successful
04-11 16:12:51.907   624   624 E OMX-VENC: Setting session priority failed
04-11 16:12:51.908   818   871 W Looper  : Dispatch took 217ms on android.ui, h=Handler (com.android.server.am.ActivityManagerService$UiHandler) {2b15337} cb=null msg=53
04-11 16:12:51.914   624   624 I OMX-VENC: Component_init : OMX.qcom.video.encoder.mpeg4 : return = 0x0
04-11 16:12:51.919   624  1940 E OMX-VENC: get_parameter: OMX_IndexParamVideoProfileLevelQuerySupported nProfileIndex ret NoMore 2
04-11 16:12:51.920   614   614 W OMXUtils: do not know color format 0x7fa30c04 = 2141391876
04-11 16:12:51.921   614   614 W OMXUtils: do not know color format 0x7f000789 = 2130708361
04-11 16:12:51.929   624  1940 I OMX-VENC: Component Deinit
04-11 16:12:51.930   818   818 D ConditionProviders.SCP: onConnected
04-11 16:12:51.934   624  1940 I OMXMaster: makeComponentInstance(OMX.google.mpeg4.encoder) in android.hardwar process
04-11 16:12:51.935   624  1940 I SoftMPEG4Encoder: Construct SoftMPEG4Encoder
04-11 16:12:51.937   818   818 D ConditionProviders: Subscribing to condition://android/event?userId=-10000&calendar=&reply=1 with ComponentInfo{android/com.android.server.notification.EventConditionProvider}
04-11 16:12:51.938   818   818 D ConditionProviders: Subscribing to condition://android/schedule?days=1.2.3.4.5&start=22.0&end=7.0&exitAtAlarm=false with ComponentInfo{android/com.android.server.notification.ScheduleConditionProvider}
04-11 16:12:51.938   818   818 D ConditionProviders: Subscribing to condition://android/schedule?days=6.7&start=23.30&end=10.0&exitAtAlarm=false with ComponentInfo{android/com.android.server.notification.ScheduleConditionProvider}
04-11 16:12:51.940   614   614 W OMXUtils: do not know color format 0x7f000789 = 2130708361
04-11 16:12:51.941   624  1940 E OMXNodeInstance: getConfig(0xe7aa28a0:google.mpeg4.encoder, ConfigAndroidIntraRefresh(0x6f60000a)) ERROR: Undefined(0x80001001)
04-11 16:12:51.955   624   624 I OMXMaster: makeComponentInstance(OMX.qcom.video.encoder.vp8) in android.hardwar process
04-11 16:12:51.959   624   624 E OMX-VENC: Setting session priority failed
04-11 16:12:51.961   624   624 I OMX-VENC: Component_init : OMX.qcom.video.encoder.vp8 : return = 0x0
04-11 16:12:51.968   614   614 W OMXUtils: do not know color format 0x7fa30c04 = 2141391876
04-11 16:12:51.970   614   614 W OMXUtils: do not know color format 0x7f000789 = 2130708361
04-11 16:12:51.984   624  1940 I OMX-VENC: Component Deinit
04-11 16:12:51.982   818   869 W LocationProviderProxy-network: Odd, no component found for service com.android.location.service.v3.NetworkLocationProvider
04-11 16:12:51.993   624  1940 I OMXMaster: makeComponentInstance(OMX.google.vp8.encoder) in android.hardwar process
04-11 16:12:52.012   614   614 W OMXUtils: do not know color format 0x7f000789 = 2130708361
04-11 16:12:52.012   624   750 E OMXNodeInstance: getConfig(0xe7aa2900:google.vp8.encoder, ConfigAndroidIntraRefresh(0x6f60000a)) ERROR: Undefined(0x80001001)
04-11 16:12:52.017   624  1940 I OMXMaster: makeComponentInstance(OMX.google.vp9.encoder) in android.hardwar process
04-11 16:12:52.021   614   614 W OMXUtils: do not know color format 0x7f000789 = 2130708361
04-11 16:12:52.022   624  1940 E OMXNodeInstance: getConfig(0xe7aa2900:google.vp9.encoder, ConfigAndroidIntraRefresh(0x6f60000a)) ERROR: Undefined(0x80001001)
04-11 16:12:52.026   818   869 W GeocoderProxy: Odd, no component found for service com.android.location.service.GeocodeProvider
04-11 16:12:52.043   624   750 I OMXMaster: makeComponentInstance(OMX.google.vorbis.decoder) in android.hardwar process
04-11 16:12:52.046   624   750 E OMXNodeInstance: getConfig(0xe7aa2900:google.vorbis.decoder, ConfigAndroidVendorExtension(0x6f100004)) ERROR: Undefined(0x80001001)
04-11 16:12:52.047   624  1940 I OMXMaster: makeComponentInstance(OMX.google.vorbis.decoder) in android.hardwar process
04-11 16:12:52.053   624   750 E OMXNodeInstance: getConfig(0xe7aa2a20:google.vorbis.decoder, ConfigAndroidVendorExtension(0x6f100004)) ERROR: Undefined(0x80001001)
04-11 16:12:52.054   818   869 W GeofenceProxy: Odd, no component found for service com.android.location.service.GeofenceProvider
04-11 16:12:52.065   818   869 W ActivityRecognitionProxy: Odd, no component found for service com.android.location.service.ActivityRecognitionProvider
04-11 16:12:52.212  2330  2430 D OpenGLRenderer: HWUI GL Pipeline
04-11 16:12:52.218  2262  2262 I chatty  : uid=1001(radio) com.android.phone expire 22 lines
04-11 16:12:52.223   818   833 I chatty  : uid=1000(system) Binder:818_2 expire 3 lines
04-11 16:12:52.230  1866  2147 V NuMediaExtractor: setDataSource fd=38 (/system/media/audio/ui/Unlock.ogg), offset=0, length=7853
04-11 16:12:52.265  1866  2147 V NuMediaExtractor: track of type 'audio/vorbis' does not publish bitrate
04-11 16:12:52.266  2330  2430 I Adreno  : QUALCOMM build                   : 8e59954, I0be83d0d26
04-11 16:12:52.266  2330  2430 I Adreno  : Build Date                       : 09/22/17
04-11 16:12:52.266  2330  2430 I Adreno  : OpenGL ES Shader Compiler Version: EV031.21.02.00
04-11 16:12:52.266  2330  2430 I Adreno  : Local Branch                     : O17A
04-11 16:12:52.266  2330  2430 I Adreno  : Remote Branch                    : 
04-11 16:12:52.266  2330  2430 I Adreno  : Remote Branch                    : 
04-11 16:12:52.266  2330  2430 I Adreno  : Reconstruct Branch               : 
04-11 16:12:52.267  2330  2430 D vndksupport: Loading /vendor/lib64/hw/gralloc.msm8992.so from current namespace instead of sphal namespace.
04-11 16:12:52.279   624  2398 I OMXMaster: makeComponentInstance(OMX.google.vorbis.decoder) in android.hardwar process
04-11 16:12:52.281   624   624 E OMXNodeInstance: getConfig(0xe768c000:google.vorbis.decoder, ConfigAndroidVendorExtension(0x6f100004)) ERROR: Undefined(0x80001001)
04-11 16:12:52.285  2330  2430 I Adreno  : PFP: 0x00000000, ME: 0x00000000
04-11 16:12:52.288   624  1940 I OMXMaster: makeComponentInstance(OMX.google.vorbis.decoder) in android.hardwar process
04-11 16:12:52.291   624  2398 E OMXNodeInstance: getConfig(0xe7aa2ae0:google.vorbis.decoder, ConfigAndroidVendorExtension(0x6f100004)) ERROR: Undefined(0x80001001)
04-11 16:12:52.294   343   343 W /system/bin/hwservicemanager: getTransport: Cannot find entry android.hardware.configstore@1.0::ISurfaceFlingerConfigs/default in either framework or device manifest.
04-11 16:12:52.296  2330  2430 I zygote64: android::hardware::configstore::V1_0::ISurfaceFlingerConfigs::hasWideColorDisplay retrieved: 0
04-11 16:12:52.298  2330  2430 I OpenGLRenderer: Initialized EGL, version 1.4
04-11 16:12:52.298  2330  2430 D OpenGLRenderer: Swap behavior 2
04-11 16:12:52.310   343   343 W /system/bin/hwservicemanager: getTransport: Cannot find entry android.hardware.graphics.mapper@2.0::IMapper/default in either framework or device manifest.
04-11 16:12:52.311  2330  2430 D vndksupport: Loading /vendor/lib64/hw/android.hardware.graphics.mapper@2.0-impl.so from current namespace instead of sphal namespace.
04-11 16:12:52.312  2330  2430 D vndksupport: Loading /vendor/lib64/hw/gralloc.msm8992.so from current namespace instead of sphal namespace.
04-11 16:12:52.331   818  1309 W LocalDisplayAdapter: Unable to find color mode 0, ignoring request.
04-11 16:12:52.350   818   818 W ContextImpl: Calling a method in the system process without a qualified user: android.app.ContextImpl.startService:1476 com.android.server.content.SyncManager$13.run:722 android.os.Handler.handleCallback:790 android.os.Handler.dispatchMessage:99 android.os.Looper.loop:164 
04-11 16:12:52.351   818   870 W KeyguardServiceDelegate: onScreenTurningOn(): no keyguard service!
04-11 16:12:52.360   818  1491 I chatty  : uid=1000(system) WifiScanningSer expire 2 lines
04-11 16:12:52.360   818  1492 I chatty  : uid=1000(system) WifiRttService expire 4 lines
04-11 16:12:52.362   818   885 I chatty  : uid=1000(system) android.fg expire 2 lines
04-11 16:12:52.410   631   631 I cnss-daemon: wlan_service_rps_enable /sys/class/net/wlan0/queues/rx-0/rps_cpus queue 0 map 0xe
04-11 16:12:52.410   631   631 E cnss-daemon: wlan_service_rps_enable: unable to open /sys/class/net/p2p0/queues/rx-0/rps_cpus
04-11 16:12:52.415   429   429 I WifiHAL : Initializing wifi
04-11 16:12:52.418   429   429 I CLD80211: /vendor/bin/hw/android.hardware.wifi@1.0-service: initialized exit socket pair
04-11 16:12:52.418   429   429 I CLD80211: /vendor/bin/hw/android.hardware.wifi@1.0-service: nlctrl family id: 16 group: host_logs mcast_id: 10
04-11 16:12:52.418   429   429 I CLD80211: /vendor/bin/hw/android.hardware.wifi@1.0-service: nlctrl family id: 16 group: fw_logs mcast_id: 11
04-11 16:12:52.418   429   429 I CLD80211: /vendor/bin/hw/android.hardware.wifi@1.0-service: nlctrl family id: 16 group: per_pkt_stats mcast_id: 12
04-11 16:12:52.418   692   723 I CLD80211: /system/bin/lowi-server: initialized exit socket pair
04-11 16:12:52.418   429   429 I CLD80211: /vendor/bin/hw/android.hardware.wifi@1.0-service: nlctrl family id: 16 group: diag_events mcast_id: 13
04-11 16:12:52.418   692   723 I CLD80211: /system/bin/lowi-server: nlctrl family id: 16 group: oem_msgs mcast_id: 15
04-11 16:12:52.418   429   429 I CLD80211: /vendor/bin/hw/android.hardware.wifi@1.0-service: nlctrl family id: 16 group: fatal_events mcast_id: 14
04-11 16:12:52.420   429   429 E WifiHAL : wifiParseCapabilities: QCA_WLAN_VENDOR_ATTR_GSCAN_RESULTS_CAPABILITIES_MAX_NUM_BLACKLIST_BSSID not found. Set to 0.
04-11 16:12:52.453   429   429 I WifiHAL : mpdu_size_threshold : 128, aggressive_statistics_gathering : 0
04-11 16:12:52.456   692  2473 E LOWI-HELIUM-RTT: RomeNLRecvMessage: NL Recv Failed, with errno(0): Success
04-11 16:12:52.460   692  2473 I chatty  : uid=1021(gps) /system/bin/lowi-server identical 1 line
04-11 16:12:52.460   692  2473 E LOWI-HELIUM-RTT: RomeNLRecvMessage: NL Recv Failed, with errno(0): Success
04-11 16:12:52.461   692  2473 E LOWI-HELIUM-RTT: RomeNLRecvMessage:  received message of subtype: RTT_MSG_SUBTYPE_CAPABILITY_RSP
04-11 16:12:52.462   623   623 I wificond: create scanner for interface with index: 22
04-11 16:12:52.462   623   623 I wificond: subscribe scan result for interface with index: 22
04-11 16:12:52.464   343   343 W /system/bin/hwservicemanager: getTransport: Cannot find entry android.hardware.wifi.offload@1.0::IOffload/default in either framework or device manifest.
04-11 16:12:52.465   600   926 I /dev/.app_process_liveboot: Background concurrent copying GC freed 25162(1341KB) AllocSpace objects, 2(40KB) LOS objects, 51% free, 1431KB/2MB, paused 81us total 131.348ms
04-11 16:12:52.467   623   623 E wificond: No Offload Service available
04-11 16:12:52.467   623   623 I wificond: Offload HAL not supported 
04-11 16:12:52.468   624   750 I OMXMaster: makeComponentInstance(OMX.google.vorbis.decoder) in android.hardwar process
04-11 16:12:52.473   624  2398 E OMXNodeInstance: getConfig(0xe7aa2a20:google.vorbis.decoder, ConfigAndroidVendorExtension(0x6f100004)) ERROR: Undefined(0x80001001)
04-11 16:12:52.483   619   739 D CommandListener: Clearing all IP addresses on wlan0
04-11 16:12:52.486  1866  2147 V NuMediaExtractor: setDataSource fd=39 (/system/media/audio/ui/Trusted.ogg), offset=0, length=5713
04-11 16:12:52.526  1866  2147 V NuMediaExtractor: track of type 'audio/vorbis' does not publish bitrate
04-11 16:12:52.531   624  2398 I OMXMaster: makeComponentInstance(OMX.google.vorbis.decoder) in android.hardwar process
04-11 16:12:52.537   624   750 E OMXNodeInstance: getConfig(0xe7aa2ae0:google.vorbis.decoder, ConfigAndroidVendorExtension(0x6f100004)) ERROR: Undefined(0x80001001)
04-11 16:12:52.576   818   818 D BluetoothManagerService: Trying to bind to profile: 1, while Bluetooth was disabled
04-11 16:12:52.578   343   343 W /system/bin/hwservicemanager: getTransport: Cannot find entry android.hardware.radio@1.0::IRadio/slot1 in either framework or device manifest.
04-11 16:12:52.587   624  1940 I OMXMaster: makeComponentInstance(OMX.google.vorbis.decoder) in android.hardwar process
04-11 16:12:52.597   624   624 E OMXNodeInstance: getConfig(0xe7aa2c00:google.vorbis.decoder, ConfigAndroidVendorExtension(0x6f100004)) ERROR: Undefined(0x80001001)
04-11 16:12:52.622   818  2493 I Telecom : BluetoothRouteManager: getBluetoothAudioConnectedDevice: no headset service available.
04-11 16:12:52.626   343   343 W /system/bin/hwservicemanager: getTransport: Cannot find entry android.hardware.radio.deprecated@1.0::IOemHook/slot1 in either framework or device manifest.
04-11 16:12:52.637   818   818 I Telecom : SystemStateProvider: Registering car mode receiver: android.content.IntentFilter@ccd7ff5: TS.init@AAA
04-11 16:12:52.656   818  2501 I Telecom : Logging.Events: Non-call EVENT: AUDIO_ROUTE, Entering state QuiescentEarpieceRoute
04-11 16:12:52.697   624  2398 I OMXMaster: makeComponentInstance(OMX.google.vorbis.decoder) in android.hardwar process
04-11 16:12:52.699   624  1940 E OMXNodeInstance: getConfig(0xe7aa2c00:google.vorbis.decoder, ConfigAndroidVendorExtension(0x6f100004)) ERROR: Undefined(0x80001001)
04-11 16:12:52.701   818  2507 I Telecom : CallAudioModeStateMachine: Message received: null.: TS.init->CAMSM.pM_1@AAA
04-11 16:12:52.729   818   818 I Telecom : MissedCallNotifierImpl: Boot not yet complete -- call log db may not be available. Deferring loading until boot complete.: TS.init@AAA
04-11 16:12:52.741   818   818 D BluetoothManagerService: Trying to bind to profile: 1, while Bluetooth was disabled
04-11 16:12:52.751   818   818 I Telecom : Class: TelecomSystem.INSTANCE being set
04-11 16:12:52.752   818   818 W ContextImpl: Calling a method in the system process without a qualified user: android.app.ContextImpl.startService:1476 android.content.ContextWrapper.startService:650 com.android.server.telecom.components.TelecomService.initializeTelecomSystem:180 com.android.server.telecom.components.TelecomService.onBind:64 android.app.ActivityThread.handleBindService:3366 
04-11 16:12:52.764   606   606 D installd: Found storage mount /data/media at /mnt/runtime/default/emulated
