04-11 16:13:26.239  3081  5050 I chatty  : uid=10030(com.google.android.gms) raService] idle expire 1 line
04-11 16:13:26.248  2262  4827 D ImsSenderRxr: [0023]> REQUEST_GET_IMS_CONFIG[SUB0]
04-11 16:13:26.248  2262  4827 D ImsSenderRxr: Message data: [0, 0, 0, 23, 11, 13, 23, 0, 0, 0, 16, 1, 24, 45, 32, 0, 8, 11, 16, 0, 29, 0, 0, 0, 0, 40, 0][SUB0]
04-11 16:13:26.262   343   343 W /system/bin/hwservicemanager: getTransport: Cannot find entry android.hardware.configstore@1.0::ISurfaceFlingerConfigs/default in either framework or device manifest.
04-11 16:13:26.272  2262  3581 D ImsSenderRxr:  Tag 23 2 45 0[SUB0]
04-11 16:13:26.273  2262  3581 D ImsSenderRxr: [0023]< REQUEST_GET_IMS_CONFIG 0[SUB0]
04-11 16:13:26.273  2262  3582 D ImsConfigImpl: Message received: what = 4
04-11 16:13:26.274  2262  3582 D ImsConfigImpl: Notifyall
04-11 16:13:26.301   818  1892 I ActivityManager: Killing 4376:com.android.hotwordenrollment.tgoogle/u0a22 (adj 906): empty #17
04-11 16:13:26.320  2262  4827 D ImsSenderRxr: [0024]> REQUEST_GET_IMS_CONFIG[SUB0]
04-11 16:13:26.321  2262  4827 D ImsSenderRxr: Message data: [0, 0, 0, 23, 11, 13, 24, 0, 0, 0, 16, 1, 24, 45, 32, 0, 8, 11, 16, 0, 29, 0, 0, 0, 0, 40, 0][SUB0]
04-11 16:13:26.371   353  5557 D Magisk  : su: request from client: 22
04-11 16:13:26.371   353  5557 D Magisk  : su: request from uid=[10108] (#5)
04-11 16:13:26.373   353  5557 D Magisk  : su: waiting child: [5558]
04-11 16:13:26.379  5558  5558 D Magisk  : su: child process started
04-11 16:13:26.382  5558  5558 D Magisk  : su: argc=[1]
04-11 16:13:26.382  5558  5558 D Magisk  : su: argv[0]=[su]
04-11 16:13:26.382  5558  5558 D Magisk  : su: pts_slave=[]
04-11 16:13:26.382  5558  5558 D Magisk  : su: use namespace of pid=[5242]
04-11 16:13:26.402  2262  3581 D ImsSenderRxr:  Tag 24 2 45 0[SUB0]
04-11 16:13:26.403  2262  3581 D ImsSenderRxr: [0024]< REQUEST_GET_IMS_CONFIG 0[SUB0]
04-11 16:13:26.403  2262  3582 D ImsConfigImpl: Message received: what = 4
04-11 16:13:26.403  2262  3582 D ImsConfigImpl: Notifyall
04-11 16:13:26.453  3314  3329 W zygote64: Suspending all threads took: 91.252ms
04-11 16:13:26.547  5014  5057 I AlarmClock: Finished indexing all application data.
04-11 16:13:26.560  3314  3500 W zygote64: Long monitor contention with owner NonUserFacing0 (3489) at void com.google.android.gms.internal.avy.djV()(SourceFile:135) waiters=0 in void com.google.android.apps.gsa.eventlogger.g.LR() for 7.347s
04-11 16:13:26.561  3314  3500 I EventLogSendingHelper: Sending log events.
04-11 16:13:26.607  1866  1866 E BufferItemConsumer: [unnamed-1866-3] Failed to release buffer: Unknown error -1 (1)
04-11 16:13:26.645   353  5570 D Magisk  : su: request from client: 23
04-11 16:13:26.646   353  5570 D Magisk  : su: request from uid=[10102] (#1)
04-11 16:13:26.653   353  5570 D Magisk  : su: waiting child: [5571]
04-11 16:13:26.654  5571  5571 D Magisk  : su: child process started
04-11 16:13:26.655  5571  5571 D Magisk  : su: argc=[2]
04-11 16:13:26.656  5571  5571 D Magisk  : su: argv[0]=[su]
04-11 16:13:26.656  5571  5571 D Magisk  : su: argv[1]=[--mount-master]
04-11 16:13:26.656  5571  5571 D Magisk  : su: pts_slave=[]
04-11 16:13:26.656  5571  5571 D Magisk  : su: use global namespace
04-11 16:13:26.712  3587  5137 I chatty  : uid=10030(com.google.android.gms) expire 1 line
04-11 16:13:26.793  5145  5170 I zygote64: Waiting for a blocking GC ProfileSaver
04-11 16:13:26.829  3587  3587 I chatty  : uid=10030(com.google.android.gms) expire 2 lines
04-11 16:13:26.861  5145  5170 I zygote64: WaitForGcToComplete blocked ProfileSaver on HeapTrim for 67.926ms
04-11 16:13:26.911  3587  3593 I chatty  : uid=10030(com.google.android.gms) Jit thread pool expire 3 lines
04-11 16:13:27.021  1866  1899 I zygote64: NativeAlloc concurrent copying GC freed 36144(1976KB) AllocSpace objects, 0(0B) LOS objects, 49% free, 6MB/13MB, paused 24.244ms total 644.767ms
04-11 16:13:27.039  3587  5137 I chatty  : uid=10030(com.google.android.gms) expire 1 line
04-11 16:13:27.073   818   875 I chatty  : uid=1000(system) ActivityManager expire 72 lines
04-11 16:13:27.079   818  3183 I ActivityManager: START u0 {flg=0x10804000 cmp=com.android.systemui/.recents.RecentsActivity} from uid 10039
04-11 16:13:27.103  3081  3081 I chatty  : uid=10030 com.google.android.gms.persistent expire 8 lines
04-11 16:13:27.124  1866  1866 E BufferItemConsumer: [unnamed-1866-4] Failed to release buffer: Unknown error -1 (1)
04-11 16:13:27.131   634   634 I Atfwd_Daemon: result : 0 	 ,Init step :2 	 ,qmiErrorCode: 0
04-11 16:13:27.132   634   634 I Atfwd_Daemon: ATFWD --> QMI Port : rmnet0
04-11 16:13:27.142   634   634 I Atfwd_Daemon: qmi_atcop_srvc_init_client - QMI Err code 0 , handle 67584
04-11 16:13:27.143   634   634 I Atfwd_Daemon: Trying to register 8 commands:
04-11 16:13:27.143   634   634 I Atfwd_Daemon: cmd0: +CKPD
04-11 16:13:27.154   634   634 I Atfwd_Daemon: qmi_atcop_reg_at_command_fwd_req: 0
04-11 16:13:27.154   634   634 I Atfwd_Daemon: cmd1: +CTSA
04-11 16:13:27.163   634   634 I Atfwd_Daemon: qmi_atcop_reg_at_command_fwd_req: 0
04-11 16:13:27.163   634   634 I Atfwd_Daemon: cmd2: +CFUN
04-11 16:13:27.171   634   634 I Atfwd_Daemon: qmi_atcop_reg_at_command_fwd_req: 0
04-11 16:13:27.171   634   634 I Atfwd_Daemon: cmd3: +CMAR
04-11 16:13:27.180   634   634 I Atfwd_Daemon: qmi_atcop_reg_at_command_fwd_req: 0
04-11 16:13:27.180   634   634 I Atfwd_Daemon: cmd4: +CDIS
04-11 16:13:27.190   634   634 I Atfwd_Daemon: qmi_atcop_reg_at_command_fwd_req: 0
04-11 16:13:27.190   634   634 I Atfwd_Daemon: cmd5: +CRSL
04-11 16:13:27.196   634   634 I Atfwd_Daemon: qmi_atcop_reg_at_command_fwd_req: 0
04-11 16:13:27.196   634   634 I Atfwd_Daemon: cmd6: +CSS
04-11 16:13:27.204   634   634 I Atfwd_Daemon: qmi_atcop_reg_at_command_fwd_req: 0
04-11 16:13:27.204   634   634 I Atfwd_Daemon: cmd7: $QCPWRDN
04-11 16:13:27.212   634   634 I Atfwd_Daemon: qmi_atcop_reg_at_command_fwd_req: 0
04-11 16:13:27.212   634   634 I Atfwd_Daemon: Registered AT Commands event handler
04-11 16:13:27.223  3587  3600 I chatty  : uid=10030(com.google.android.gms) HeapTaskDaemon expire 1 line
04-11 16:13:27.277  1866  1866 E BufferItemConsumer: [unnamed-1866-5] Failed to release buffer: Unknown error -1 (1)
04-11 16:13:27.383  5395  5395 I /system/bin/app_process: The ClassLoaderContext is a special shared library.
04-11 16:13:27.422  3587  5471 I chatty  : uid=10030(com.google.android.gms) Measurement Wor expire 2 lines
04-11 16:13:27.490  3081  5050 I chatty  : uid=10030(com.google.android.gms) raService] idle expire 4 lines
04-11 16:13:27.555  5224  5348 I chatty  : uid=10030 com.google.android.gms.unstable expire 8 lines
04-11 16:13:27.602  5395  5395 D AndroidRuntime: Calling main entry com.android.commands.am.Am
04-11 16:13:27.611   818   870 W ActivityManager: Activity pause timeout for ActivityRecord{4dc6906 u0 com.topjohnwu.magisk/.SplashActivity t24}
04-11 16:13:27.690   343   343 W /system/bin/hwservicemanager: getTransport: Cannot find entry android.hardware.configstore@1.0::ISurfaceFlingerConfigs/default in either framework or device manifest.
04-11 16:13:27.835  3587  5056 I chatty  : uid=10030(com.google.android.gms) raService] idle expire 1 line
04-11 16:13:27.905  3587  5077 I chatty  : uid=10030(com.google.android.gms) expire 1 line
04-11 16:13:27.959  3664  3664 W zygote64: Long monitor contention with owner Thread-135 (5230) at boolean android.os.MessageQueue.enqueueMessage(android.os.Message, long)(MessageQueue.java:543) waiters=0 in android.os.Message android.os.MessageQueue.next() for 216ms
04-11 16:13:28.067  3587  5106 I chatty  : uid=10030(com.google.android.gms) expire 2 lines
04-11 16:13:28.115   818  3177 I ActivityManager: Killing 4567:com.android.managedprovisioning/u0a28 (adj 906): empty #17
04-11 16:13:28.117   818  3177 I ActivityManager: Killing 4467:com.android.hotwordenrollment.xgoogle/u0a25 (adj 906): empty #18
04-11 16:13:28.124   818  3177 I ActivityManager: Killing 3664:nextapp.fx/u0a108 (adj 900): remove task
04-11 16:13:28.127   818  1995 I ActivityManager: START u0 {act=android.intent.action.MAIN cat=[android.intent.category.HOME] flg=0x10200000 cmp=org.lineageos.trebuchet/com.android.launcher3.Launcher} from uid 10039
04-11 16:13:28.139  3314  3320 I zygote64: Do partial code cache collection, code=41KB, data=52KB
04-11 16:13:28.174  3314  3320 I zygote64: After code cache collection, code=37KB, data=50KB
04-11 16:13:28.174  3314  3320 I zygote64: Increasing code cache capacity to 256KB
04-11 16:13:28.176   818  3167 I chatty  : uid=1000(system) Binder:818_9 expire 1 line
04-11 16:13:28.193  3314  3320 I zygote64: Compiler allocated 5MB to compile int com.google.protobuf.ds.eC(java.lang.Object)
04-11 16:13:28.224  1866  2550 D OpenGLRenderer: endAllActiveAnimators on 0x7e760f0800 (RippleDrawable) with handle 0x7e773e9600
04-11 16:13:28.459  5295  5310 I zygote64: Waiting for a blocking GC ProfileSaver
04-11 16:13:28.506  5295  5310 I zygote64: WaitForGcToComplete blocked ProfileSaver on HeapTrim for 47.579ms
04-11 16:13:28.516  3587  5474 I chatty  : uid=10030(com.google.android.gms) expire 2 lines
04-11 16:13:28.536  5693  5693 D Magisk  : resetprop: prop [persist.magisk.hide] does not exist
04-11 16:13:28.625  3587  5049 I chatty  : uid=10030(com.google.android.gms) peration loader expire 1 line
04-11 16:13:28.668  3587  3587 I chatty  : uid=10030(com.google.android.gms) expire 2 lines
04-11 16:13:28.701   818  3181 I chatty  : uid=1000(system) Binder:818_C expire 1 line
04-11 16:13:28.708  3081  5574 I chatty  : uid=10030(com.google.android.gms) Binder:3081_6 expire 1 line
04-11 16:13:28.719  3587  5669 I chatty  : uid=10030(com.google.android.gms) AsyncTask #1 expire 1 line
04-11 16:13:28.736   818  3174 I chatty  : uid=1000(system) Binder:818_A expire 1 line
04-11 16:13:28.789  3232  3338 W OpenGLRenderer: Incorrectly called buildLayer on View: ShortcutAndWidgetContainer, destroying layer...
04-11 16:13:29.030  3587  5078 I chatty  : uid=10030(com.google.android.gms) expire 1 line
04-11 16:13:29.041  3314  5536 E GoogleTagManager: Invalid macro: _gtm.loadEventEnabled
04-11 16:13:29.045  3314  3314 E GoogleTagManager: getContainerId called on a released ContainerHolder.
04-11 16:13:29.058   818   827 I chatty  : uid=1000(system) HeapTaskDaemon expire 1 line
04-11 16:13:29.143  1866  2568 I zygote64: Explicit concurrent copying GC freed 31150(1528KB) AllocSpace objects, 0(0B) LOS objects, 49% free, 5MB/10MB, paused 106us total 916.926ms
04-11 16:13:29.181   818  3166 I chatty  : uid=1000(system) Binder:818_8 expire 1 line
04-11 16:13:29.199  3232  3232 I zygote64: Deoptimizing int android.support.v7.widget.RecyclerView$LayoutManager.getPosition(android.view.View) due to JIT inline cache
04-11 16:13:29.212   818  1892 I chatty  : uid=1000(system) Binder:818_3 expire 3 lines
04-11 16:13:29.344  3587  5481 I chatty  : uid=10030(com.google.android.gms) lowpool[4] expire 1 line
04-11 16:13:29.479  5734  5734 D Magisk  : resetprop: prop [persist.magisk.hide] does not exist
04-11 16:13:29.748   818  1892 I ActivityManager: START u0 {cmp=com.topjohnwu.magisk/.MainActivity (has extras)} from uid 10102
04-11 16:13:29.750   818  1892 W ActivityManager: startActivity called from finishing ActivityRecord{4dc6906 u0 com.topjohnwu.magisk/.SplashActivity t24 f}; forcing Intent.FLAG_ACTIVITY_NEW_TASK for: Intent { cmp=com.topjohnwu.magisk/.MainActivity (has extras) }
04-11 16:13:29.780   818  1995 W ActivityManager: Finishing task with all activities already finished
04-11 16:13:29.780   818  1995 W ActivityManager: Duplicate finish request for ActivityRecord{4dc6906 u0 com.topjohnwu.magisk/.SplashActivity t24 f}
04-11 16:13:29.811  3081  5754 I chatty  : uid=10030 com.google.android.gms.persistent expire 1 line
04-11 16:13:29.825  5537  5552 I zygote64: Background concurrent copying GC freed 2188(539KB) AllocSpace objects, 37(788KB) LOS objects, 49% free, 1736KB/3MB, paused 78us total 333.867ms
04-11 16:13:29.826  5537  5747 D NetworkSecurityConfig: No Network Security Config specified, using platform default
04-11 16:13:29.841   607   607 I keystore: del USRPKEY_unstable.825349ac930c2370b39f30e7d789963a.45 10030
04-11 16:13:29.842   607   607 I keystore: del USRSKEY_unstable.825349ac930c2370b39f30e7d789963a.45 10030
04-11 16:13:29.843   607   607 I keystore: del USRCERT_unstable.825349ac930c2370b39f30e7d789963a.45 10030
04-11 16:13:29.844   607   607 I keystore: del CACERT_unstable.825349ac930c2370b39f30e7d789963a.45 10030
04-11 16:13:29.874   818  1995 I ActivityManager: Start proc 5761:eu.chainfire.liveboot/u0a104 for broadcast eu.chainfire.liveboot/.BootCompleteReceiver
04-11 16:13:29.899   362   365 D DrmLibTime: got the req here! ret=0
04-11 16:13:29.899   362   365 D DrmLibTime: command id, time_cmd_id = 770
04-11 16:13:29.899   362   365 D DrmLibTime: time_getutcsec starts!
04-11 16:13:29.899   362   365 D DrmLibTime: QSEE Time Listener: time_getutcsec
04-11 16:13:29.899   362   365 D DrmLibTime: QSEE Time Listener: get_utc_seconds
04-11 16:13:29.899   362   365 D DrmLibTime: QSEE Time Listener: time_get_modem_time
04-11 16:13:29.899   362   365 D DrmLibTime: QSEE Time Listener: Checking if ATS_MODEM is set or not.
04-11 16:13:29.899   362   365 D QC-time-services: Lib:time_genoff_operation: pargs->base = 13
04-11 16:13:29.899   362   365 D QC-time-services: Lib:time_genoff_operation: pargs->operation = 2
04-11 16:13:29.899   362   365 D QC-time-services: Lib:time_genoff_operation: pargs->ts_val = 0
04-11 16:13:29.900   362   365 D QC-time-services: Lib:time_genoff_operation: Send to server  passed!!
04-11 16:13:29.902   632   698 D QC-time-services: Daemon: Connection accepted:time_genoff
04-11 16:13:29.908   632  5768 D QC-time-services: Daemon:Received base = 13, unit = 1, operation = 2,value = 0
04-11 16:13:29.908   632  5768 D QC-time-services: Daemon:genoff_opr: Base = 13, val = 0, operation = 2
04-11 16:13:29.909   632  5768 D QC-time-services: offset is: 1 for base: 13
04-11 16:13:29.909   362   365 E QC-time-services: Receive Passed == base = 13, unit = 1, operation = 2, result = 0
04-11 16:13:29.909   362   365 D DrmLibTime: QSEE Time Listener: ATS_MODEM is set. Try to retrieve it.
04-11 16:13:29.909   632   698 E QC-time-services: Daemon: Time-services: Waiting to acceptconnection
04-11 16:13:29.909   632   698 D QC-time-services: Daemon: Connection accepted:time_genoff
04-11 16:13:29.910   632  5774 D QC-time-services: Daemon:Received base = 13, unit = 1, operation = 1,value = 0
04-11 16:13:29.910   632  5774 D QC-time-services: Daemon:genoff_opr: Base = 13, val = 0, operation = 1
04-11 16:13:29.910   632  5774 D QC-time-services: Daemon: genoff get for 13
04-11 16:13:29.910   632  5774 D QC-time-services: Daemon:rtc_get: Time read from RTC -- MM/DD/YY HH:MM:SS7/21/70 21:7:56
04-11 16:13:29.910   632  5774 D QC-time-services: Daemon:Value read from RTC seconds = 20124476000
04-11 16:13:29.910   632  5774 D QC-time-services: Daemon:Value read from generic offset = 1503353103000
04-11 16:13:29.910   632  5774 D QC-time-services: Daemon:Final Time = 1523477579000
04-11 16:13:29.911   362   365 D DrmLibTime: QSEE Time Listener: Time GenOff - seconds: 1523477579
04-11 16:13:29.911   362   365 D DrmLibTime: time_getutcsec returns 0, sec = 1523477579; nsec = 0
04-11 16:13:29.911   362   365 D DrmLibTime: time_getutcsec finished! 
04-11 16:13:29.911   362   365 D DrmLibTime: iotcl_continue_command finished! and return 0 
04-11 16:13:29.911   362   365 D DrmLibTime: before calling ioctl to read the next time_cmd
04-11 16:13:29.911   632   698 E QC-time-services: Daemon: Time-services: Waiting to acceptconnection
04-11 16:13:30.061   818   870 I ActivityManager: Finished processing BOOT_COMPLETED for u0
04-11 16:13:30.188  5452  5468 I zygote64: Waiting for a blocking GC ProfileSaver
04-11 16:13:30.234   343   343 W /system/bin/hwservicemanager: getTransport: Cannot find entry android.hardware.drm@1.0::IDrmFactory/default in either framework or device manifest.
04-11 16:13:30.236   611   611 D vndksupport: Loading /vendor/lib/hw/android.hardware.drm@1.0-impl.so from current namespace instead of sphal namespace.
04-11 16:13:30.258  5476  5476 D WeatherUpdateService: onCreate
04-11 16:13:30.264  5452  5468 I zygote64: WaitForGcToComplete blocked ProfileSaver on HeapTrim for 76.307ms
04-11 16:13:30.304  5476  5476 D WeatherUpdateService: Service started, but shouldn't update ... stopping
04-11 16:13:30.311  5476  5476 D WeatherUpdateService: onDestroy
04-11 16:13:30.311   818  2433 I chatty  : uid=1000(system) Binder:818_6 expire 1 line
04-11 16:13:30.334  5476  5476 D WeatherUpdateService: onCreate
04-11 16:13:30.354  5476  5476 D WeatherUpdateService: Service started, but shouldn't update ... stopping
04-11 16:13:30.360   818  1359 I chatty  : uid=1000(system) InputDispatcher expire 3 lines
04-11 16:13:30.371  5476  5476 D WeatherUpdateService: onDestroy
04-11 16:13:30.437  5537  5802 D OpenGLRenderer: HWUI GL Pipeline
04-11 16:13:30.492   353  5805 D Magisk  : su: request from client: 24
04-11 16:13:30.492   353  5805 D Magisk  : su: request from uid=[10104] (#1)
04-11 16:13:30.497   353  5805 D Magisk  : su_db: query policy=[2]
04-11 16:13:30.502   353  5805 D Magisk  : su: waiting child: [5806]
04-11 16:13:30.504  3081  3504 I chatty  : uid=10030 com.google.android.gms.persistent expire 1 line
04-11 16:13:30.513  5806  5806 D Magisk  : su: child process started
04-11 16:13:30.514  5806  5806 D Magisk  : su: argc=[1]
04-11 16:13:30.514  5806  5806 D Magisk  : su: argv[0]=[su]
04-11 16:13:30.520  5806  5806 D Magisk  : su: pts_slave=[]
04-11 16:13:30.520  5806  5806 D Magisk  : su: use namespace of pid=[5785]
04-11 16:13:30.564   353  5805 D Magisk  : su: return code: [0]
04-11 16:13:30.609  1866  3273 W AsyncLayoutInflater: Failed to inflate resource in the background! Retrying on the UI thread
04-11 16:13:30.609  1866  3273 W AsyncLayoutInflater: android.view.InflateException: Binary XML file line #28: Binary XML file line #28: Error inflating class <unknown>
04-11 16:13:30.609  1866  3273 W AsyncLayoutInflater: Caused by: android.view.InflateException: Binary XML file line #28: Error inflating class <unknown>
04-11 16:13:30.609  1866  3273 W AsyncLayoutInflater: Caused by: java.lang.reflect.InvocationTargetException
04-11 16:13:30.609  1866  3273 W AsyncLayoutInflater: 	at java.lang.reflect.Constructor.newInstance0(Native Method)
04-11 16:13:30.609  1866  3273 W AsyncLayoutInflater: 	at java.lang.reflect.Constructor.newInstance(Constructor.java:334)
04-11 16:13:30.609  1866  3273 W AsyncLayoutInflater: 	at android.view.LayoutInflater.createView(LayoutInflater.java:647)
04-11 16:13:30.609  1866  3273 W AsyncLayoutInflater: 	at android.view.LayoutInflater.createViewFromTag(LayoutInflater.java:790)
04-11 16:13:30.609  1866  3273 W AsyncLayoutInflater: 	at android.view.LayoutInflater.createViewFromTag(LayoutInflater.java:730)
04-11 16:13:30.609  1866  3273 W AsyncLayoutInflater: 	at android.view.LayoutInflater.rInflate(LayoutInflater.java:863)
04-11 16:13:30.609  1866  3273 W AsyncLayoutInflater: 	at android.view.LayoutInflater.rInflateChildren(LayoutInflater.java:824)
04-11 16:13:30.609  1866  3273 W AsyncLayoutInflater: 	at android.view.LayoutInflater.inflate(LayoutInflater.java:515)
04-11 16:13:30.609  1866  3273 W AsyncLayoutInflater: 	at android.view.LayoutInflater.inflate(LayoutInflater.java:423)
04-11 16:13:30.609  1866  3273 W AsyncLayoutInflater: 	at android.support.v4.view.AsyncLayoutInflater$InflateThread.runInner(AsyncLayoutInflater.java:186)
04-11 16:13:30.609  1866  3273 W AsyncLayoutInflater: 	at android.support.v4.view.AsyncLayoutInflater$InflateThread.run(AsyncLayoutInflater.java:200)
04-11 16:13:30.609  1866  3273 W AsyncLayoutInflater: Caused by: java.lang.RuntimeException: Can't create handler inside thread that has not called Looper.prepare()
04-11 16:13:30.609  1866  3273 W AsyncLayoutInflater: 	at android.os.Handler.<init>(Handler.java:204)
04-11 16:13:30.609  1866  3273 W AsyncLayoutInflater: 	at android.os.Handler.<init>(Handler.java:118)
04-11 16:13:30.609  1866  3273 W AsyncLayoutInflater: 	at com.android.systemui.statusbar.NotificationBackgroundView.<init>(NotificationBackgroundView.java:56)
04-11 16:13:30.609  1866  3273 W AsyncLayoutInflater: 	... 11 more
04-11 16:13:30.613   614   800 D NuPlayerDriver: NuPlayerDriver(0xe3e6d000) created, clientPid(1866)
04-11 16:13:30.633   614  5813 D GenericSource: FileSource remote
04-11 16:13:30.647   614  5812 D NuPlayerDriver: notifyListener_l(0xe3e6d000), (1, 0, 0, -1), loop setting(0, 0)
04-11 16:13:30.654  5537  5802 I Adreno  : QUALCOMM build                   : 8e59954, I0be83d0d26
04-11 16:13:30.654  5537  5802 I Adreno  : Build Date                       : 09/22/17
04-11 16:13:30.654  5537  5802 I Adreno  : OpenGL ES Shader Compiler Version: EV031.21.02.00
04-11 16:13:30.654  5537  5802 I Adreno  : Local Branch                     : O17A
04-11 16:13:30.654  5537  5802 I Adreno  : Remote Branch                    : 
04-11 16:13:30.654  5537  5802 I Adreno  : Remote Branch                    : 
04-11 16:13:30.654  5537  5802 I Adreno  : Reconstruct Branch               : 
04-11 16:13:30.655  5537  5802 D vndksupport: Loading /vendor/lib64/hw/gralloc.msm8992.so from current namespace instead of sphal namespace.
04-11 16:13:30.662   818  3197 I chatty  : uid=1000(system) Binder:818_10 expire 2 lines
04-11 16:13:30.672  5537  5802 I Adreno  : PFP: 0x00000000, ME: 0x00000000
04-11 16:13:30.686   343   343 I chatty  : uid=1000(system) hwservicemanage expire 6 lines
04-11 16:13:30.688  5537  5802 I zygote64: android::hardware::configstore::V1_0::ISurfaceFlingerConfigs::hasWideColorDisplay retrieved: 0
04-11 16:13:30.690  5537  5802 I OpenGLRenderer: Initialized EGL, version 1.4
04-11 16:13:30.690  5537  5802 D OpenGLRenderer: Swap behavior 2
04-11 16:13:30.692  1866  3282 W System  : ClassLoader referenced unknown path: 
04-11 16:13:30.692  5537  5552 I zygote64: Background concurrent copying GC freed 6256(1081KB) AllocSpace objects, 26(520KB) LOS objects, 49% free, 2MB/4MB, paused 95us total 255.255ms
04-11 16:13:30.700   611   611 I DrmHal  : makeDrmFactories: using default drm instance
04-11 16:13:30.701   611   747 D WVCdm   : Instantiating CDM.
04-11 16:13:30.716   611   747 I WVCdm   : CdmEngine::OpenSession
04-11 16:13:30.773   611  5820 I WVCdm   : Level3 Library 4445 Oct  4 2017 17:06:25
04-11 16:13:30.875  5537  5802 D vndksupport: Loading /vendor/lib64/hw/android.hardware.graphics.mapper@2.0-impl.so from current namespace instead of sphal namespace.
04-11 16:13:30.876  5537  5802 D vndksupport: Loading /vendor/lib64/hw/gralloc.msm8992.so from current namespace instead of sphal namespace.
04-11 16:13:30.896  3186  3204 W zygote64: Suspending all threads took: 38.320ms
04-11 16:13:30.919  5224  5256 I chatty  : uid=10030(com.google.android.gms) Binder:5224_2 expire 8 lines
04-11 16:13:30.960   611   747 I WVCdm   : L3 Initialized. Trying L1.
04-11 16:13:30.983   818   887 I chatty  : uid=1000(system) android.display expire 1 line
04-11 16:13:31.061   611   747 D QSEECOMAPI: : QSEECom_get_handle sb_length = 0x19000
04-11 16:13:31.061   611   747 D QSEECOMAPI: : App is not loaded in QSEE
04-11 16:13:31.083  3081  3081 E ActivityThread: Failed to find provider info for com.google.android.gms.common.phenotype
04-11 16:13:31.190   614  2178 D NuPlayerDriver: start(0xe3e6d000), state is 4, eos is 0
04-11 16:13:31.190   614  5812 I GenericSource: start
04-11 16:13:31.204  1866  1866 V MediaRouter: onRestoreRoute() : route=RouteInfo{ name=Phone, description=null, status=null, category=RouteCategory{ name=System types=ROUTE_TYPE_LIVE_AUDIO ROUTE_TYPE_LIVE_VIDEO  groupable=false }, supportedTypes=ROUTE_TYPE_LIVE_AUDIO ROUTE_TYPE_LIVE_VIDEO , presentationDisplay=null }
04-11 16:13:31.204  1866  1866 V MediaRouter: Selecting route: RouteInfo{ name=Phone, description=null, status=null, category=RouteCategory{ name=System types=ROUTE_TYPE_LIVE_AUDIO ROUTE_TYPE_LIVE_VIDEO  groupable=false }, supportedTypes=ROUTE_TYPE_LIVE_AUDIO ROUTE_TYPE_LIVE_VIDEO , presentationDisplay=null }
04-11 16:13:31.208  3081  5432 I chatty  : uid=10030(com.google.android.gms) OkHttpClientTra expire 2 lines
04-11 16:13:31.218   624  1940 I OMXMaster: makeComponentInstance(OMX.google.vorbis.decoder) in android.hardwar process
04-11 16:13:31.224   624   750 E OMXNodeInstance: setConfig(0xe7aa28a0:google.vorbis.decoder, ConfigPriority(0x6f800002)) ERROR: Undefined(0x80001001)
04-11 16:13:31.225   614  5834 I ACodec  : codec does not support config priority (err -2147483648)
04-11 16:13:31.226   624  2398 E OMXNodeInstance: getConfig(0xe7aa28a0:google.vorbis.decoder, ConfigAndroidVendorExtension(0x6f100004)) ERROR: Undefined(0x80001001)
04-11 16:13:31.228   614  5834 I MediaCodec: MediaCodec will operate in async mode
04-11 16:13:31.264   614  5832 D AudioTrack: Client defaulted notificationFrames to 7350 for frameCount 22050
04-11 16:13:31.277   423   423 W /system/bin/hw/android.hidl.allocator@1.0-service: ashmem_create_region(3840) returning hidl_memory(0x72d882c320, 3840)
04-11 16:13:31.307   423   423 W /system/bin/hw/android.hidl.allocator@1.0-service: ashmem_create_region(3840) returning hidl_memory(0x72d882c320, 3840)
04-11 16:13:31.324   970  1144 E volume_listener: check_and_set_gain_dep_cal: Failed to set gain dep cal level
04-11 16:13:31.412  5831  5831 D Magisk  : resetprop: prop [persist.magisk.hide] does not exist
04-11 16:13:31.507   818   833 I chatty  : uid=1000(system) Binder:818_2 expire 2 lines
04-11 16:13:31.548   614   800 D NuPlayerDriver: stop(0xe3e6d000)
04-11 16:13:31.548   614   800 D NuPlayerDriver: notifyListener_l(0xe3e6d000), (8, 0, 0, -1), loop setting(0, 0)
04-11 16:13:31.551   818  1995 V MediaRouterService: restoreBluetoothA2dp(false)
04-11 16:13:31.551   970  1290 E volume_listener: check_and_set_gain_dep_cal: Failed to set gain dep cal level
04-11 16:13:31.558   970  5857 D audio_hw_primary: select_devices: changing use case low-latency-playback output device from(0: none, acdb -1) to (2: speaker, acdb 14)
04-11 16:13:31.555  1866  5856 V MediaPlayer: resetDrmState:  mDrmInfo=null mDrmProvisioningThread=null mPrepareDrmInProgress=false mActiveDrmScheme=false
04-11 16:13:31.559  1866  5856 V MediaPlayer: cleanDrmObj: mDrmObj=null mDrmSessionId=null
04-11 16:13:31.561   970  5857 D audio_route: Apply path: speaker-protected
04-11 16:13:31.562   970  1290 D audio_hw_primary: out_set_parameters: enter: usecase(1: low-latency-playback) kvpairs: routing=2
04-11 16:13:31.565   614   800 D NuPlayerDriver: reset(0xe3e6d000) at state 8
04-11 16:13:31.570   970  5857 D audio_hw_primary: enable_snd_device: snd_device(95: vi-feedback)
04-11 16:13:31.570   970  5857 D audio_route: Apply path: vi-feedback
04-11 16:13:31.570   970  5857 D audio_hw_primary: enable_audio_route: usecase(24) apply and update mixer path: spkr-vi-record
04-11 16:13:31.570   970  5857 D audio_route: Apply path: spkr-vi-record
04-11 16:13:31.597   970  5857 D audio_hw_primary: enable_audio_route: usecase(1) apply and update mixer path: low-latency-playback
04-11 16:13:31.598   970  5857 D audio_route: Apply path: low-latency-playback
04-11 16:13:31.604   818  3196 I chatty  : uid=1000(system) Binder:818_F expire 3 lines
04-11 16:13:31.638   970  5857 E msm8974_platform: ramp_speaker_gain: Could not get ctl for mixer cmd - Left Speaker Gain or Right Speaker Gain, not applying speaker gain ramp
04-11 16:13:31.638   970  5857 D audio_hw_primary: out_write: retry previous failed cal level set
04-11 16:13:31.639   970  5857 W msm8974_platform: platform_send_gain_dep_cal: Usecase list is empty
04-11 16:13:31.654   614  5812 D NuPlayerDriver: notifyResetComplete(0xe3e6d000)
04-11 16:13:31.659   818  3183 I chatty  : uid=1000(system) Binder:818_D expire 3 lines
04-11 16:13:31.674  3587  3600 I chatty  : uid=10030(com.google.android.gms) HeapTaskDaemon expire 1 line
04-11 16:13:31.723   970  1121 W msm8974_platform: platform_send_gain_dep_cal: Usecase list is empty
04-11 16:13:31.723   970  1121 E volume_listener: check_and_set_gain_dep_cal: Failed to set gain dep cal level
04-11 16:13:31.723   970  1121 W msm8974_platform: platform_send_gain_dep_cal: Usecase list is empty
04-11 16:13:31.723   970  1121 E volume_listener: check_and_set_gain_dep_cal: Failed to set gain dep cal level
04-11 16:13:31.767  3081  3081 I chatty  : uid=10030 com.google.android.gms.persistent expire 3 lines
04-11 16:13:31.903   818  3166 I ActivityManager: START u0 {flg=0x10804000 cmp=com.android.systemui/.recents.RecentsActivity} from uid 10039
04-11 16:13:31.950  1866  1866 E BufferItemConsumer: [unnamed-1866-6] Failed to release buffer: Unknown error -1 (1)
04-11 16:13:31.971   611   747 D QSEECOMAPI: : Loaded image: APP id = 5
04-11 16:13:32.107   611   747 D QSAPPSVER: qsapps_get_capabilities: Capability from secure side: 0x0
04-11 16:13:32.107   611   747 D QSAPPSVER: qsapps_get_capabilities: returns 0
04-11 16:13:32.107   611   747 E DrmWidevineDash: sion_buffer g_wv_fhandle->ion_sbuffer  0x0xef82e000
04-11 16:13:32.111  1866  1866 E BufferItemConsumer: [unnamed-1866-7] Failed to release buffer: Unknown error -1 (1)
04-11 16:13:32.150   970  1290 D audio_hw_primary: disable_audio_route: usecase(1) reset and update mixer path: low-latency-playback
04-11 16:13:32.168   970  1290 D audio_hw_primary: disable_snd_device: snd_device(95: vi-feedback)
04-11 16:13:32.168   970  1290 D audio_hw_primary: disable_audio_route: usecase(24) reset and update mixer path: spkr-vi-record
04-11 16:13:32.193   362   365 D DrmLibTime: got the req here! ret=0
04-11 16:13:32.194   362   365 D DrmLibTime: command id, time_cmd_id = 770
04-11 16:13:32.194   362   365 D DrmLibTime: time_getutcsec starts!
04-11 16:13:32.194   362   365 D DrmLibTime: QSEE Time Listener: time_getutcsec
04-11 16:13:32.194   362   365 D DrmLibTime: QSEE Time Listener: get_utc_seconds
04-11 16:13:32.194   362   365 D DrmLibTime: QSEE Time Listener: time_get_modem_time
04-11 16:13:32.194   362   365 D DrmLibTime: QSEE Time Listener: Checking if ATS_MODEM is set or not.
04-11 16:13:32.194   362   365 D QC-time-services: Lib:time_genoff_operation: pargs->base = 13
04-11 16:13:32.194   362   365 D QC-time-services: Lib:time_genoff_operation: pargs->operation = 2
04-11 16:13:32.194   362   365 D QC-time-services: Lib:time_genoff_operation: pargs->ts_val = 0
04-11 16:13:32.194   362   365 D QC-time-services: Lib:time_genoff_operation: Send to server  passed!!
04-11 16:13:32.195   632   698 D QC-time-services: Daemon: Connection accepted:time_genoff
04-11 16:13:32.197   632  5866 D QC-time-services: Daemon:Received base = 13, unit = 1, operation = 2,value = 0
04-11 16:13:32.197   632  5866 D QC-time-services: Daemon:genoff_opr: Base = 13, val = 0, operation = 2
04-11 16:13:32.197   632  5866 D QC-time-services: offset is: 1 for base: 13
04-11 16:13:32.198   362   365 E QC-time-services: Receive Passed == base = 13, unit = 1, operation = 2, result = 0
04-11 16:13:32.198   362   365 D DrmLibTime: QSEE Time Listener: ATS_MODEM is set. Try to retrieve it.
04-11 16:13:32.198   632   698 E QC-time-services: Daemon: Time-services: Waiting to acceptconnection
04-11 16:13:32.198   632   698 D QC-time-services: Daemon: Connection accepted:time_genoff
04-11 16:13:32.198   632  5867 D QC-time-services: Daemon:Received base = 13, unit = 1, operation = 1,value = 0
04-11 16:13:32.198   632  5867 D QC-time-services: Daemon:genoff_opr: Base = 13, val = 0, operation = 1
04-11 16:13:32.198   632  5867 D QC-time-services: Daemon: genoff get for 13
04-11 16:13:32.199   632  5867 D QC-time-services: Daemon:rtc_get: Time read from RTC -- MM/DD/YY HH:MM:SS7/21/70 21:7:59
04-11 16:13:32.199   632  5867 D QC-time-services: Daemon:Value read from RTC seconds = 20124479000
04-11 16:13:32.199   632  5867 D QC-time-services: Daemon:Value read from generic offset = 1503353103000
04-11 16:13:32.199   632  5867 D QC-time-services: Daemon:Final Time = 1523477582000
04-11 16:13:32.199   362   365 D DrmLibTime: QSEE Time Listener: Time GenOff - seconds: 1523477582
04-11 16:13:32.199   362   365 D DrmLibTime: time_getutcsec returns 0, sec = 1523477582; nsec = 0
04-11 16:13:32.199   362   365 D DrmLibTime: time_getutcsec finished! 
04-11 16:13:32.199   362   365 D DrmLibTime: iotcl_continue_command finished! and return 0 
04-11 16:13:32.199   362   365 D DrmLibTime: before calling ioctl to read the next time_cmd
04-11 16:13:32.199   632   698 E QC-time-services: Daemon: Time-services: Waiting to acceptconnection
04-11 16:13:32.282  3587  5781 I chatty  : uid=10030(com.google.android.gms) expire 6 lines
04-11 16:13:32.349   818   870 I ActivityManager: Waited long enough for: ServiceRecord{7fab283 u0 com.google.android.apps.turbo/.battery.BatteryChangedService}
04-11 16:13:32.370  3587  5124 I chatty  : uid=10030(com.google.android.gms) lowpool[2] expire 1 line
04-11 16:13:32.371   818   833 D PackageManager: Ignoring attempt to set enabled state of disabled component com.google.android.gsf/com.google.android.gsf.update.SystemUpdateActivity
04-11 16:13:32.395   818  3181 D PackageManager: Ignoring attempt to set enabled state of disabled component com.google.android.gsf/com.google.android.gsf.update.SystemUpdateService$SecretCodeReceiver
04-11 16:13:32.396   818  1892 D PackageManager: Ignoring attempt to set enabled state of disabled component com.google.android.gsf/com.google.android.gsf.update.SystemUpdateService$Receiver
04-11 16:13:32.500  2262  2262 I VvmSimStateTracker: android.intent.action.SIM_STATE_CHANGED
04-11 16:13:32.597  3081  3091 I chatty  : uid=10030(com.google.android.gms) HeapTaskDaemon expire 1 line
04-11 16:13:32.626   818   832 W ActivityManager: Slow operation: 125ms so far, now at startProcess: returned from zygote!
04-11 16:13:32.627   818   832 W ActivityManager: Slow operation: 127ms so far, now at startProcess: done updating battery stats
04-11 16:13:32.628   818   832 W ActivityManager: Slow operation: 127ms so far, now at startProcess: building log message
04-11 16:13:32.628   818   832 I ActivityManager: Start proc 5869:com.android.sdm.plugins.sprintdm/1001 for broadcast com.android.sdm.plugins.sprintdm/.SprintDMReceiver
04-11 16:13:32.628   818   832 W ActivityManager: Slow operation: 127ms so far, now at startProcess: starting to update pids map
04-11 16:13:32.628   818   832 W ActivityManager: Slow operation: 127ms so far, now at startProcess: done updating pids map
04-11 16:13:32.628   818   832 W ActivityManager: Slow operation: 127ms so far, now at startProcess: done starting proc!
04-11 16:13:32.628   818  5533 I chatty  : uid=1000(system) RenderThread expire 6 lines
04-11 16:13:32.632   818  3174 I chatty  : uid=1000(system) Binder:818_A expire 1 line
04-11 16:13:32.642   818  3167 I chatty  : uid=1000(system) Binder:818_9 expire 1 line
04-11 16:13:32.711  3081  3546 I chatty  : uid=10030(com.google.android.gms) highpool[2] expire 1 line
04-11 16:13:32.861   818  2346 I WindowManager: WIN DEATH: Window{5f890d7 u0 nextapp.fx/nextapp.fx.ui.ExplorerActivity}
04-11 16:13:32.913   818   887 W ActivityManager: setHasOverlayUi called on unknown pid: 3664
04-11 16:13:32.987   818  3177 I ActivityManager: Killing 5537:com.topjohnwu.magisk/u0a102 (adj 900): remove task
04-11 16:13:32.990   818  3196 I ActivityManager: START u0 {act=android.intent.action.MAIN cat=[android.intent.category.HOME] flg=0x10200000 cmp=org.lineageos.trebuchet/com.android.launcher3.Launcher} from uid 10039
04-11 16:13:33.064  3587  3593 I zygote64: Do full code cache collection, code=126KB, data=97KB
04-11 16:13:33.070  3587  3593 I zygote64: After code cache collection, code=117KB, data=74KB
04-11 16:13:33.083  5869  5869 D SprintDMReceiver: Received intent: android.intent.action.SIM_STATE_CHANGED
04-11 16:13:33.138  5869  5869 D SprintDMHelper: simOperator: 311480
04-11 16:13:33.139  5869  5869 D SprintDMHelper: Not Sprint UICC, don't do anything.
04-11 16:13:33.160   818  2346 I ActivityManager: Start proc 5890:com.android.settings/1000 for broadcast com.android.settings/.sim.SimSelectNotification
04-11 16:13:33.175  3081  5432 I GCoreUlr: Registered power mode receiver
04-11 16:13:33.180  3081  5432 I GCoreUlr: Registered for wifi state change updates
04-11 16:13:33.285  1866  1941 I zygote64: Waiting for a blocking GC ProfileSaver
04-11 16:13:33.288   611   747 D WVCdm   : OEMCrypto_Initialize Level 1 success. I will use level 1.
04-11 16:13:33.288   611   747 D WVCdm   : CryptoSession::Open: Lock: requested_security_level: Default
04-11 16:13:33.298  3081  3081 I GCoreUlr: Starting service, intent=Intent { act=com.google.android.location.reporting.WIFI_TRIGGERED_FLUSH_AND_UPLOAD cmp=com.google.android.gms/com.google.android.location.reporting.service.DispatchingService }, extras=null
04-11 16:13:33.344  3780  3780 I Finsky  : [2] com.google.android.finsky.simhandler.SimStateReceiver.a(27): android.intent.action.SIM_STATE_CHANGED {extra=NOT_READY}
04-11 16:13:33.353  5807  5807 D AndroidRuntime: >>>>>> START com.android.internal.os.RuntimeInit uid 0 <<<<<<
04-11 16:13:33.388   818   833 I ActivityManager: Start proc 5908:com.google.android.carriersetup/u0a9 for broadcast com.google.android.carriersetup/.VzwActivationReceiver
04-11 16:13:33.390   818   833 I ActivityManager: Killing 4021:com.android.dialer/u0a18 (adj 906): empty #17
04-11 16:13:33.441   611   747 I WVCdm   : CdmEngine::QueryOemCryptoSessionId
04-11 16:13:33.442   611   611 I WVCdm   : CdmEngine::GenerateKeyRequest
04-11 16:13:33.518  5224  5246 I zygote64: Background concurrent copying GC freed 16248(1267KB) AllocSpace objects, 6(152KB) LOS objects, 49% free, 2MB/4MB, paused 77us total 151.378ms
04-11 16:13:33.524   818   833 I WindowManager: WIN DEATH: Window{a556fce u0 com.topjohnwu.magisk/com.topjohnwu.magisk.MainActivity}
04-11 16:13:33.527   353  5570 D Magisk  : su: return code: [0]
04-11 16:13:33.547   818   875 I chatty  : uid=1000(system) ActivityManager expire 39 lines
04-11 16:13:33.563  5908  5908 D VzwActivationReceiver: Action: android.intent.action.SIM_STATE_CHANGED
04-11 16:13:33.566  5908  5908 D VzwActivationReceiver: Setting metered apns enabled: true
04-11 16:13:33.569  2262  3736 E PhoneInterfaceManager: [PhoneIntfMgr] carrierAction: SetMeteredApnsEnabled fails with invalid subId: -2
04-11 16:13:33.608   818   887 W ActivityManager: setHasOverlayUi called on unknown pid: 5537
04-11 16:13:33.609   818   827 I chatty  : uid=1000(system) HeapTaskDaemon expire 1 line
04-11 16:13:33.624   818  3197 I ActivityManager: Killing 4641:com.android.messaging/u0a100 (adj 906): empty #17
04-11 16:13:33.657  3232  3338 W OpenGLRenderer: Incorrectly called buildLayer on View: ShortcutAndWidgetContainer, destroying layer...
04-11 16:13:33.658  3081  5575 W Conscrypt: Could not set socket write timeout: java.lang.reflect.InvocationTargetException
04-11 16:13:33.661   611   611 E DrmWidevineDash: tz api security patch level =  0
04-11 16:13:33.685   611   611 D WVCdm   : PrepareKeyRequest: nonce=1367996159
04-11 16:13:33.689  3081  5575 W Conscrypt: 	at java.lang.reflect.Method.invoke(Native Method)
04-11 16:13:33.689  3081  5575 W Conscrypt: 	at com.google.android.gms.org.conscrypt.Platform.setSocketWriteTimeout(:com.google.android.gms@12521050@12.5.21 (090400-189987672):13)
04-11 16:13:33.689  3081  5575 W Conscrypt: Caused by: android.system.ErrnoException: setsockopt failed: EBADF (Bad file descriptor)
04-11 16:13:33.691   353  5390 D Magisk  : su: return code: [0]
04-11 16:13:33.693  3081  5575 W Conscrypt: 	at libcore.io.Linux.setsockoptTimeval(Native Method)
04-11 16:13:33.693  3081  5575 W Conscrypt: 	at libcore.io.ForwardingOs.setsockoptTimeval(ForwardingOs.java:175)
04-11 16:13:33.697   353  5485 D Magisk  : su: return code: [0]
04-11 16:13:33.698   353  4630 D Magisk  : su: return code: [0]
04-11 16:13:33.699  3081  5432 I GCoreUlr: GMS FLP location updates requested: {"description":"stationary","newRequest":true,"samplePeriodMs":2160000,"sampleReason":"stationary","sampleSource":"internal","timestampMs":1523477612684}
04-11 16:13:33.710   353  5495 D Magisk  : su: return code: [0]
04-11 16:13:33.711   353  5500 D Magisk  : su: return code: [0]
04-11 16:13:33.717  3081  5432 I GCoreUlr: GMS AR updates requested: UlrSampleSpec{mSamplePeriodMs=2160000, mSampleMinMillis=15000, mActivitySampleMillis=240000, mMaxWaitTimeMillis=2160000, mSourcePackage=10030:com.google.android.gms}
04-11 16:13:33.727   353  5557 D Magisk  : su: return code: [0]
04-11 16:13:33.736  3587  5781 W Conscrypt: Could not set socket write timeout: java.lang.reflect.InvocationTargetException
04-11 16:13:33.772  3587  5781 W Conscrypt: 	at java.lang.reflect.Method.invoke(Native Method)
04-11 16:13:33.772  3587  5781 W Conscrypt: 	at com.google.android.gms.org.conscrypt.Platform.setSocketWriteTimeout(:com.google.android.gms@12521050@12.5.21 (090400-189987672):13)
04-11 16:13:33.772  3587  5781 W Conscrypt: Caused by: android.system.ErrnoException: setsockopt failed: EBADF (Bad file descriptor)
04-11 16:13:33.772  3587  5781 W Conscrypt: 	at libcore.io.Linux.setsockoptTimeval(Native Method)
04-11 16:13:33.772  3587  5781 W Conscrypt: 	at libcore.io.ForwardingOs.setsockoptTimeval(ForwardingOs.java:175)
04-11 16:13:33.840  3081  5432 I GCoreUlr: Place inference reporting - start for null
04-11 16:13:33.844  5923  5923 I dex2oat : The ClassLoaderContext is a special shared library.
04-11 16:13:33.845  5923  5923 I dex2oat : /system/bin/dex2oat -j4 --dex-file=/data/data/com.google.android.gms/app_fb/f.apk --output-vdex-fd=52 --oat-fd=54 --oat-location=/data/data/com.google.android.gms/app_fb/oat/arm64/f.odex --compiler-filter=quicken --class-loader-context=&
04-11 16:13:33.890  3587  5108 I CastDatabase: Opening the database
04-11 16:13:33.933  5807  5807 I /system/bin/app_process: The ClassLoaderContext is a special shared library.
04-11 16:13:34.005  3081  5432 I GCoreUlr: Place inference reporting - start for Account {name=zackptg5@gmail.com, type=com.google}
04-11 16:13:34.072  3587  5108 I SQLiteCastStore: 0 CastNetworkInfo instances loaded, 0 CastDeviceInfo instances loaded, 0 paired guest mode devices loaded.
04-11 16:13:34.118  5807  5807 D AndroidRuntime: Calling main entry com.android.commands.am.Am
04-11 16:13:34.130  1866  2568 I zygote64: Explicit concurrent copying GC freed 8369(624KB) AllocSpace objects, 0(0B) LOS objects, 49% free, 5MB/11MB, paused 22.470ms total 1.063s
04-11 16:13:34.145  1866  1941 I zygote64: WaitForGcToComplete blocked ProfileSaver on HeapTrim for 859.846ms
04-11 16:13:34.285  3081  3457 W GCoreFlp: No location to return for getLastLocation()
04-11 16:13:34.287  3081  3457 W GCoreFlp: No location to return for getLastLocation()
04-11 16:13:34.376  3081  5432 I GCoreUlr: Starting service, intent=Intent { act=com.google.android.location.internal.GMS_NLP pkg=com.google.android.gms (has extras) }, extras=Bundle[{nlp.WIFI_SCAN_INTENT=PendingIntent{64e9a0: android.os.BinderProxy@be66959}}]
04-11 16:13:34.422  5923  5923 I dex2oat : dex2oat took 580.269ms (209.687ms cpu) (threads: 4) arena alloc=6KB (6152B) java alloc=32KB (32784B) native alloc=995KB (1019744B) free=1564KB (1601696B)
04-11 16:13:34.430  1866  1883 I zygote64: Do full code cache collection, code=248KB, data=172KB
04-11 16:13:34.431  1866  1883 I zygote64: After code cache collection, code=210KB, data=118KB
04-11 16:13:34.436  5224  5256 I zygote64: The ClassLoaderContext is a special shared library.
04-11 16:13:34.450  5224  5256 I Adreno  : QUALCOMM build                   : 8e59954, I0be83d0d26
04-11 16:13:34.450  5224  5256 I Adreno  : Build Date                       : 09/22/17
04-11 16:13:34.450  5224  5256 I Adreno  : OpenGL ES Shader Compiler Version: EV031.21.02.00
04-11 16:13:34.450  5224  5256 I Adreno  : Local Branch                     : O17A
04-11 16:13:34.450  5224  5256 I Adreno  : Remote Branch                    : 
04-11 16:13:34.450  5224  5256 I Adreno  : Remote Branch                    : 
04-11 16:13:34.450  5224  5256 I Adreno  : Reconstruct Branch               : 
04-11 16:13:34.453  5224  5256 D vndksupport: Loading /vendor/lib64/hw/gralloc.msm8992.so from current namespace instead of sphal namespace.
04-11 16:13:34.462  5224  5256 I Adreno  : PFP: 0x00000000, ME: 0x00000000
04-11 16:13:34.465  5224  5256 I zygote64: android::hardware::configstore::V1_0::ISurfaceFlingerConfigs::hasWideColorDisplay retrieved: 0
04-11 16:13:34.482  3081  3534 I Places  : ?: Couldn't find platform key file.
04-11 16:13:34.535  3232  3245 I zygote64: Do full code cache collection, code=125KB, data=84KB
04-11 16:13:34.537  3232  3245 I zygote64: After code cache collection, code=97KB, data=52KB
04-11 16:13:34.568  5224  5256 I Adreno  : QUALCOMM build                   : 8e59954, I0be83d0d26
04-11 16:13:34.568  5224  5256 I Adreno  : Build Date                       : 09/22/17
04-11 16:13:34.568  5224  5256 I Adreno  : OpenGL ES Shader Compiler Version: EV031.21.02.00
04-11 16:13:34.568  5224  5256 I Adreno  : Local Branch                     : O17A
04-11 16:13:34.568  5224  5256 I Adreno  : Remote Branch                    : 
04-11 16:13:34.568  5224  5256 I Adreno  : Remote Branch                    : 
04-11 16:13:34.568  5224  5256 I Adreno  : Reconstruct Branch               : 
04-11 16:13:34.573  5224  5256 D vndksupport: Loading /vendor/lib64/hw/gralloc.msm8992.so from current namespace instead of sphal namespace.
04-11 16:13:34.573   818  3181 I chatty  : uid=1000(system) Binder:818_C expire 1 line
04-11 16:13:34.575   818  2346 I chatty  : uid=1000(system) Binder:818_5 expire 2 lines
04-11 16:13:34.579  3587  3587 I CastSocket: 27 >= 18. Adding new CastClientAuthKeyManager.
04-11 16:13:34.585  5224  5256 I Adreno  : PFP: 0x00000000, ME: 0x00000000
04-11 16:13:34.587  5224  5256 I zygote64: android::hardware::configstore::V1_0::ISurfaceFlingerConfigs::hasWideColorDisplay retrieved: 0
04-11 16:13:34.588   818  2433 I chatty  : uid=1000(system) Binder:818_6 expire 1 line
04-11 16:13:34.591  3081  3457 I GCoreUlr: Starting service, intent=Intent { act=com.google.android.location.reporting.WIFI_TRIGGERED_UPLOAD cmp=com.google.android.gms/com.google.android.location.reporting.service.DispatchingService }, extras=null
04-11 16:13:34.601  3587  3587 I DiscoveryManager: WifiGuestModeDeviceScanner enabled.
04-11 16:13:34.601  3081  5575 W Conscrypt: Could not set socket write timeout: java.lang.reflect.InvocationTargetException
04-11 16:13:34.605  3081  5575 W Conscrypt: 	at java.lang.reflect.Method.invoke(Native Method)
04-11 16:13:34.605  3081  5575 W Conscrypt: 	at com.google.android.gms.org.conscrypt.Platform.setSocketWriteTimeout(:com.google.android.gms@12521050@12.5.21 (090400-189987672):13)
04-11 16:13:34.611  3081  5575 W Conscrypt: Caused by: android.system.ErrnoException: setsockopt failed: EBADF (Bad file descriptor)
04-11 16:13:34.611  3081  5575 W Conscrypt: 	at libcore.io.Linux.setsockoptTimeval(Native Method)
04-11 16:13:34.611  3081  5575 W Conscrypt: 	at libcore.io.ForwardingOs.setsockoptTimeval(ForwardingOs.java:175)
04-11 16:13:34.619  3587  3587 V MediaRouter: Adding route: RouteInfo{ name=Phone, description=null, status=null, category=RouteCategory{ name=System types=ROUTE_TYPE_LIVE_AUDIO ROUTE_TYPE_LIVE_VIDEO  groupable=false }, supportedTypes=ROUTE_TYPE_LIVE_AUDIO ROUTE_TYPE_LIVE_VIDEO , presentationDisplay=null }
04-11 16:13:34.630  3587  3587 V MediaRouter: Selecting route: RouteInfo{ name=Phone, description=null, status=null, category=RouteCategory{ name=System types=ROUTE_TYPE_LIVE_AUDIO ROUTE_TYPE_LIVE_VIDEO  groupable=false }, supportedTypes=ROUTE_TYPE_LIVE_AUDIO ROUTE_TYPE_LIVE_VIDEO , presentationDisplay=null }
04-11 16:13:34.638  3587  3587 I MediaRouter: Found default route: MediaRouter.RouteInfo{ uniqueId=android/acb:DEFAULT_ROUTE, name=Phone, description=null, iconUri=null, enabled=true, connecting=false, connectionState=0, canDisconnect=false, playbackType=0, playbackStream=3, deviceType=0, volumeHandling=1, volume=20, volumeMax=30, presentationDisplayId=-1, extras=null, settingsIntent=null, providerPackageName=android }
04-11 16:13:34.638  3587  3587 I MediaRouter: Unselecting the current route because it is no longer selectable: null
04-11 16:13:34.662   818   833 I ActivityManager: Killing 4227:com.android.providers.calendar/u0a5 (adj 906): empty #17
04-11 16:13:34.670  3587  3593 I zygote64: Do partial code cache collection, code=123KB, data=86KB
04-11 16:13:34.670  3587  3593 I zygote64: After code cache collection, code=123KB, data=86KB
04-11 16:13:34.670  3587  3593 I zygote64: Increasing code cache capacity to 512KB
04-11 16:13:34.694  3587  3587 V MediaRouter: Selecting route: RouteInfo{ name=Phone, description=null, status=null, category=RouteCategory{ name=System types=ROUTE_TYPE_LIVE_AUDIO ROUTE_TYPE_LIVE_VIDEO  groupable=false }, supportedTypes=ROUTE_TYPE_LIVE_AUDIO ROUTE_TYPE_LIVE_VIDEO , presentationDisplay=null }
04-11 16:13:34.695  3081  3081 I WearableService: Wearable Services stopping
04-11 16:13:34.697  5325  5325 D EntryBroadcastReceiver: onReceive android.intent.action.SIM_STATE_CHANGED
04-11 16:13:34.706  3081  3081 I GeofencerStateMachine: removeGeofences: removeRequest=RemoveGeofencingRequest[REMOVE_BY_PENDING_INTENT pendingIntent=PendingIntent[creatorPackage=com.google.android.gms], packageName=null]
04-11 16:13:34.721  3081  3081 I GeofencerStateMachine: removeGeofences: removeRequest=RemoveGeofencingRequest[REMOVE_BY_PENDING_INTENT pendingIntent=PendingIntent[creatorPackage=com.google.android.gms], packageName=null]
04-11 16:13:34.761   818  3167 I ActivityManager: Start proc 5949:com.verizon.omadm/u0a12 for broadcast com.verizon.omadm/.DMConfigReceiver
04-11 16:13:34.784  3081  3534 I GCoreUlr: Not uploading first location since start (in case we're in restart loop)
04-11 16:13:34.792  3587  5266 I CheckinUtil: Classify the device as Phone.
